Component: ARM Compiler 5.06 update 6 (build 750) Tool: armlink [4d35ed]

==============================================================================

Section Cross References

    startup_stm32h723xx.o(STACK) refers (Special) to heapauxi.o(.text) for __use_two_region_memory
    startup_stm32h723xx.o(HEAP) refers (Special) to heapauxi.o(.text) for __use_two_region_memory
    startup_stm32h723xx.o(RESET) refers (Special) to heapauxi.o(.text) for __use_two_region_memory
    startup_stm32h723xx.o(RESET) refers to startup_stm32h723xx.o(STACK) for __initial_sp
    startup_stm32h723xx.o(RESET) refers to startup_stm32h723xx.o(.text) for Reset_Handler
    startup_stm32h723xx.o(RESET) refers to stm32h7xx_it.o(i.NMI_Handler) for NMI_Handler
    startup_stm32h723xx.o(RESET) refers to stm32h7xx_it.o(i.HardFault_Handler) for HardFault_Handler
    startup_stm32h723xx.o(RESET) refers to stm32h7xx_it.o(i.MemManage_Handler) for MemManage_Handler
    startup_stm32h723xx.o(RESET) refers to stm32h7xx_it.o(i.BusFault_Handler) for BusFault_Handler
    startup_stm32h723xx.o(RESET) refers to stm32h7xx_it.o(i.UsageFault_Handler) for UsageFault_Handler
    startup_stm32h723xx.o(RESET) refers to port.o(.emb_text) for SVC_Handler
    startup_stm32h723xx.o(RESET) refers to stm32h7xx_it.o(i.DebugMon_Handler) for DebugMon_Handler
    startup_stm32h723xx.o(RESET) refers to cmsis_os2.o(i.SysTick_Handler) for SysTick_Handler
    startup_stm32h723xx.o(RESET) refers to stm32h7xx_it.o(i.DMA1_Stream0_IRQHandler) for DMA1_Stream0_IRQHandler
    startup_stm32h723xx.o(RESET) refers to stm32h7xx_it.o(i.DMA1_Stream1_IRQHandler) for DMA1_Stream1_IRQHandler
    startup_stm32h723xx.o(RESET) refers to stm32h7xx_it.o(i.DMA1_Stream2_IRQHandler) for DMA1_Stream2_IRQHandler
    startup_stm32h723xx.o(RESET) refers to stm32h7xx_it.o(i.DMA1_Stream3_IRQHandler) for DMA1_Stream3_IRQHandler
    startup_stm32h723xx.o(RESET) refers to stm32h7xx_it.o(i.DMA1_Stream4_IRQHandler) for DMA1_Stream4_IRQHandler
    startup_stm32h723xx.o(RESET) refers to stm32h7xx_it.o(i.DMA1_Stream5_IRQHandler) for DMA1_Stream5_IRQHandler
    startup_stm32h723xx.o(RESET) refers to stm32h7xx_it.o(i.DMA1_Stream6_IRQHandler) for DMA1_Stream6_IRQHandler
    startup_stm32h723xx.o(RESET) refers to stm32h7xx_it.o(i.FDCAN1_IT0_IRQHandler) for FDCAN1_IT0_IRQHandler
    startup_stm32h723xx.o(RESET) refers to stm32h7xx_it.o(i.FDCAN2_IT0_IRQHandler) for FDCAN2_IT0_IRQHandler
    startup_stm32h723xx.o(RESET) refers to stm32h7xx_it.o(i.TIM1_UP_IRQHandler) for TIM1_UP_IRQHandler
    startup_stm32h723xx.o(RESET) refers to stm32h7xx_it.o(i.USART1_IRQHandler) for USART1_IRQHandler
    startup_stm32h723xx.o(RESET) refers to stm32h7xx_it.o(i.USART3_IRQHandler) for USART3_IRQHandler
    startup_stm32h723xx.o(RESET) refers to stm32h7xx_it.o(i.DMA1_Stream7_IRQHandler) for DMA1_Stream7_IRQHandler
    startup_stm32h723xx.o(RESET) refers to stm32h7xx_it.o(i.UART4_IRQHandler) for UART4_IRQHandler
    startup_stm32h723xx.o(RESET) refers to stm32h7xx_it.o(i.DMA2_Stream0_IRQHandler) for DMA2_Stream0_IRQHandler
    startup_stm32h723xx.o(RESET) refers to stm32h7xx_it.o(i.DMA2_Stream1_IRQHandler) for DMA2_Stream1_IRQHandler
    startup_stm32h723xx.o(RESET) refers to stm32h7xx_it.o(i.DMA2_Stream2_IRQHandler) for DMA2_Stream2_IRQHandler
    startup_stm32h723xx.o(RESET) refers to stm32h7xx_it.o(i.UART7_IRQHandler) for UART7_IRQHandler
    startup_stm32h723xx.o(RESET) refers to stm32h7xx_it.o(i.UART8_IRQHandler) for UART8_IRQHandler
    startup_stm32h723xx.o(RESET) refers to stm32h7xx_it.o(i.FDCAN3_IT0_IRQHandler) for FDCAN3_IT0_IRQHandler
    startup_stm32h723xx.o(.text) refers (Special) to heapauxi.o(.text) for __use_two_region_memory
    startup_stm32h723xx.o(.text) refers to system_stm32h7xx.o(i.SystemInit) for SystemInit
    startup_stm32h723xx.o(.text) refers to __main.o(!!!main) for __main
    startup_stm32h723xx.o(.text) refers to startup_stm32h723xx.o(HEAP) for Heap_Mem
    startup_stm32h723xx.o(.text) refers to startup_stm32h723xx.o(STACK) for Stack_Mem
    main.o(i.HAL_TIM_PeriodElapsedCallback) refers to stm32h7xx_hal.o(i.HAL_IncTick) for HAL_IncTick
    main.o(i.PeriphCommonClock_Config) refers to rt_memclr_w.o(.text) for __aeabi_memclr4
    main.o(i.PeriphCommonClock_Config) refers to stm32h7xx_hal_rcc_ex.o(i.HAL_RCCEx_PeriphCLKConfig) for HAL_RCCEx_PeriphCLKConfig
    main.o(i.PeriphCommonClock_Config) refers to main.o(i.Error_Handler) for Error_Handler
    main.o(i.SystemClock_Config) refers to rt_memclr_w.o(.text) for __aeabi_memclr4
    main.o(i.SystemClock_Config) refers to stm32h7xx_hal_pwr_ex.o(i.HAL_PWREx_ConfigSupply) for HAL_PWREx_ConfigSupply
    main.o(i.SystemClock_Config) refers to stm32h7xx_hal_rcc.o(i.HAL_RCC_OscConfig) for HAL_RCC_OscConfig
    main.o(i.SystemClock_Config) refers to main.o(i.Error_Handler) for Error_Handler
    main.o(i.SystemClock_Config) refers to stm32h7xx_hal_rcc.o(i.HAL_RCC_ClockConfig) for HAL_RCC_ClockConfig
[...]
    aaaa                                     0x24000165   Data           1  gimbal_task.o(.data)
    flag                                     0x24000166   Data           2  gimbal_task.o(.data)
    up                                       0x24000168   Data           1  gimbal_task.o(.data)
    down                                     0x24000169   Data           1  gimbal_task.o(.data)
    sign_                                    0x2400016a   Data           1  gimbal_task.o(.data)
    down_angle                               0x2400016b   Data           1  gimbal_task.o(.data)
    angle_                                   0x2400016c   Data           4  gimbal_task.o(.data)
    Q                                        0x24000170   Data           4  gimbal_task.o(.data)
    R                                        0x24000174   Data           4  gimbal_task.o(.data)
    yaw_kalman_data                          0x24000178   Data           4  gimbal_task.o(.data)
    last_aim_target                          0x2400017c   Data           4  gimbal_task.o(.data)
    filter_aim_yaw_target                    0x24000180   Data           4  gimbal_task.o(.data)
    feedforward                              0x24000184   Data           4  gimbal_task.o(.data)
    last_in                                  0x24000188   Data           4  gimbal_task.o(.data)
    T                                        0x2400018c   Data           4  gimbal_task.o(.data)
    last_in_pitch                            0x24000190   Data           4  gimbal_task.o(.data)
    is_HighShootFrequency                    0x24000194   Data           1  gimbal_task.o(.data)
    DWT_Count                                0x240001ac   Data           4  message_task.o(.data)
    DWT_dt                                   0x240001b0   Data           4  message_task.o(.data)
    UI_Send                                  0x240001f8   Data           1  uidraw_task.o(.data)
    SysTime                                  0x24000200   Data           8  bsp_dwt.o(.data)
    CYCCNT64                                 0x24000220   Data           8  bsp_dwt.o(.data)
    CRC_INIT                                 0x24000240   Data           2  protocol_crc.o(.data)
    level_group                              0x2400024c   Data          40  protocol_judgement.o(.data)
    HP_group                                 0x24000274   Data          40  protocol_judgement.o(.data)
    power_group1                             0x2400029c   Data          40  protocol_judgement.o(.data)
    power_group2                             0x240002c4   Data          40  protocol_judgement.o(.data)
    PID                                      0x240002f0   Data           1  algorithm_pid.o(.data)
    Power                                    0x24000308   Data           4  chassis_power_control.o(.data)
    Power1                                   0x2400030c   Data           4  chassis_power_control.o(.data)
    powermax                                 0x24000310   Data           4  chassis_power_control.o(.data)
    k1                                       0x24000314   Data           4  chassis_power_control.o(.data)
    hfdcan1                                  0x24000318   Data         160  fdcan.o(.bss)
    hfdcan2                                  0x240003b8   Data         160  fdcan.o(.bss)
    hfdcan3                                  0x24000458   Data         160  fdcan.o(.bss)
    htim2                                    0x240004f8   Data          76  tim.o(.bss)
    htim3                                    0x24000544   Data          76  tim.o(.bss)
    htim4                                    0x24000590   Data          76  tim.o(.bss)
    hdma_tim3_ch1                            0x240005dc   Data         120  tim.o(.bss)
    huart4                                   0x24000654   Data         148  usart.o(.bss)
    huart7                                   0x240006e8   Data         148  usart.o(.bss)
    huart8                                   0x2400077c   Data         148  usart.o(.bss)
    huart1                                   0x24000810   Data         148  usart.o(.bss)
    huart3                                   0x240008a4   Data         148  usart.o(.bss)
    hdma_uart4_rx                            0x24000938   Data         120  usart.o(.bss)
    hdma_uart4_tx                            0x240009b0   Data         120  usart.o(.bss)
    hdma_uart7_rx                            0x24000a28   Data         120  usart.o(.bss)
    hdma_uart7_tx                            0x24000aa0   Data         120  usart.o(.bss)
    hdma_uart8_rx                            0x24000b18   Data         120  usart.o(.bss)
    hdma_uart8_tx                            0x24000b90   Data         120  usart.o(.bss)
    hdma_usart1_rx                           0x24000c08   Data         120  usart.o(.bss)
    hdma_usart1_tx                           0x24000c80   Data         120  usart.o(.bss)
    hdma_usart3_rx                           0x24000cf8   Data         120  usart.o(.bss)
    hdma_usart3_tx                           0x24000d70   Data         120  usart.o(.bss)
    htim1                                    0x24000de8   Data          76  stm32h7xx_hal_timebase_tim.o(.bss)
    xQueueRegistry                           0x24000e34   Data          64  queue.o(.bss)
    Chassis                                  0x24005708   Data        1200  chassis_task.o(.bss)
    sentry_cmd_struct                        0x24005bb8   Data          19  correspond_task.o(.bss)
    ch                                       0x24005bcc   Data          60  correspond_task.o(.bss)
    set_bo                                   0x24005c08   Data          60  correspond_task.o(.bss)
    Corres                                   0x24005c44   Data         744  correspond_task.o(.bss)
    Gimbal                                   0x24005f2c   Data        2856  gimbal_task.o(.bss)
    Guard                                    0x24006a54   Data         648  guard_task.o(.bss)
    Message                                  0x24006cdc   Data         768  message_task.o(.bss)
    UIDraw                                   0x24006fe0   Data         160  uidraw_task.o(.bss)
    Serial_Cmd                               0x24007080   Data          84  app_serial.o(.bss)
    judgedata                                0x240070d4   Data         200  app_serial.o(.bss)
    CAN_Cmd                                  0x2400719c   Data         152  app_motor.o(.bss)
    ID_Data                                  0x24007234   Data         144  app_preference.o(.bss)
    CAN1_Ctrl                                0x2400ba94   Data         120  dev_can.o(.bss)
    CAN2_Ctrl                                0x2400bb0c   Data         120  dev_can.o(.bss)
    CAN3_Ctrl                                0x2400bb84   Data         120  dev_can.o(.bss)
    Serial1_Ctrl                             0x2400bbfc   Data          28  dev_serial.o(.bss)
    Serial3_Ctrl                             0x2400bc18   Data          28  dev_serial.o(.bss)
    Serial4_Ctrl                             0x2400bc34   Data          28  dev_serial.o(.bss)
    Serial7_Ctrl                             0x2400bc50   Data          28  dev_serial.o(.bss)
    Serial8_Ctrl                             0x2400bc6c   Data          28  dev_serial.o(.bss)
    RC_ctrl                                  0x2400bc88   Data          22  protocol_dbus.o(.bss)
    judge_type                               0x2400bc9e   Data         168  protocol_judgement.o(.bss)
    ext_client_custom_graphic_single         0x2400bd46   Data          21  protocol_ui.o(.bss)
    graphic_delete                           0x2400bd5b   Data          17  protocol_ui.o(.bss)
    ext_client_custom_characte               0x2400bd6c   Data          45  protocol_ui.o(.bss)
    draw_data_struct                         0x2400bd99   Data         120  protocol_ui.o(.bss)
    char_data_struct                         0x2400be11   Data          60  protocol_ui.o(.bss)
    graph_data_struct                        0x2400be4d   Data          30  protocol_ui.o(.bss)
    num_data_struct                          0x2400be6b   Data          30  protocol_ui.o(.bss)
    map_data_struct                          0x2400be89   Data          23  protocol_ui.o(.bss)
    MA_UIgraphic_struct                      0x2400bea0   Data         120  protocol_ui.o(.bss)
    MA_UInumber_struct                       0x2400bf18   Data         120  protocol_ui.o(.bss)
    judgeTX_buf                              0x2400bf90   Data         255  protocol_ui.o(.bss)
    __libspace_start                         0x2400c090   Data          96  libspace.o(.bss)
    __temporary_stack_top$libspace           0x2400c0f0   Data           0  libspace.o(.bss)



==============================================================================

Memory Map of the image

  Image Entry point : 0x080002cd

  Load Region LR_IROM1 (Base: 0x08000000, Size: 0x00014e40, Max: 0x00100000, ABSOLUTE, COMPRESSED[0x00014bcc])

    Execution Region ER_IROM1 (Exec base: 0x08000000, Load base: 0x08000000, Size: 0x00014b28, Max: 0x00100000, ABSOLUTE)

    Exec Addr    Load Addr    Size         Type   Attr      Idx    E Section Name        Object

    0x08000000   0x08000000   0x000002cc   Data   RO            3    RESET               startup_stm32h723xx.o
    0x080002cc   0x080002cc   0x00000008   Code   RO        11383  * !!!main             c_w.l(__main.o)
    0x080002d4   0x080002d4   0x00000034   Code   RO        11900    !!!scatter          c_w.l(__scatter.o)
    0x08000308   0x08000308   0x0000005a   Code   RO        11898    !!dczerorl2         c_w.l(__dczerorl2.o)
    0x08000362   0x08000362   0x00000002   PAD
    0x08000364   0x08000364   0x0000001c   Code   RO        11902    !!handler_zi        c_w.l(__scatter_zi.o)
    0x08000380   0x08000380   0x00000002   Code   RO        11806    .ARM.Collect$$libinit$$00000000  c_w.l(libinit.o)
    0x08000382   0x08000382   0x00000004   Code   RO        11502    .ARM.Collect$$libinit$$00000001  c_w.l(libinit2.o)
    0x08000386   0x08000386   0x00000000   Code   RO        11505    .ARM.Collect$$libinit$$00000004  c_w.l(libinit2.o)
    0x08000386   0x08000386   0x00000008   Code   RO        11506    .ARM.Collect$$libinit$$00000005  c_w.l(libinit2.o)
    0x0800038e   0x0800038e   0x00000000   Code   RO        11508    .ARM.Collect$$libinit$$0000000A  c_w.l(libinit2.o)
    0x0800038e   0x0800038e   0x00000000   Code   RO        11510    .ARM.Collect$$libinit$$0000000C  c_w.l(libinit2.o)
    0x0800038e   0x0800038e   0x00000000   Code   RO        11512    .ARM.Collect$$libinit$$0000000E  c_w.l(libinit2.o)
    0x0800038e   0x0800038e   0x00000000   Code   RO        11515    .ARM.Collect$$libinit$$00000011  c_w.l(libinit2.o)
    0x0800038e   0x0800038e   0x00000000   Code   RO        11517    .ARM.Collect$$libinit$$00000013  c_w.l(libinit2.o)
    0x0800038e   0x0800038e   0x00000000   Code   RO        11519    .ARM.Collect$$libinit$$00000015  c_w.l(libinit2.o)
    0x0800038e   0x0800038e   0x00000000   Code   RO        11521    .ARM.Collect$$libinit$$00000017  c_w.l(libinit2.o)
    0x0800038e   0x0800038e   0x00000000   Code   RO        11523    .ARM.Collect$$libinit$$00000019  c_w.l(libinit2.o)
    0x0800038e   0x0800038e   0x00000000   Code   RO        11525    .ARM.Collect$$libinit$$0000001B  c_w.l(libinit2.o)
    0x0800038e   0x0800038e   0x00000000   Code   RO        11527    .ARM.Collect$$libinit$$0000001D  c_w.l(libinit2.o)
    0x0800038e   0x0800038e   0x00000000   Code   RO        11529    .ARM.Collect$$libinit$$0000001F  c_w.l(libinit2.o)
    0x0800038e   0x0800038e   0x00000000   Code   RO        11531    .ARM.Collect$$libinit$$00000021  c_w.l(libinit2.o)
    0x0800038e   0x0800038e   0x00000000   Code   RO        11533    .ARM.Collect$$libinit$$00000023  c_w.l(libinit2.o)
    0x0800038e   0x0800038e   0x00000000   Code   RO        11535    .ARM.Collect$$libinit$$00000025  c_w.l(libinit2.o)
    0x0800038e   0x0800038e   0x00000000   Code   RO        11539    .ARM.Collect$$libinit$$0000002C  c_w.l(libinit2.o)
    0x0800038e   0x0800038e   0x00000000   Code   RO        11541    .ARM.Collect$$libinit$$0000002E  c_w.l(libinit2.o)
    0x0800038e   0x0800038e   0x00000000   Code   RO        11543    .ARM.Collect$$libinit$$00000030  c_w.l(libinit2.o)
    0x0800038e   0x0800038e   0x00000004   Code   RO        11544    .ARM.Collect$$libinit$$00000031  c_w.l(libinit2.o)
    0x08000392   0x08000392   0x00000000   Code   RO        11545    .ARM.Collect$$libinit$$00000032  c_w.l(libinit2.o)
    0x08000392   0x08000392   0x00000002   Code   RO        11546    .ARM.Collect$$libinit$$00000033  c_w.l(libinit2.o)
    0x08000394   0x08000394   0x00000002   Code   RO        11895    .ARM.Collect$$libshutdown$$00000000  c_w.l(libshutdown.o)
    0x08000396   0x08000396   0x00000006   Code   RO        11630    .ARM.Collect$$libshutdown$$00000001  c_w.l(libshutdown2.o)
    0x0800039c   0x0800039c   0x00000000   Code   RO        11631    .ARM.Collect$$libshutdown$$00000002  c_w.l(libshutdown2.o)
    0x0800039c   0x0800039c   0x00000000   Code   RO        11633    .ARM.Collect$$libshutdown$$00000004  c_w.l(libshutdown2.o)
    0x0800039c   0x0800039c   0x00000000   Code   RO        11636    .ARM.Collect$$libshutdown$$00000007  c_w.l(libshutdown2.o)
    0x0800039c   0x0800039c   0x00000000   Code   RO        11639    .ARM.Collect$$libshutdown$$0000000A  c_w.l(libshutdown2.o)
    0x0800039c   0x0800039c   0x00000000   Code   RO        11641    .ARM.Collect$$libshutdown$$0000000C  c_w.l(libshutdown2.o)
    0x0800039c   0x0800039c   0x00000000   Code   RO        11644    .ARM.Collect$$libshutdown$$0000000F  c_w.l(libshutdown2.o)
    0x0800039c   0x0800039c   0x00000002   Code   RO        11645    .ARM.Collect$$libshutdown$$00000010  c_w.l(libshutdown2.o)
    0x0800039e   0x0800039e   0x00000000   Code   RO        11455    .ARM.Collect$$rtentry$$00000000  c_w.l(__rtentry.o)
    0x0800039e   0x0800039e   0x00000000   Code   RO        11592    .ARM.Collect$$rtentry$$00000002  c_w.l(__rtentry2.o)
    0x0800039e   0x0800039e   0x00000006   Code   RO        11604    .ARM.Collect$$rtentry$$00000004  c_w.l(__rtentry4.o)
    0x080003a4   0x080003a4   0x00000000   Code   RO        11594    .ARM.Collect$$rtentry$$00000009  c_w.l(__rtentry2.o)
    0x080003a4   0x080003a4   0x00000004   Code   RO        11595    .ARM.Collect$$rtentry$$0000000A  c_w.l(__rtentry2.o)
    0x080003a8   0x080003a8   0x00000000   Code   RO        11597    .ARM.Collect$$rtentry$$0000000C  c_w.l(__rtentry2.o)
    0x080003a8   0x080003a8   0x00000008   Code   RO        11598    .ARM.Collect$$rtentry$$0000000D  c_w.l(__rtentry2.o)
    0x080003b0   0x080003b0   0x00000002   Code   RO        11835    .ARM.Collect$$rtexit$$00000000  c_w.l(rtexit.o)
    0x080003b2   0x080003b2   0x00000000   Code   RO        11871    .ARM.Collect$$rtexit$$00000002  c_w.l(rtexit2.o)
    0x080003b2   0x080003b2   0x00000004   Code   RO        11872    .ARM.Collect$$rtexit$$00000003  c_w.l(rtexit2.o)
    0x080003b6   0x080003b6   0x00000006   Code   RO        11873    .ARM.Collect$$rtexit$$00000004  c_w.l(rtexit2.o)
    0x080003bc   0x080003bc   0x000000be   Code   RO         7236    .emb_text           port.o
    0x0800047a   0x0800047a   0x00000002   PAD
    0x0800047c   0x0800047c   0x00000000   Code   RO        11615    .emb_text           c_w.l(maybetermalloc1.o)
    0x0800047c   0x0800047c   0x00000040   Code   RO            4    .text               startup_stm32h723xx.o
    0x080004bc   0x080004bc   0x00000078   Code   RO        10997    .text               arm_cortexM4lf_math.lib(arm_cos_f32.o)
    0x08000534   0x08000534   0x00000074   Code   RO        11050    .text               arm_cortexM4lf_math.lib(arm_sin_f32.o)
    0x080005a8   0x080005a8   0x0000005e   Code   RO        11303    .text               c_w.l(h1_alloc.o)
    0x08000606   0x08000606   0x0000004e   Code   RO        11305    .text               c_w.l(h1_free.o)
    0x08000654   0x08000654   0x000000ee   Code   RO        11361    .text               c_w.l(lludivv7m.o)
    0x08000742   0x08000742   0x0000002e   Code   RO        11366    .text               c_w.l(aeabi_atexit.o)
    0x08000770   0x08000770   0x0000008a   Code   RO        11369    .text               c_w.l(rt_memcpy_v6.o)
    0x080007fa   0x080007fa   0x00000064   Code   RO        11371    .text               c_w.l(rt_memcpy_w.o)
    0x0800085e   0x0800085e   0x00000010   Code   RO        11375    .text               c_w.l(aeabi_memset.o)
    0x0800086e   0x0800086e   0x00000044   Code   RO        11377    .text               c_w.l(rt_memclr.o)
    0x080008b2   0x080008b2   0x0000004e   Code   RO        11379    .text               c_w.l(rt_memclr_w.o)
    0x08000900   0x08000900   0x00000006   Code   RO        11381    .text               c_w.l(heapauxi.o)
    0x08000906   0x08000906   0x00000002   PAD
    0x08000908   0x08000908   0x00000024   Code   RO        11388    .text               c_w.l(init_aeabi.o)
    0x0800092c   0x0800092c   0x00000022   Code   RO        11399    .text               cpprt_w.l(aeabi_vec_dtor_noexceptions.o)
    0x0800094e   0x0800094e   0x00000002   PAD
    0x08000950   0x08000950   0x00000008   Code   RO        11463    .text               c_w.l(rt_heap_descriptor_intlibspace.o)
    0x08000958   0x08000958   0x00000008   Code   RO        11468    .text               c_w.l(rt_new_handler_addr_intlibspace.o)
    0x08000960   0x08000960   0x00000008   Code   RO        11473    .text               c_w.l(rt_ddtor_pointer_addr_intlibspace.o)
    0x08000968   0x08000968   0x00000004   Code   RO        11475    .text               c_w.l(hguard.o)
    0x0800096c   0x0800096c   0x0000008a   Code   RO        11477    .text               c_w.l(init_alloc.o)
    0x080009f6   0x080009f6   0x0000000e   Code   RO        11481    .text               c_w.l(h1_init.o)
    0x08000a04   0x08000a04   0x00000016   Code   RO        11495    .text               c_w.l(_rserrno.o)
    0x08000a1a   0x08000a1a   0x00000042   Code   RO        11497    .text               c_w.l(cxa_finalize.o)
    0x08000a5c   0x08000a5c   0x00000004   Code   RO        11550    .text               cpprt_w.l(arm_newhandler_noexceptions.o)
    0x08000a60   0x08000a60   0x00000008   Code   RO        11588    .text               c_w.l(libspace.o)
    0x08000a68   0x08000a68   0x00000008   Code   RO        11611    .text               c_w.l(rt_errno_addr_intlibspace.o)
    0x08000a70   0x08000a70   0x00000034   Code   RO        11617    .text               c_w.l(h1_extend.o)
    0x08000aa4   0x08000aa4   0x0000000e   Code   RO        11621    .text               c_w.l(defsig_rtmem_outer.o)
    0x08000ab2   0x08000ab2   0x0000001a   Code   RO        11768    .text               cpprt_w.l(arm_exceptions_terminate.o)
    0x08000acc   0x08000acc   0x00000002   Code   RO        11776    .text               c_w.l(use_no_semi.o)
    0x08000ace   0x08000ace   0x00000000   Code   RO        11778    .text               c_w.l(indicate_semi.o)
    0x08000ace   0x08000ace   0x0000004a   Code   RO        11779    .text               c_w.l(sys_stackheap_outer.o)
    0x08000b18   0x08000b18   0x00000012   Code   RO        11785    .text               c_w.l(exit.o)
    0x08000b2a   0x08000b2a   0x00000016   Code   RO        11787    .text               c_w.l(abort.o)
    0x08000b40   0x08000b40   0x0000000a   Code   RO        11789    .text               c_w.l(defsig_exit.o)
    0x08000b4a   0x08000b4a   0x00000002   PAD
    0x08000b4c   0x08000b4c   0x00000050   Code   RO        11795    .text               c_w.l(defsig_rtmem_inner.o)
    0x08000b9c   0x08000b9c   0x00000050   Code   RO        11823    .text               cpprt_w.l(arm_exceptions_globs.o)
    0x08000bec   0x08000bec   0x0000000c   Code   RO        11833    .text               c_w.l(sys_exit.o)
    0x08000bf8   0x08000bf8   0x00000008   Code   RO        11840    .text               c_w.l(rt_eh_globals_addr_intlibspace.o)
    0x08000c00   0x08000c00   0x00000032   Code   RO        11850    .text               c_w.l(defsig_general.o)
    0x08000c32   0x08000c32   0x0000000e   Code   RO        11852    .text               c_w.l(defsig_abrt_outer.o)
    0x08000c40   0x08000c40   0x0000003c   Code   RO        11861    .text               cpprt_w.l(arm_exceptions_mem.o)
    0x08000c7c   0x08000c7c   0x0000000e   Code   RO        11868    .text               c_w.l(sys_wrch.o)
    0x08000c8a   0x08000c8a   0x00000002   PAD
    0x08000c8c   0x08000c8c   0x00000030   Code   RO        11877    .text               c_w.l(defsig_abrt_inner.o)
    0x08000cbc   0x08000cbc   0x00000004   Code   RO          520    i.BusFault_Handler  stm32h7xx_it.o
    0x08000cc0   0x08000cc0   0x00000038   Code   RO         8541    i.CAN1_Rx_Task      message_task.o
    0x08000cf8   0x08000cf8   0x00000038   Code   RO         8542    i.CAN2_Rx_Task      message_task.o
    0x08000d30   0x08000d30   0x00000038   Code   RO         8543    i.CAN3_Rx_Task      message_task.o
    0x08000d68   0x08000d68   0x00000098   Code   RO         7316    i.Chassis_Task      chassis_task.o
    0x08000e00   0x08000e00   0x00000090   Code   RO         7937    i.Correspond_Task   correspond_task.o
    0x08000e90   0x08000e90   0x00000010   Code   RO          521    i.DMA1_Stream0_IRQHandler  stm32h7xx_it.o
    0x08000ea0   0x08000ea0   0x00000010   Code   RO          522    i.DMA1_Stream1_IRQHandler  stm32h7xx_it.o
    0x08000eb0   0x08000eb0   0x00000010   Code   RO          523    i.DMA1_Stream2_IRQHandler  stm32h7xx_it.o
    0x08000ec0   0x08000ec0   0x00000010   Code   RO          524    i.DMA1_Stream3_IRQHandler  stm32h7xx_it.o
    0x08000ed0   0x08000ed0   0x00000010   Code   RO          525    i.DMA1_Stream4_IRQHandler  stm32h7xx_it.o
    0x08000ee0   0x08000ee0   0x00000010   Code   RO          526    i.DMA1_Stream5_IRQHandler  stm32h7xx_it.o
    0x08000ef0   0x08000ef0   0x00000010   Code   RO          527    i.DMA1_Stream6_IRQHandler  stm32h7xx_it.o
    0x08000f00   0x08000f00   0x00000010   Code   RO          528    i.DMA1_Stream7_IRQHandler  stm32h7xx_it.o
    0x08000f10   0x08000f10   0x00000010   Code   RO          529    i.DMA2_Stream0_IRQHandler  stm32h7xx_it.o
    0x08000f20   0x08000f20   0x00000010   Code   RO          530    i.DMA2_Stream1_IRQHandler  stm32h7xx_it.o
    0x08000f30   0x08000f30   0x00000010   Code   RO          531    i.DMA2_Stream2_IRQHandler  stm32h7xx_it.o
    0x08000f40   0x08000f40   0x000000ec   Code   RO         2672    i.DMA_CalcBaseAndBitshift  stm32h7xx_hal_dma.o
    0x0800102c   0x0800102c   0x000000c4   Code   RO         2673    i.DMA_CalcDMAMUXChannelBaseAndMask  stm32h7xx_hal_dma.o
    0x080010f0   0x080010f0   0x00000098   Code   RO         2674    i.DMA_CalcDMAMUXRequestGenBaseAndMask  stm32h7xx_hal_dma.o
    0x08001188   0x08001188   0x000000ae   Code   RO         2675    i.DMA_CheckFifoParam  stm32h7xx_hal_dma.o
    0x08001236   0x08001236   0x00000002   PAD
    0x08001238   0x08001238   0x00000274   Code   RO         2676    i.DMA_SetConfig     stm32h7xx_hal_dma.o
    0x080014ac   0x080014ac   0x00000068   Code   RO         8544    i.DR16_Rx_Task      message_task.o
    0x08001514   0x08001514   0x0000004c   Code   RO         9817    i.DWT_GetDeltaT     bsp_dwt.o
    0x08001560   0x08001560   0x00000054   Code   RO         9820    i.DWT_GetTimeline_s  bsp_dwt.o
    0x080015b4   0x080015b4   0x00000068   Code   RO         9822    i.DWT_Init          bsp_dwt.o
    0x0800161c   0x0800161c   0x000000d0   Code   RO         9823    i.DWT_SysTimeUpdate  bsp_dwt.o
    0x080016ec   0x080016ec   0x00000002   Code   RO          532    i.DebugMon_Handler  stm32h7xx_it.o
    0x080016ee   0x080016ee   0x00000006   Code   RO           13    i.Error_Handler     main.o
    0x080016f4   0x080016f4   0x00000010   Code   RO          533    i.FDCAN1_IT0_IRQHandler  stm32h7xx_it.o
    0x08001704   0x08001704   0x00000010   Code   RO          534    i.FDCAN2_IT0_IRQHandler  stm32h7xx_it.o
    0x08001714   0x08001714   0x00000010   Code   RO          535    i.FDCAN3_IT0_IRQHandler  stm32h7xx_it.o
    0x08001724   0x08001724   0x00000220   Code   RO         4313    i.FDCAN_CalcultateRamBlockAddresses  stm32h7xx_hal_fdcan.o
    0x08001944   0x08001944   0x000000d0   Code   RO         4314    i.FDCAN_CopyMessageToRAM  stm32h7xx_hal_fdcan.o
    0x08001a14   0x08001a14   0x00000140   Code   RO         8085    i.Gimbal_Task       gimbal_task.o
    0x08001b54   0x08001b54   0x00000028   Code   RO         8298    i.Guard_Task        guard_task.o
    0x08001b7c   0x08001b7c   0x000004dc   Code   RO         2677    i.HAL_DMA_Abort     stm32h7xx_hal_dma.o
    0x08002058   0x08002058   0x00000398   Code   RO         2678    i.HAL_DMA_Abort_IT  stm32h7xx_hal_dma.o
    0x080023f0   0x080023f0   0x00000af8   Code   RO         2682    i.HAL_DMA_IRQHandler  stm32h7xx_hal_dma.o
    0x08002ee8   0x08002ee8   0x00000514   Code   RO         2683    i.HAL_DMA_Init      stm32h7xx_hal_dma.o
    0x080033fc   0x080033fc   0x000003e0   Code   RO         2687    i.HAL_DMA_Start_IT  stm32h7xx_hal_dma.o
    0x080037dc   0x080037dc   0x000000a8   Code   RO         4316    i.HAL_FDCAN_ActivateNotification  stm32h7xx_hal_fdcan.o
    0x08003884   0x08003884   0x00000090   Code   RO         4318    i.HAL_FDCAN_AddMessageToTxFifoQ  stm32h7xx_hal_fdcan.o
    0x08003914   0x08003914   0x00000002   Code   RO         4319    i.HAL_FDCAN_ClockCalibrationCallback  stm32h7xx_hal_fdcan.o
    0x08003916   0x08003916   0x000000a8   Code   RO         4323    i.HAL_FDCAN_ConfigFilter  stm32h7xx_hal_fdcan.o
    0x080039be   0x080039be   0x00000002   Code   RO         4345    i.HAL_FDCAN_ErrorCallback  stm32h7xx_hal_fdcan.o
    0x080039c0   0x080039c0   0x00000002   Code   RO         4346    i.HAL_FDCAN_ErrorStatusCallback  stm32h7xx_hal_fdcan.o
    0x080039c2   0x080039c2   0x00000002   PAD
    0x080039c4   0x080039c4   0x000001f4   Code   RO         4357    i.HAL_FDCAN_GetRxMessage  stm32h7xx_hal_fdcan.o
    0x08003bb8   0x08003bb8   0x00000002   Code   RO         4363    i.HAL_FDCAN_HighPriorityMessageCallback  stm32h7xx_hal_fdcan.o
    0x08003bba   0x08003bba   0x00000002   PAD
    0x08003bbc   0x08003bbc   0x000003d4   Code   RO         4364    i.HAL_FDCAN_IRQHandler  stm32h7xx_hal_fdcan.o
    0x08003f90   0x08003f90   0x000002e0   Code   RO         4365    i.HAL_FDCAN_Init    stm32h7xx_hal_fdcan.o
    0x08004270   0x08004270   0x000001bc   Code   RO          340    i.HAL_FDCAN_MspInit  fdcan.o
    0x0800442c   0x0800442c   0x00000002   Code   RO         4374    i.HAL_FDCAN_RxBufferNewMessageCallback  stm32h7xx_hal_fdcan.o
    0x0800442e   0x0800442e   0x00000002   PAD
    0x08004430   0x08004430   0x0000005c   Code   RO         9486    i.HAL_FDCAN_RxFifo0Callback  dev_can.o
    0x0800448c   0x0800448c   0x00000002   Code   RO         4376    i.HAL_FDCAN_RxFifo1Callback  stm32h7xx_hal_fdcan.o
    0x0800448e   0x0800448e   0x00000034   Code   RO         4377    i.HAL_FDCAN_Start   stm32h7xx_hal_fdcan.o
    0x080044c2   0x080044c2   0x00000002   Code   RO         4399    i.HAL_FDCAN_TT_GlobalTimeCallback  stm32h7xx_hal_fdcan.o
    0x080044c4   0x080044c4   0x00000002   Code   RO         4400    i.HAL_FDCAN_TT_ScheduleSyncCallback  stm32h7xx_hal_fdcan.o
    0x080044c6   0x080044c6   0x00000002   Code   RO         4405    i.HAL_FDCAN_TT_StopWatchCallback  stm32h7xx_hal_fdcan.o
    0x080044c8   0x080044c8   0x00000002   Code   RO         4406    i.HAL_FDCAN_TT_TimeMarkCallback  stm32h7xx_hal_fdcan.o
    0x080044ca   0x080044ca   0x00000002   Code   RO         4407    i.HAL_FDCAN_TimeoutOccurredCallback  stm32h7xx_hal_fdcan.o
    0x080044cc   0x080044cc   0x00000002   Code   RO         4408    i.HAL_FDCAN_TimestampWraparoundCallback  stm32h7xx_hal_fdcan.o
    0x080044ce   0x080044ce   0x00000002   Code   RO         4409    i.HAL_FDCAN_TxBufferAbortCallback  stm32h7xx_hal_fdcan.o
    0x080044d0   0x080044d0   0x00000002   Code   RO         4410    i.HAL_FDCAN_TxBufferCompleteCallback  stm32h7xx_hal_fdcan.o
    0x080044d2   0x080044d2   0x00000002   Code   RO         4411    i.HAL_FDCAN_TxEventFifoCallback  stm32h7xx_hal_fdcan.o
    0x080044d4   0x080044d4   0x00000002   Code   RO         4412    i.HAL_FDCAN_TxFifoEmptyCallback  stm32h7xx_hal_fdcan.o
    0x080044d6   0x080044d6   0x00000002   PAD
    0x080044d8   0x080044d8   0x000001f0   Code   RO         2525    i.HAL_GPIO_Init     stm32h7xx_hal_gpio.o
    0x080046c8   0x080046c8   0x0000000c   Code   RO         2529    i.HAL_GPIO_WritePin  stm32h7xx_hal_gpio.o
    0x080046d4   0x080046d4   0x0000000c   Code   RO         3390    i.HAL_GetTick       stm32h7xx_hal.o
    0x080046e0   0x080046e0   0x00000018   Code   RO         3396    i.HAL_IncTick       stm32h7xx_hal.o
    0x080046f8   0x080046f8   0x00000060   Code   RO         3397    i.HAL_Init          stm32h7xx_hal.o
    0x08004758   0x08004758   0x00000094   Code   RO          725    i.HAL_InitTick      stm32h7xx_hal_timebase_tim.o
    0x080047ec   0x080047ec   0x00000030   Code   RO          701    i.HAL_MspInit       stm32h7xx_hal_msp.o
    0x0800481c   0x0800481c   0x00000028   Code   RO         1802    i.HAL_NVIC_EnableIRQ  stm32h7xx_hal_cortex.o
    0x08004844   0x08004844   0x0000007a   Code   RO         1808    i.HAL_NVIC_SetPriority  stm32h7xx_hal_cortex.o
    0x080048be   0x080048be   0x00000002   PAD
    0x080048c0   0x080048c0   0x00000028   Code   RO         1809    i.HAL_NVIC_SetPriorityGrouping  stm32h7xx_hal_cortex.o
    0x080048e8   0x080048e8   0x00000060   Code   RO         3126    i.HAL_PWREx_ConfigSupply  stm32h7xx_hal_pwr_ex.o
    0x08004948   0x08004948   0x00000024   Code   RO         2068    i.HAL_RCCEx_GetD3PCLK1Freq  stm32h7xx_hal_rcc_ex.o
    0x0800496c   0x0800496c   0x00000230   Code   RO         2070    i.HAL_RCCEx_GetPLL2ClockFreq  stm32h7xx_hal_rcc_ex.o
    0x08004b9c   0x08004b9c   0x00000230   Code   RO         2071    i.HAL_RCCEx_GetPLL3ClockFreq  stm32h7xx_hal_rcc_ex.o
    0x08004dcc   0x08004dcc   0x00000cc8   Code   RO         2077    i.HAL_RCCEx_PeriphCLKConfig  stm32h7xx_hal_rcc_ex.o
    0x08005a94   0x08005a94   0x00000320   Code   RO         1953    i.HAL_RCC_ClockConfig  stm32h7xx_hal_rcc.o
    0x08005db4   0x08005db4   0x0000006c   Code   RO         1957    i.HAL_RCC_GetClockConfig  stm32h7xx_hal_rcc.o
    0x08005e20   0x08005e20   0x0000004c   Code   RO         1958    i.HAL_RCC_GetHCLKFreq  stm32h7xx_hal_rcc.o
    0x08005e6c   0x08005e6c   0x00000024   Code   RO         1960    i.HAL_RCC_GetPCLK1Freq  stm32h7xx_hal_rcc.o
    0x08005e90   0x08005e90   0x00000024   Code   RO         1961    i.HAL_RCC_GetPCLK2Freq  stm32h7xx_hal_rcc.o
    0x08005eb4   0x08005eb4   0x0000022c   Code   RO         1962    i.HAL_RCC_GetSysClockFreq  stm32h7xx_hal_rcc.o
    0x080060e0   0x080060e0   0x0000075c   Code   RO         1965    i.HAL_RCC_OscConfig  stm32h7xx_hal_rcc.o
    0x0800683c   0x0800683c   0x00000002   Code   RO         1491    i.HAL_TIMEx_Break2Callback  stm32h7xx_hal_tim_ex.o
    0x0800683e   0x0800683e   0x00000002   Code   RO         1492    i.HAL_TIMEx_BreakCallback  stm32h7xx_hal_tim_ex.o
    0x08006840   0x08006840   0x00000002   Code   RO         1493    i.HAL_TIMEx_CommutCallback  stm32h7xx_hal_tim_ex.o
    0x08006842   0x08006842   0x00000002   PAD
    0x08006844   0x08006844   0x000000e4   Code   RO         1514    i.HAL_TIMEx_MasterConfigSynchronization  stm32h7xx_hal_tim_ex.o
    0x08006928   0x08006928   0x0000006e   Code   RO          766    i.HAL_TIM_Base_Init  stm32h7xx_hal_tim.o
    0x08006996   0x08006996   0x00000002   PAD
    0x08006998   0x08006998   0x00000118   Code   RO          395    i.HAL_TIM_Base_MspInit  tim.o
    0x08006ab0   0x08006ab0   0x000000cc   Code   RO          771    i.HAL_TIM_Base_Start_IT  stm32h7xx_hal_tim.o
    0x08006b7c   0x08006b7c   0x00000134   Code   RO          775    i.HAL_TIM_ConfigClockSource  stm32h7xx_hal_tim.o
    0x08006cb0   0x08006cb0   0x00000002   Code   RO          796    i.HAL_TIM_ErrorCallback  stm32h7xx_hal_tim.o
    0x08006cb2   0x08006cb2   0x00000002   Code   RO          800    i.HAL_TIM_IC_CaptureCallback  stm32h7xx_hal_tim.o
    0x08006cb4   0x08006cb4   0x00000198   Code   RO          814    i.HAL_TIM_IRQHandler  stm32h7xx_hal_tim.o
    0x08006e4c   0x08006e4c   0x000000c4   Code   RO          396    i.HAL_TIM_MspPostInit  tim.o
    0x08006f10   0x08006f10   0x00000002   Code   RO          817    i.HAL_TIM_OC_DelayElapsedCallback  stm32h7xx_hal_tim.o
    0x08006f12   0x08006f12   0x00000170   Code   RO          838    i.HAL_TIM_PWM_ConfigChannel  stm32h7xx_hal_tim.o
    0x08007082   0x08007082   0x0000006e   Code   RO          841    i.HAL_TIM_PWM_Init  stm32h7xx_hal_tim.o
    0x080070f0   0x080070f0   0x00000002   Code   RO          843    i.HAL_TIM_PWM_MspInit  stm32h7xx_hal_tim.o
    0x080070f2   0x080070f2   0x00000002   Code   RO          844    i.HAL_TIM_PWM_PulseFinishedCallback  stm32h7xx_hal_tim.o
    0x080070f4   0x080070f4   0x00000002   Code   RO          845    i.HAL_TIM_PWM_PulseFinishedHalfCpltCallback  stm32h7xx_hal_tim.o
    0x080070f6   0x080070f6   0x00000002   PAD
    0x080070f8   0x080070f8   0x0000017c   Code   RO          846    i.HAL_TIM_PWM_Start  stm32h7xx_hal_tim.o
    0x08007274   0x08007274   0x000002d0   Code   RO          847    i.HAL_TIM_PWM_Start_DMA  stm32h7xx_hal_tim.o
    0x08007544   0x08007544   0x00000018   Code   RO           14    i.HAL_TIM_PeriodElapsedCallback  main.o
    0x0800755c   0x0800755c   0x00000002   Code   RO          857    i.HAL_TIM_TriggerCallback  stm32h7xx_hal_tim.o
    0x0800755e   0x0800755e   0x0000004e   Code   RO         5356    i.HAL_UARTEx_DisableFifoMode  stm32h7xx_hal_uart_ex.o
    0x080075ac   0x080075ac   0x00000002   Code   RO         4940    i.HAL_UARTEx_RxEventCallback  stm32h7xx_hal_uart.o
    0x080075ae   0x080075ae   0x00000002   Code   RO         5364    i.HAL_UARTEx_RxFifoFullCallback  stm32h7xx_hal_uart_ex.o
    0x080075b0   0x080075b0   0x0000005e   Code   RO         5365    i.HAL_UARTEx_SetRxFifoThreshold  stm32h7xx_hal_uart_ex.o
    0x0800760e   0x0800760e   0x0000005e   Code   RO         5366    i.HAL_UARTEx_SetTxFifoThreshold  stm32h7xx_hal_uart_ex.o
    0x0800766c   0x0800766c   0x00000002   Code   RO         5368    i.HAL_UARTEx_TxFifoEmptyCallback  stm32h7xx_hal_uart_ex.o
    0x0800766e   0x0800766e   0x00000002   Code   RO         5369    i.HAL_UARTEx_WakeupCallback  stm32h7xx_hal_uart_ex.o
    0x08007670   0x08007670   0x000000ec   Code   RO         9575    i.HAL_UART_ErrorCallback  dev_serial.o
    0x0800775c   0x0800775c   0x00000008   Code   RO         4957    i.HAL_UART_GetError  stm32h7xx_hal_uart.o
    0x08007764   0x08007764   0x000004b6   Code   RO         4959    i.HAL_UART_IRQHandler  stm32h7xx_hal_uart.o
    0x08007c1a   0x08007c1a   0x00000002   PAD
    0x08007c1c   0x08007c1c   0x000000b0   Code   RO         9576    i.HAL_UART_IdleCpltCallback  dev_serial.o
    0x08007ccc   0x08007ccc   0x00000078   Code   RO         4960    i.HAL_UART_Init     stm32h7xx_hal_uart.o
    0x08007d44   0x08007d44   0x0000061c   Code   RO          455    i.HAL_UART_MspInit  usart.o
    0x08008360   0x08008360   0x0000005c   Code   RO         4965    i.HAL_UART_Receive_IT  stm32h7xx_hal_uart.o
    0x080083bc   0x080083bc   0x000000d0   Code   RO         9577    i.HAL_UART_RxCpltCallback  dev_serial.o
    0x0800848c   0x0800848c   0x000000a0   Code   RO         4970    i.HAL_UART_Transmit_DMA  stm32h7xx_hal_uart.o
    0x0800852c   0x0800852c   0x00000002   Code   RO         4972    i.HAL_UART_TxCpltCallback  stm32h7xx_hal_uart.o
    0x0800852e   0x0800852e   0x00000002   Code   RO         4973    i.HAL_UART_TxHalfCpltCallback  stm32h7xx_hal_uart.o
    0x08008530   0x08008530   0x00000004   Code   RO          536    i.HardFault_Handler  stm32h7xx_it.o
    0x08008534   0x08008534   0x000000f0   Code   RO          315    i.MX_DMA_Init       dma.o
    0x08008624   0x08008624   0x000000b0   Code   RO          341    i.MX_FDCAN1_Init    fdcan.o
    0x080086d4   0x080086d4   0x000000b0   Code   RO          342    i.MX_FDCAN2_Init    fdcan.o
    0x08008784   0x08008784   0x000000b4   Code   RO          343    i.MX_FDCAN3_Init    fdcan.o
    0x08008838   0x08008838   0x000001f0   Code   RO          265    i.MX_FREERTOS_Init  freertos.o
    0x08008a28   0x08008a28   0x000000fc   Code   RO          241    i.MX_GPIO_Init      gpio.o
    0x08008b24   0x08008b24   0x00000074   Code   RO          397    i.MX_TIM2_Init      tim.o
    0x08008b98   0x08008b98   0x000000a4   Code   RO          398    i.MX_TIM3_Init      tim.o
    0x08008c3c   0x08008c3c   0x000000b8   Code   RO          399    i.MX_TIM4_Init      tim.o
    0x08008cf4   0x08008cf4   0x0000006c   Code   RO          456    i.MX_UART4_Init     usart.o
    0x08008d60   0x08008d60   0x0000006c   Code   RO          457    i.MX_UART7_Init     usart.o
    0x08008dcc   0x08008dcc   0x0000006c   Code   RO          458    i.MX_UART8_Init     usart.o
    0x08008e38   0x08008e38   0x0000006c   Code   RO          459    i.MX_USART1_UART_Init  usart.o
    0x08008ea4   0x08008ea4   0x0000006c   Code   RO          460    i.MX_USART3_UART_Init  usart.o
    0x08008f10   0x08008f10   0x00000004   Code   RO          537    i.MemManage_Handler  stm32h7xx_it.o
    0x08008f14   0x08008f14   0x00000060   Code   RO         8545    i.Message_Task      message_task.o
    0x08008f74   0x08008f74   0x00000004   Code   RO          538    i.NMI_Handler       stm32h7xx_it.o
    0x08008f78   0x08008f78   0x0000004a   Code   RO           15    i.PeriphCommonClock_Config  main.o
    0x08008fc2   0x08008fc2   0x00000002   PAD
    0x08008fc4   0x08008fc4   0x00000164   Code   RO         2080    i.RCCEx_PLL2_Config  stm32h7xx_hal_rcc_ex.o
    0x08009128   0x08009128   0x00000164   Code   RO         2081    i.RCCEx_PLL3_Config  stm32h7xx_hal_rcc_ex.o
    0x0800928c   0x0800928c   0x00000082   Code   RO         9954    i.RC_data_is_error  protocol_dbus.o
    0x0800930e   0x0800930e   0x00000002   PAD
    0x08009310   0x08009310   0x000001f4   Code   RO         9955    i.RC_restart        protocol_dbus.o
    0x08009504   0x08009504   0x0000000a   Code   RO         8793    i.RTOSsystem_Task   rtossystem_task.o
    0x0800950e   0x0800950e   0x00000002   PAD
    0x08009510   0x08009510   0x00000038   Code   RO         8546    i.Referee_Rx_Task   message_task.o
    0x08009548   0x08009548   0x000000a4   Code   RO         8547    i.Serial_Rx_Task    message_task.o
    0x080095ec   0x080095ec   0x0000000a   Code   RO          266    i.StartDefaultTask  freertos.o
    0x080095f6   0x080095f6   0x00000016   Code   RO         6657    i.SysTick_Handler   cmsis_os2.o
    0x0800960c   0x0800960c   0x000000b4   Code   RO           16    i.SystemClock_Config  main.o
    0x080096c0   0x080096c0   0x000000e0   Code   RO         5480    i.SystemInit        system_stm32h7xx.o
    0x080097a0   0x080097a0   0x00000010   Code   RO          539    i.TIM1_UP_IRQHandler  stm32h7xx_it.o
    0x080097b0   0x080097b0   0x000000e8   Code   RO          859    i.TIM_Base_SetConfig  stm32h7xx_hal_tim.o
    0x08009898   0x08009898   0x00000022   Code   RO          860    i.TIM_CCxChannelCmd  stm32h7xx_hal_tim.o
    0x080098ba   0x080098ba   0x00000068   Code   RO          863    i.TIM_DMADelayPulseCplt  stm32h7xx_hal_tim.o
    0x08009922   0x08009922   0x00000040   Code   RO          864    i.TIM_DMADelayPulseHalfCplt  stm32h7xx_hal_tim.o
    0x08009962   0x08009962   0x0000005e   Code   RO          865    i.TIM_DMAError      stm32h7xx_hal_tim.o
    0x080099c0   0x080099c0   0x00000016   Code   RO          870    i.TIM_ETR_SetConfig  stm32h7xx_hal_tim.o
    0x080099d6   0x080099d6   0x00000002   PAD
    0x080099d8   0x080099d8   0x00000018   Code   RO          871    i.TIM_ITRx_SetConfig  stm32h7xx_hal_tim.o
    0x080099f0   0x080099f0   0x000000ac   Code   RO          872    i.TIM_OC1_SetConfig  stm32h7xx_hal_tim.o
    0x08009a9c   0x08009a9c   0x000000b4   Code   RO          873    i.TIM_OC2_SetConfig  stm32h7xx_hal_tim.o
    0x08009b50   0x08009b50   0x000000b4   Code   RO          874    i.TIM_OC3_SetConfig  stm32h7xx_hal_tim.o
    0x08009c04   0x08009c04   0x00000074   Code   RO          875    i.TIM_OC4_SetConfig  stm32h7xx_hal_tim.o
    0x08009c78   0x08009c78   0x00000070   Code   RO          876    i.TIM_OC5_SetConfig  stm32h7xx_hal_tim.o
    0x08009ce8   0x08009ce8   0x00000070   Code   RO          877    i.TIM_OC6_SetConfig  stm32h7xx_hal_tim.o
    0x08009d58   0x08009d58   0x00000026   Code   RO          879    i.TIM_TI1_ConfigInputStage  stm32h7xx_hal_tim.o
    0x08009d7e   0x08009d7e   0x00000028   Code   RO          881    i.TIM_TI2_ConfigInputStage  stm32h7xx_hal_tim.o
    0x08009da6   0x08009da6   0x00000002   PAD
    0x08009da8   0x08009da8   0x0000002c   Code   RO          540    i.UART4_IRQHandler  stm32h7xx_it.o
    0x08009dd4   0x08009dd4   0x0000002c   Code   RO          541    i.UART7_IRQHandler  stm32h7xx_it.o
    0x08009e00   0x08009e00   0x0000002c   Code   RO          542    i.UART8_IRQHandler  stm32h7xx_it.o
    0x08009e2c   0x08009e2c   0x00000058   Code   RO         5370    i.UARTEx_SetNbDataToProcess  stm32h7xx_hal_uart_ex.o
    0x08009e84   0x08009e84   0x000000f8   Code   RO         4974    i.UART_AdvFeatureConfig  stm32h7xx_hal_uart.o
    0x08009f7c   0x08009f7c   0x000000ea   Code   RO         4975    i.UART_CheckIdleState  stm32h7xx_hal_uart.o
    0x0800a066   0x0800a066   0x00000014   Code   RO         4976    i.UART_DMAAbortOnError  stm32h7xx_hal_uart.o
    0x0800a07a   0x0800a07a   0x0000005e   Code   RO         4977    i.UART_DMAError     stm32h7xx_hal_uart.o
    0x0800a0d8   0x0800a0d8   0x00000054   Code   RO         4982    i.UART_DMATransmitCplt  stm32h7xx_hal_uart.o
    0x0800a12c   0x0800a12c   0x0000000e   Code   RO         4984    i.UART_DMATxHalfCplt  stm32h7xx_hal_uart.o
    0x0800a13a   0x0800a13a   0x00000002   PAD
    0x0800a13c   0x0800a13c   0x0000006c   Code   RO         4986    i.UART_EndRxTransfer  stm32h7xx_hal_uart.o
    0x0800a1a8   0x0800a1a8   0x00000030   Code   RO         4987    i.UART_EndTransmit_IT  stm32h7xx_hal_uart.o
    0x0800a1d8   0x0800a1d8   0x00000040   Code   RO         4988    i.UART_EndTxTransfer  stm32h7xx_hal_uart.o
    0x0800a218   0x0800a218   0x00000104   Code   RO         4989    i.UART_RxISR_16BIT  stm32h7xx_hal_uart.o
    0x0800a31c   0x0800a31c   0x00000200   Code   RO         4990    i.UART_RxISR_16BIT_FIFOEN  stm32h7xx_hal_uart.o
    0x0800a51c   0x0800a51c   0x00000104   Code   RO         4991    i.UART_RxISR_8BIT   stm32h7xx_hal_uart.o
    0x0800a620   0x0800a620   0x000001fc   Code   RO         4992    i.UART_RxISR_8BIT_FIFOEN  stm32h7xx_hal_uart.o
    0x0800a81c   0x0800a81c   0x00000628   Code   RO         4993    i.UART_SetConfig    stm32h7xx_hal_uart.o
    0x0800ae44   0x0800ae44   0x0000015c   Code   RO         4995    i.UART_Start_Receive_IT  stm32h7xx_hal_uart.o
    0x0800afa0   0x0800afa0   0x000000ac   Code   RO         5000    i.UART_WaitOnFlagUntilTimeout  stm32h7xx_hal_uart.o
    0x0800b04c   0x0800b04c   0x00000050   Code   RO         8821    i.UIDraw_Task       uidraw_task.o
    0x0800b09c   0x0800b09c   0x0000002c   Code   RO          543    i.USART1_IRQHandler  stm32h7xx_it.o
    0x0800b0c8   0x0800b0c8   0x0000002c   Code   RO          544    i.USART3_IRQHandler  stm32h7xx_it.o
    0x0800b0f4   0x0800b0f4   0x00000004   Code   RO          545    i.UsageFault_Handler  stm32h7xx_it.o
    0x0800b0f8   0x0800b0f8   0x00000048   Code   RO        10958    i.VisualKalmanCreate  my_kalman.o
    0x0800b140   0x0800b140   0x00000238   Code   RO        10088    i._Z11Num_PainterPcjjttjjjjjjjif  protocol_ui.o
    0x0800b378   0x0800b378   0x00000008   Code   RO         9260    i._Z11WS2812_INITv  app_rgb.o
    0x0800b380   0x0800b380   0x00000034   Code   RO         9055    i._Z12CAN_ALL_Initv  app_motor.o
    0x0800b3b4   0x0800b3b4   0x00000018   Code   RO         8906    i._Z12Serial1_Hookb  app_serial.o
    0x0800b3cc   0x0800b3cc   0x00000018   Code   RO         8907    i._Z12Serial3_Hookb  app_serial.o
    0x0800b3e4   0x0800b3e4   0x00000018   Code   RO         8908    i._Z12Serial4_Hookb  app_serial.o
    0x0800b3fc   0x0800b3fc   0x00000018   Code   RO         8909    i._Z12Serial7_Hookb  app_serial.o
    0x0800b414   0x0800b414   0x00000018   Code   RO         8910    i._Z12Serial8_Hookb  app_serial.o
    0x0800b42c   0x0800b42c   0x0000022c   Code   RO        10089    i._Z13Graph_PainterPcjjttjjjjjjjjjj  protocol_ui.o
    0x0800b658   0x0800b658   0x00000018   Code   RO         9238    i._Z13Prefence_Initv  app_preference.o
    0x0800b670   0x0800b670   0x00000032   Code   RO         9056    i._Z13float_to_uintfffi  app_motor.o
    0x0800b6a2   0x0800b6a2   0x00000034   Code   RO         9057    i._Z13uint_to_floatiffi  app_motor.o
    0x0800b6d6   0x0800b6d6   0x00000002   PAD
    0x0800b6d8   0x0800b6d8   0x00000030   Code   RO         9824    i._Z14DWT_CNT_Updatev  bsp_dwt.o
    0x0800b708   0x0800b708   0x00000020   Code   RO        10031    i._Z14Usart_SendBuffPht  protocol_judgement.o
    0x0800b728   0x0800b728   0x0000001c   Code   RO         9262    i._Z14WS2812_REFRESHv  app_rgb.o
    0x0800b744   0x0800b744   0x0000007c   Code   RO         9264    i._Z14WS2812_SET_RGBhhht  app_rgb.o
    0x0800b7c0   0x0800b7c0   0x0000002a   Code   RO        10642    i._Z14fp32_constrainfff  algorithm_user_lib.o
    0x0800b7ea   0x0800b7ea   0x00000002   PAD
    0x0800b7ec   0x0800b7ec   0x000000f4   Code   RO         8911    i._Z15Serial_ALL_Initv  app_serial.o
    0x0800b8e0   0x0800b8e0   0x0000001a   Code   RO         9265    i._Z15WS2812_SET_DARKv  app_rgb.o
    0x0800b8fa   0x0800b8fa   0x00000002   PAD
    0x0800b8fc   0x0800b8fc   0x00000024   Code   RO         9899    i._Z18Get_CRC8_Check_SumPhjh  protocol_crc.o
    0x0800b920   0x0800b920   0x000001a4   Code   RO        10032    i._Z18referee_data_solvePh  protocol_judgement.o
    0x0800bac4   0x0800bac4   0x00000034   Code   RO         9900    i._Z19Get_CRC16_Check_SumPhjt  protocol_crc.o
    0x0800baf8   0x0800baf8   0x00000008   Code   RO        10033    i._Z19get_robo_data_Pointv  protocol_judgement.o
    0x0800bb00   0x0800bb00   0x00000024   Code   RO         9901    i._Z21Append_CRC8_Check_SumPhj  protocol_crc.o
    0x0800bb24   0x0800bb24   0x0000002e   Code   RO         9902    i._Z21Verify_CRC8_Check_SumPhj  protocol_crc.o
    0x0800bb52   0x0800bb52   0x00000002   PAD
    0x0800bb54   0x0800bb54   0x00000014   Code   RO         8086    i._Z21rc_key_v_fresh_GimbalP9RC_ctrl_t  gimbal_task.o
    0x0800bb68   0x0800bb68   0x000000fc   Code   RO         9446    i._Z21vofa_justfloat_outputPfhP10Serialctrl  app_vofa.o
    0x0800bc64   0x0800bc64   0x00000030   Code   RO         9903    i._Z22Append_CRC16_Check_SumPhj  protocol_crc.o
    0x0800bc94   0x0800bc94   0x00000040   Code   RO         9904    i._Z22Verify_CRC16_Check_SumPhj  protocol_crc.o
    0x0800bcd4   0x0800bcd4   0x00000014   Code   RO         7317    i._Z22rc_key_v_fresh_ChassisP9RC_ctrl_t  chassis_task.o
    0x0800bce8   0x0800bce8   0x00000008   Code   RO         8549    i._Z24get_remote_control_pointv  message_task.o
    0x0800bcf0   0x0800bcf0   0x00000030   Code   RO         7319    i._Z25motor_ecd_to_relative_ecdff  chassis_task.o
    0x0800bd20   0x0800bd20   0x00000010   Code   RO         9956    i._Z6RC_abss        protocol_dbus.o
    0x0800bd30   0x0800bd30   0x00000040   Code   RO         9058    i._Z9CAN1_SendP8CanRxMsg  app_motor.o
    0x0800bd70   0x0800bd70   0x00000040   Code   RO         9059    i._Z9CAN2_SendP8CanRxMsg  app_motor.o
    0x0800bdb0   0x0800bdb0   0x00000040   Code   RO         9060    i._Z9CAN3_SendP8CanRxMsg  app_motor.o
    0x0800bdf0   0x0800bdf0   0x00000002   Code   RO         8303    i._Z9IWDG_Feedv     guard_task.o
    0x0800bdf2   0x0800bdf2   0x00000002   PAD
    0x0800bdf4   0x0800bdf4   0x00000048   Code   RO         8305    i._ZN10Guard_Ctrl4FeedE4ID_e  guard_task.o
    0x0800be3c   0x0800be3c   0x000001e8   Code   RO         8309    i._ZN10Guard_Ctrl4ScanEv  guard_task.o
    0x0800c024   0x0800c024   0x00000002   Code   RO         8310    i._ZN10Guard_Ctrl5StartEv  guard_task.o
    0x0800c026   0x0800c026   0x00000002   PAD
    0x0800c028   0x0800c028   0x00000014   Code   RO         8311    i._ZN10Guard_Ctrl6ReturnE4ID_e  guard_task.o
    0x0800c03c   0x0800c03c   0x000000bc   Code   RO        10740    i._ZN10PowerClass10Power_CalcEv  chassis_power_control.o
    0x0800c0f8   0x0800c0f8   0x0000008c   Code   RO        10741    i._ZN10PowerClass21Power_Feedback_UpdateEv  chassis_power_control.o
    0x0800c184   0x0800c184   0x00000050   Code   RO        10742    i._ZN10PowerClassC1Ev  chassis_power_control.o
    0x0800c1d4   0x0800c1d4   0x00000010   Code   RO         9578    i._ZN10Serialctrl15IRQHandler_IDLEEv  dev_serial.o
    0x0800c1e4   0x0800c1e4   0x0000001e   Code   RO         9579    i._ZN10Serialctrl15IRQHandler_RXNEEh  dev_serial.o
    0x0800c202   0x0800c202   0x00000004   Code   RO         9580    i._ZN10Serialctrl15attachInterruptEPFvbE  dev_serial.o
    0x0800c206   0x0800c206   0x00000018   Code   RO         9581    i._ZN10Serialctrl4peekEv  dev_serial.o
    0x0800c21e   0x0800c21e   0x0000001a   Code   RO         9582    i._ZN10Serialctrl4readEv  dev_serial.o
    0x0800c238   0x0800c238   0x00000030   Code   RO         9585    i._ZN10Serialctrl8sendDataEPKvh  dev_serial.o
    0x0800c268   0x0800c268   0x00000018   Code   RO         9587    i._ZN10Serialctrl9availableEv  dev_serial.o
    0x0800c280   0x0800c280   0x00000032   Code   RO         9588    i._ZN10SerialctrlC1EP20__UART_HandleTypeDefP19__DMA_HandleTypeDefjh  dev_serial.o
    0x0800c2b2   0x0800c2b2   0x00000002   PAD
    0x0800c2b4   0x0800c2b4   0x0000042c   Code   RO         8088    i._ZN11Gimbal_Ctrl11Gimbal_InitEv  gimbal_task.o
    0x0800c6e0   0x0800c6e0   0x000002fc   Code   RO         8090    i._ZN11Gimbal_Ctrl12Control_loopEv  gimbal_task.o
    0x0800c9dc   0x0800c9dc   0x000000f0   Code   RO         8091    i._ZN11Gimbal_Ctrl13RC_to_ControlEPfS0_  gimbal_task.o
    0x0800cacc   0x0800cacc   0x00000054   Code   RO         8092    i._ZN11Gimbal_Ctrl13Visual_HandleEff  gimbal_task.o
    0x0800cb20   0x0800cb20   0x00000238   Code   RO         8094    i._ZN11Gimbal_Ctrl14Behaviour_ModeEv  gimbal_task.o
    0x0800cd58   0x0800cd58   0x000001d4   Code   RO         8095    i._ZN11Gimbal_Ctrl15Feedback_UpdateEv  gimbal_task.o
    0x0800cf2c   0x0800cf2c   0x000000ec   Code   RO         8096    i._ZN11Gimbal_Ctrl17Behaviour_ControlEPfS0_  gimbal_task.o
    0x0800d018   0x0800d018   0x00000030   Code   RO         8097    i._ZN11Gimbal_Ctrl17forwardfeed_pitchEf  gimbal_task.o
    0x0800d048   0x0800d048   0x000001ac   Code   RO         8098    i._ZN11Gimbal_Ctrl22Flag_Behaviour_ControlEv  gimbal_task.o
    0x0800d1f4   0x0800d1f4   0x000000c4   Code   RO         8099    i._ZN11Gimbal_Ctrl23HeatManageMent_AdaptiveEv  gimbal_task.o
    0x0800d2b8   0x0800d2b8   0x00000010   Code   RO         8100    i._ZN11Gimbal_Ctrl25get_cooling_rate_by_levelEi  gimbal_task.o
    0x0800d2c8   0x0800d2c8   0x00000038   Code   RO         8101    i._ZN11Gimbal_Ctrl27motor_relative_ECD_to_angleEtt  gimbal_task.o
    0x0800d300   0x0800d300   0x000000d0   Code   RO         8102    i._ZN11Gimbal_Ctrl7ControlEv  gimbal_task.o
    0x0800d3d0   0x0800d3d0   0x00000064   Code   RO         8235    i._ZN11Gimbal_CtrlC1Ev  gimbal_task.o
    0x0800d434   0x0800d434   0x0000005e   Code   RO         8238    i._ZN11Gimbal_CtrlD1Ev  gimbal_task.o
    0x0800d492   0x0800d492   0x00000002   PAD
    0x0800d494   0x0800d494   0x000000e4   Code   RO         8912    i._ZN11Serial_Ctrl15Send_to_MessageEP10Serialctrlb  app_serial.o
    0x0800d578   0x0800d578   0x00000094   Code   RO         8913    i._ZN11Serial_Ctrl4HookEP13USART_TypeDefb  app_serial.o
    0x0800d60c   0x0800d60c   0x0000040c   Code   RO         8914    i._ZN11Serial_Ctrl6HandleEP10SerialctrlP13Serial_Data_tb  app_serial.o
    0x0800da18   0x0800da18   0x000000ac   Code   RO         8998    i._ZN11Serial_CtrlC1Ev  app_serial.o
    0x0800dac4   0x0800dac4   0x00000002   Code   RO         9004    i._ZN11Serial_CtrlD1Ev  app_serial.o
    0x0800dac6   0x0800dac6   0x00000002   Code   RO         7460    i._ZN11sPidTypeDefC1Ev  chassis_task.o
    0x0800dac8   0x0800dac8   0x00000002   Code   RO         7466    i._ZN11sPidTypeDefD1Ev  chassis_task.o
    0x0800daca   0x0800daca   0x00000002   PAD
    0x0800dacc   0x0800dacc   0x000001f8   Code   RO         7320    i._ZN12Chassis_Ctrl12Chassis_InitEv  chassis_task.o
    0x0800dcc4   0x0800dcc4   0x00000118   Code   RO         7321    i._ZN12Chassis_Ctrl12Control_loopEv  chassis_task.o
    0x0800dddc   0x0800dddc   0x00000314   Code   RO         7322    i._ZN12Chassis_Ctrl13RC_to_ControlEPfS0_  chassis_task.o
    0x0800e0f0   0x0800e0f0   0x0000020c   Code   RO         7323    i._ZN12Chassis_Ctrl14Behaviour_ModeEv  chassis_task.o
    0x0800e2fc   0x0800e2fc   0x00000248   Code   RO         7324    i._ZN12Chassis_Ctrl15Feedback_UpdateEv  chassis_task.o
    0x0800e544   0x0800e544   0x0000016c   Code   RO         7325    i._ZN12Chassis_Ctrl17Behaviour_ControlEPfS0_S0_  chassis_task.o
    0x0800e6b0   0x0800e6b0   0x00000068   Code   RO         7326    i._ZN12Chassis_Ctrl21Vector_to_Wheel_SpeedEPfS0_S0_  chassis_task.o
    0x0800e718   0x0800e718   0x00000198   Code   RO         7327    i._ZN12Chassis_Ctrl22Flag_Behaviour_ControlEv  chassis_task.o
    0x0800e8b0   0x0800e8b0   0x0000024c   Code   RO         7328    i._ZN12Chassis_Ctrl7ControlEv  chassis_task.o
    0x0800eafc   0x0800eafc   0x00000064   Code   RO         7442    i._ZN12Chassis_CtrlC1Ev  chassis_task.o
    0x0800eb60   0x0800eb60   0x00000054   Code   RO         7445    i._ZN12Chassis_CtrlD1Ev  chassis_task.o
    0x0800ebb4   0x0800ebb4   0x00000438   Code   RO         8550    i._ZN12Message_Ctrl12CAN1_ProcessEP8CanRxMsg  message_task.o
    0x0800efec   0x0800efec   0x00000328   Code   RO         8551    i._ZN12Message_Ctrl12CAN2_ProcessEP8CanRxMsg  message_task.o
    0x0800f314   0x0800f314   0x00000100   Code   RO         8552    i._ZN12Message_Ctrl12CAN3_ProcessEP8CanRxMsg  message_task.o
    0x0800f414   0x0800f414   0x00000060   Code   RO         8553    i._ZN12Message_Ctrl12Serialx_HookEPhP10Serialctrl  message_task.o
    0x0800f474   0x0800f474   0x000001c0   Code   RO         8556    i._ZN12Message_Ctrl15NAV_Serial_HookEPh  message_task.o
    0x0800f634   0x0800f634   0x000000bc   Code   RO         8559    i._ZN12Message_Ctrl18Visual_Serial_HookEPh  message_task.o
    0x0800f6f0   0x0800f6f0   0x0000002c   Code   RO         8560    i._ZN12Message_Ctrl4InitEv  message_task.o
    0x0800f71c   0x0800f71c   0x00000058   Code   RO         8756    i._ZN12Message_CtrlC1Ev  message_task.o
    0x0800f774   0x0800f774   0x00000074   Code   RO         8823    i._ZN12UI_Draw_Ctrl15Feedback_UpdateEv  uidraw_task.o
    0x0800f7e8   0x0800f7e8   0x00000020   Code   RO         8824    i._ZN12UI_Draw_Ctrl4InitEv  uidraw_task.o
    0x0800f808   0x0800f808   0x000005f8   Code   RO         8825    i._ZN12UI_Draw_Ctrl6UI_ADDEv  uidraw_task.o
    0x0800fe00   0x0800fe00   0x00000544   Code   RO         8826    i._ZN12UI_Draw_Ctrl9UI_ChangeEv  uidraw_task.o
    0x08010344   0x08010344   0x00000006   Code   RO         8006    i._ZN13Matrix_kalmanC1ERS_  correspond_task.o
    0x0801034a   0x0801034a   0x00000040   Code   RO         7982    i._ZN13Matrix_kalmanC1Effff  correspond_task.o
    0x0801038a   0x0801038a   0x00000010   Code   RO         8000    i._ZN13Matrix_kalmanC1Ev  correspond_task.o
    0x0801039a   0x0801039a   0x00000054   Code   RO         8992    i._ZN13Serial_Data_tC1Ehhhhhhhh  app_serial.o
    0x080103ee   0x080103ee   0x0000000e   Code   RO         8229    i._ZN14Motor_CAN_Ctrl25Get_Motor_Measure_PointerEh  gimbal_task.o
    0x080103fc   0x080103fc   0x0000000a   Code   RO         9201    i._ZN14Motor_CAN_Ctrl7GetDataERjRh  app_motor.o
    0x08010406   0x08010406   0x00000012   Code   RO         8750    i._ZN14Motor_CAN_Ctrl7GetDataEh  message_task.o
    0x08010418   0x08010418   0x00000024   Code   RO         9189    i._ZN14Motor_CAN_CtrlC1EP19FDCAN_HandleTypeDefjh  app_motor.o
    0x0801043c   0x0801043c   0x00000006   Code   RO         9207    i._ZN17DM_Motor_CAN_Ctrl10ID_GetDataERj  app_motor.o
    0x08010442   0x08010442   0x00000006   Code   RO         8744    i._ZN17DM_Motor_CAN_Ctrl7GetDataEv  message_task.o
    0x08010448   0x08010448   0x00000064   Code   RO         9195    i._ZN17DM_Motor_CAN_CtrlC1EP19FDCAN_HandleTypeDefjffffffffff  app_motor.o
    0x080104ac   0x080104ac   0x00000044   Code   RO         8253    i._ZN17Gimbal_DM_Motor_tC1Ev  gimbal_task.o
    0x080104f0   0x080104f0   0x00000044   Code   RO         8256    i._ZN17Gimbal_DM_Motor_tD1Ev  gimbal_task.o
    0x08010534   0x08010534   0x0000000a   Code   RO         7938    i._ZN19Correspondence_ctrl11Corres_InitEv  correspond_task.o
    0x0801053e   0x0801053e   0x00000002   PAD
    0x08010540   0x08010540   0x0000002c   Code   RO         7939    i._ZN19Correspondence_ctrl11Corres_SendEv  correspond_task.o
    0x0801056c   0x0801056c   0x000001e0   Code   RO         7940    i._ZN19Correspondence_ctrl15Corres_FeedbackEv  correspond_task.o
    0x0801074c   0x0801074c   0x00000138   Code   RO         7994    i._ZN19Correspondence_ctrlC1Ev  correspond_task.o
    0x08010884   0x08010884   0x00000044   Code   RO         8241    i._ZN19Gimbal_Main_Motor_tC1Ev  gimbal_task.o
    0x080108c8   0x080108c8   0x00000044   Code   RO         8244    i._ZN19Gimbal_Main_Motor_tD1Ev  gimbal_task.o
    0x0801090c   0x0801090c   0x00000014   Code   RO         8247    i._ZN20Gimbal_Minor_Motor_tC1Ev  gimbal_task.o
    0x08010920   0x08010920   0x00000014   Code   RO         8250    i._ZN20Gimbal_Minor_Motor_tD1Ev  gimbal_task.o
    0x08010934   0x08010934   0x000000b6   Code   RO         7988    i._ZN27kalman_filter_init_t_matrixC1ER13Matrix_kalmanS1_S1_S1_S1_  correspond_task.o
    0x080109ea   0x080109ea   0x00000042   Code   RO         9704    i._ZN6Buffer11Buffer_ReadEP10RingBufferPh  drivers_buffer.o
    0x08010a2c   0x08010a2c   0x00000038   Code   RO         9708    i._ZN6Buffer12Buffer_WriteEP10RingBufferh  drivers_buffer.o
    0x08010a64   0x08010a64   0x00000034   Code   RO         9709    i._ZN6Buffer9newBufferEP10RingBuffert  drivers_buffer.o
    0x08010a98   0x08010a98   0x00000090   Code   RO         9487    i._ZN7CANctrl10IRQHandlerEP19FDCAN_HandleTypeDefj  dev_can.o
    0x08010b28   0x08010b28   0x00000004   Code   RO         9488    i._ZN7CANctrl15attachInterruptEPFvP8CanRxMsgE  dev_can.o
    0x08010b2c   0x08010b2c   0x0000001a   Code   RO         9489    i._ZN7CANctrl4readEv  dev_can.o
    0x08010b46   0x08010b46   0x00000004   Code   RO         9490    i._ZN7CANctrl8ChangeIDEt  dev_can.o
    0x08010b4a   0x08010b4a   0x00000030   Code   RO         9491    i._ZN7CANctrl8SendDataEPKvh  dev_can.o
    0x08010b7a   0x08010b7a   0x00000020   Code   RO         9492    i._ZN7CANctrl9availableEv  dev_can.o
    0x08010b9a   0x08010b9a   0x00000020   Code   RO         9493    i._ZN7CANctrlC1EP19FDCAN_HandleTypeDefj  dev_can.o
    0x08010bba   0x08010bba   0x0000011c   Code   RO         9061    i._ZN8CAN_Ctrl15DM_MIT_SendDataEP17DM_Motor_CAN_Ctrlfffff  app_motor.o
    0x08010cd6   0x08010cd6   0x00000020   Code   RO         9062    i._ZN8CAN_Ctrl15DM_Motor_EnableEP17DM_Motor_CAN_Ctrl  app_motor.o
    0x08010cf6   0x08010cf6   0x00000020   Code   RO         9065    i._ZN8CAN_Ctrl20DM_Motor_clear_errorEP17DM_Motor_CAN_Ctrl  app_motor.o
    0x08010d16   0x08010d16   0x0000006a   Code   RO         9069    i._ZN8CAN_Ctrl8SendDataEP14Motor_CAN_Ctrlssss  app_motor.o
    0x08010d80   0x08010d80   0x00000068   Code   RO         9070    i._ZN8CAN_Ctrl8SendDataEP19FDCAN_HandleTypeDefjPKvh  app_motor.o
    0x08010de8   0x08010de8   0x00000044   Code   RO         9071    i._ZN8CAN_Ctrl8SendDataEP19FDCAN_HandleTypeDefth  app_motor.o
    0x08010e2c   0x08010e2c   0x00000024   Code   RO         9072    i._ZN8CAN_Ctrl8SendDataEP7CANctrljPKvh  app_motor.o
    0x08010e50   0x08010e50   0x000000ec   Code   RO         9213    i._ZN8CAN_CtrlC1Ev  app_motor.o
    0x08010f3c   0x08010f3c   0x00000258   Code   RO        10538    i._ZN8PID_Ctrl4CalcEP11sPidTypeDefff  algorithm_pid.o
    0x08011194   0x08011194   0x00000022   Code   RO        10540    i._ZN8PID_Ctrl4InitEP11sPidTypeDef7PidModeffffff  algorithm_pid.o
    0x080111b6   0x080111b6   0x00000002   PAD
    0x080111b8   0x080111b8   0x0000004c   Code   RO        10542    i._ZN8PID_Ctrl5ClearEP11sPidTypeDef  algorithm_pid.o
    0x08011204   0x08011204   0x0000007e   Code   RO         8561    i._ZN8rc_key_c12rc_key_v_setEP9RC_ctrl_t  message_task.o
    0x08011282   0x08011282   0x0000000e   Code   RO         8562    i._ZN8rc_key_c13read_key_evenEP13count_num_key  message_task.o
    0x08011290   0x08011290   0x00000018   Code   RO         8563    i._ZN8rc_key_c13read_key_evenEP13count_num_keyPb  message_task.o
    0x080112a8   0x080112a8   0x00000020   Code   RO         8564    i._ZN8rc_key_c13sum_key_countEsP13count_num_key  message_task.o
    0x080112c8   0x080112c8   0x00000018   Code   RO         8566    i._ZN8rc_key_c15read_key_singleEP13count_num_key  message_task.o
    0x080112e0   0x080112e0   0x0000002c   Code   RO         8567    i._ZN8rc_key_c15read_key_singleEP13count_num_keyPb  message_task.o
    0x0801130c   0x0801130c   0x0000002a   Code   RO         8568    i._ZN8rc_key_c8read_keyEP13count_num_key11key_count_ePb  message_task.o
    0x08011336   0x08011336   0x0000003c   Code   RO         8569    i._ZN8rc_key_c8read_keyEP13count_num_key11key_count_eb  message_task.o
    0x08011372   0x08011372   0x0000003c   Code   RO         9781    i._ZN9Statistic15Rate_Do_ExecuteEt  drivers_statistic.o
    0x080113ae   0x080113ae   0x00000002   PAD
    0x080113b0   0x080113b0   0x00000060   Code   RO         9782    i._ZN9Statistic16Statistic_UpdateEj  drivers_statistic.o
    0x08011410   0x08011410   0x00000018   Code   RO         8223    i._ZSt3cosf         gimbal_task.o
    0x08011428   0x08011428   0x00000018   Code   RO         7424    i._ZSt4sqrtf        chassis_task.o
    0x08011440   0x08011440   0x00000008   Code   RO        11391    i._Znaj             cpprt_w.l(array_new.o)
    0x08011448   0x08011448   0x00000028   Code   RO        11395    i._Znwj             cpprt_w.l(new.o)
    0x08011470   0x08011470   0x00000010   Code   RO         1815    i.__NVIC_GetPriorityGrouping  stm32h7xx_hal_cortex.o
    0x08011480   0x08011480   0x00000028   Code   RO         1816    i.__NVIC_SetPriority  stm32h7xx_hal_cortex.o
    0x080114a8   0x080114a8   0x00000024   Code   RO        11402    i.__aeabi_vec_ctor_nocookie_nodtor  cpprt_w.l(aeabi_vec_ctor_nocookie_nodtor.o)
    0x080114cc   0x080114cc   0x00000006   Code   RO         6659    i.__get_IPSR        cmsis_os2.o
    0x080114d2   0x080114d2   0x00000002   PAD
    0x080114d4   0x080114d4   0x00000150   Code   RO        11429    i.__hardfp_cosf     m_wv.l(cosf.o)
    0x08011624   0x08011624   0x0000003a   Code   RO        11441    i.__hardfp_sqrtf    m_wv.l(sqrtf_full.o)
    0x0801165e   0x0801165e   0x00000006   Code   RO        11570    i.__mathlib_flt_infnan  m_wv.l(funder.o)
    0x08011664   0x08011664   0x00000010   Code   RO        11572    i.__mathlib_flt_invalid  m_wv.l(funder.o)
    0x08011674   0x08011674   0x00000154   Code   RO        11583    i.__mathlib_rredf2  m_wv.l(rredf.o)
    0x080117c8   0x080117c8   0x0000003c   Code   RO         9494    i.__sti___11_dev_can_cpp_06246a71  dev_can.o
    0x08011804   0x08011804   0x00000010   Code   RO         9073    i.__sti___13_app_motor_cpp_CAN_Cmd  app_motor.o
    0x08011814   0x08011814   0x00000020   Code   RO         8916    i.__sti___14_app_serial_cpp_b352d478  app_serial.o
    0x08011834   0x08011834   0x00000090   Code   RO         9589    i.__sti___14_dev_serial_cpp_b5a91d4d  dev_serial.o
    0x080118c4   0x080118c4   0x00000020   Code   RO         8104    i.__sti___15_Gimbal_Task_cpp_Gimbal  gimbal_task.o
    0x080118e4   0x080118e4   0x0000000c   Code   RO         8827    i.__sti___15_UIDraw_Task_cpp_UIDraw  uidraw_task.o
    0x080118f0   0x080118f0   0x00000020   Code   RO         7329    i.__sti___16_Chassis_Task_cpp_Chassis  chassis_task.o
    0x08011910   0x08011910   0x00000010   Code   RO         8570    i.__sti___16_Message_Task_cpp_Message  message_task.o
    0x08011920   0x08011920   0x00000010   Code   RO         7941    i.__sti___19_Correspond_Task_cpp_Corres  correspond_task.o
    0x08011930   0x08011930   0x00000058   Code   RO           17    i.main              main.o
    0x08011988   0x08011988   0x0000001e   Code   RO         6660    i.osDelay           cmsis_os2.o
    0x080119a6   0x080119a6   0x00000002   PAD
    0x080119a8   0x080119a8   0x0000002c   Code   RO         6674    i.osKernelInitialize  cmsis_os2.o
    0x080119d4   0x080119d4   0x00000060   Code   RO         6677    i.osKernelStart     cmsis_os2.o
    0x08011a34   0x08011a34   0x000000b8   Code   RO         6719    i.osThreadNew       cmsis_os2.o
    0x08011aec   0x08011aec   0x0000007c   Code   RO         6097    i.prvAddCurrentTaskToDelayedList  tasks.o
    0x08011b68   0x08011b68   0x000000b8   Code   RO         6098    i.prvAddNewTaskToReadyList  tasks.o
    0x08011c20   0x08011c20   0x00000074   Code   RO         6473    i.prvCheckForValidListAndQueue  timers.o
    0x08011c94   0x08011c94   0x00000048   Code   RO         6099    i.prvCheckTasksWaitingTermination  tasks.o
    0x08011cdc   0x08011cdc   0x0000002a   Code   RO         5684    i.prvCopyDataFromQueue  queue.o
    0x08011d06   0x08011d06   0x0000007e   Code   RO         5685    i.prvCopyDataToQueue  queue.o
    0x08011d84   0x08011d84   0x00000050   Code   RO         6100    i.prvDeleteTCB      tasks.o
    0x08011dd4   0x08011dd4   0x00000028   Code   RO         6474    i.prvGetNextExpireTime  timers.o
    0x08011dfc   0x08011dfc   0x0000007c   Code   RO         7181    i.prvHeapInit       heap_4.o
    0x08011e78   0x08011e78   0x00000028   Code   RO         6101    i.prvIdleTask       tasks.o
    0x08011ea0   0x08011ea0   0x0000002a   Code   RO         5688    i.prvInitialiseNewQueue  queue.o
    0x08011eca   0x08011eca   0x000000be   Code   RO         6102    i.prvInitialiseNewTask  tasks.o
    0x08011f88   0x08011f88   0x00000068   Code   RO         6103    i.prvInitialiseTaskLists  tasks.o
    0x08011ff0   0x08011ff0   0x00000068   Code   RO         7182    i.prvInsertBlockIntoFreeList  heap_4.o
    0x08012058   0x08012058   0x00000058   Code   RO         6476    i.prvInsertTimerInActiveList  timers.o
    0x080120b0   0x080120b0   0x0000001a   Code   RO         5689    i.prvIsQueueEmpty   queue.o
    0x080120ca   0x080120ca   0x0000001e   Code   RO         5690    i.prvIsQueueFull    queue.o
    0x080120e8   0x080120e8   0x00000074   Code   RO         6477    i.prvProcessExpiredTimer  timers.o
    0x0801215c   0x0801215c   0x00000164   Code   RO         6478    i.prvProcessReceivedCommands  timers.o
    0x080122c0   0x080122c0   0x00000074   Code   RO         6479    i.prvProcessTimerOrBlockTask  timers.o
    0x08012334   0x08012334   0x00000034   Code   RO         6105    i.prvResetNextTaskUnblockTime  tasks.o
    0x08012368   0x08012368   0x0000002c   Code   RO         6480    i.prvSampleTimeNow  timers.o
    0x08012394   0x08012394   0x000000a4   Code   RO         6481    i.prvSwitchTimerLists  timers.o
    0x08012438   0x08012438   0x00000040   Code   RO         7237    i.prvTaskExitError  port.o
    0x08012478   0x08012478   0x0000001a   Code   RO         6482    i.prvTimerTask      timers.o
    0x08012492   0x08012492   0x0000007e   Code   RO         5691    i.prvUnlockQueue    queue.o
    0x08012510   0x08012510   0x0000014c   Code   RO         7183    i.pvPortMalloc      heap_4.o
    0x0801265c   0x0801265c   0x0000002c   Code   RO         7238    i.pxPortInitialiseStack  port.o
    0x08012688   0x08012688   0x000000da   Code   RO         9957    i.sbus_to_rc        protocol_dbus.o
    0x08012762   0x08012762   0x0000000a   Code   RO         9958    i.slove_RC_lost     protocol_dbus.o
    0x0801276c   0x0801276c   0x0000000a   Code   RO         9959    i.slove_data_error  protocol_dbus.o
    0x08012776   0x08012776   0x00000028   Code   RO         5644    i.uxListRemove      list.o
    0x0801279e   0x0801279e   0x00000002   PAD
    0x080127a0   0x080127a0   0x00000018   Code   RO         6731    i.vApplicationGetIdleTaskMemory  cmsis_os2.o
    0x080127b8   0x080127b8   0x00000018   Code   RO         6732    i.vApplicationGetTimerTaskMemory  cmsis_os2.o
    0x080127d0   0x080127d0   0x00000016   Code   RO         6733    i.vApplicationStackOverflowHook  cmsis_os2.o
    0x080127e6   0x080127e6   0x0000001a   Code   RO         5645    i.vListInitialise   list.o
    0x08012800   0x08012800   0x00000006   Code   RO         5646    i.vListInitialiseItem  list.o
    0x08012806   0x08012806   0x00000034   Code   RO         5647    i.vListInsert       list.o
    0x0801283a   0x0801283a   0x00000018   Code   RO         5648    i.vListInsertEnd    list.o
    0x08012852   0x08012852   0x00000002   PAD
    0x08012854   0x08012854   0x00000054   Code   RO         7240    i.vPortEnterCritical  port.o
    0x080128a8   0x080128a8   0x0000003c   Code   RO         7241    i.vPortExitCritical  port.o
    0x080128e4   0x080128e4   0x000000a4   Code   RO         7184    i.vPortFree         heap_4.o
    0x08012988   0x08012988   0x00000028   Code   RO         7242    i.vPortSetupTimerInterrupt  port.o
    0x080129b0   0x080129b0   0x00000078   Code   RO         7243    i.vPortValidateInterruptPriority  port.o
    0x08012a28   0x08012a28   0x0000002c   Code   RO         5697    i.vQueueAddToRegistry  queue.o
    0x08012a54   0x08012a54   0x0000004a   Code   RO         5701    i.vQueueWaitForMessageRestricted  queue.o
    0x08012a9e   0x08012a9e   0x00000002   PAD
    0x08012aa0   0x08012aa0   0x0000005c   Code   RO         6118    i.vTaskDelay        tasks.o
    0x08012afc   0x08012afc   0x00000018   Code   RO         6123    i.vTaskInternalSetTimeOutState  tasks.o
    0x08012b14   0x08012b14   0x0000000c   Code   RO         6124    i.vTaskMissedYield  tasks.o
    0x08012b20   0x08012b20   0x00000038   Code   RO         6126    i.vTaskPlaceOnEventList  tasks.o
    0x08012b58   0x08012b58   0x00000040   Code   RO         6127    i.vTaskPlaceOnEventListRestricted  tasks.o
    0x08012b98   0x08012b98   0x000000b8   Code   RO         6135    i.vTaskStartScheduler  tasks.o
    0x08012c50   0x08012c50   0x00000010   Code   RO         6137    i.vTaskSuspendAll   tasks.o
    0x08012c60   0x08012c60   0x000000ac   Code   RO         6138    i.vTaskSwitchContext  tasks.o
    0x08012d0c   0x08012d0c   0x00000168   Code   RO         7244    i.xPortStartScheduler  port.o
    0x08012e74   0x08012e74   0x00000034   Code   RO         7245    i.xPortSysTickHandler  port.o
    0x08012ea8   0x08012ea8   0x0000005a   Code   RO         5706    i.xQueueGenericCreate  queue.o
    0x08012f02   0x08012f02   0x000000e0   Code   RO         5707    i.xQueueGenericCreateStatic  queue.o
    0x08012fe2   0x08012fe2   0x00000002   PAD
    0x08012fe4   0x08012fe4   0x00000098   Code   RO         5708    i.xQueueGenericReset  queue.o
    0x0801307c   0x0801307c   0x000001a8   Code   RO         5709    i.xQueueGenericSend  queue.o
    0x08013224   0x08013224   0x000000fc   Code   RO         5710    i.xQueueGenericSendFromISR  queue.o
    0x08013320   0x08013320   0x00000168   Code   RO         5719    i.xQueueReceive     queue.o
    0x08013488   0x08013488   0x0000008c   Code   RO         6140    i.xTaskCheckForTimeOut  tasks.o
    0x08013514   0x08013514   0x00000064   Code   RO         6141    i.xTaskCreate       tasks.o
    0x08013578   0x08013578   0x000000ba   Code   RO         6142    i.xTaskCreateStatic  tasks.o
    0x08013632   0x08013632   0x00000002   PAD
    0x08013634   0x08013634   0x00000020   Code   RO         6146    i.xTaskGetSchedulerState  tasks.o
    0x08013654   0x08013654   0x0000000c   Code   RO         6147    i.xTaskGetTickCount  tasks.o
    0x08013660   0x08013660   0x00000144   Code   RO         6149    i.xTaskIncrementTick  tasks.o
    0x080137a4   0x080137a4   0x000000a4   Code   RO         6152    i.xTaskPriorityDisinherit  tasks.o
    0x08013848   0x08013848   0x00000098   Code   RO         6154    i.xTaskRemoveFromEventList  tasks.o
    0x080138e0   0x080138e0   0x00000104   Code   RO         6155    i.xTaskResumeAll    tasks.o
    0x080139e4   0x080139e4   0x00000078   Code   RO         6491    i.xTimerCreateTimerTask  timers.o
    0x08013a5c   0x08013a5c   0x00000084   Code   RO         6492    i.xTimerGenericCommand  timers.o
    0x08013ae0   0x08013ae0   0x00000030   Code   RO         7418    t._ZN6MatrixILi3ELi1EEC1IJfffEEEDpT_  chassis_task.o
    0x08013b10   0x08013b10   0x00000002   Code   RO         7454    t._ZN6MatrixILi3ELi1EED1Ev  chassis_task.o
    0x08013b12   0x08013b12   0x00000002   PAD
    0x08013b14   0x08013b14   0x00000094   Code   RO         7436    t._ZN6MatrixILi3ELi4EE11concat_fromIJS_ILi3ELi1EES2_S2_S2_EEES0_DpT_  chassis_task.o
    0x08013ba8   0x08013ba8   0x00000060   Code   RO         7448    t._ZN9ValidData7IsValidIfEEbT_  chassis_task.o
    0x08013c08   0x08013c08   0x0000001c   Code   RO         7430    t._ZN9ValidData9IsInvalidIfEEbT_  chassis_task.o
    0x08013c24   0x08013c24   0x0000000a   Code   RO        11774    x$fpl$fpinit        g_wv.l(fpinit.o)
    0x08013c2e   0x08013c2e   0x00000000   Code   RO        11566    x$fpl$usenofp       g_wv.l(usenofp.o)
    0x08013c2e   0x08013c2e   0x00000002   PAD
    0x08013c30   0x08013c30   0x000001f8   Data   RO          267    .constdata          freertos.o
    0x08013e28   0x08013e28   0x00000008   Data   RO         2689    .constdata          stm32h7xx_hal_dma.o
    0x08013e30   0x08013e30   0x0000005c   Data   RO         4413    .constdata          stm32h7xx_hal_fdcan.o
    0x08013e8c   0x08013e8c   0x00000018   Data   RO         5001    .constdata          stm32h7xx_hal_uart.o
    0x08013ea4   0x08013ea4   0x00000010   Data   RO         5372    .constdata          stm32h7xx_hal_uart_ex.o
    0x08013eb4   0x08013eb4   0x00000010   Data   RO         5481    .constdata          system_stm32h7xx.o
    0x08013ec4   0x08013ec4   0x00000028   Data   RO         8126    .constdata          gimbal_task.o
    0x08013eec   0x08013eec   0x00000300   Data   RO         9911    .constdata          protocol_crc.o
    0x080141ec   0x080141ec   0x00000804   Data   RO        11274    .constdata          arm_cortexM4lf_math.lib(arm_common_tables.o)
    0x080149f0   0x080149f0   0x00000020   Data   RO        11584    .constdata          m_wv.l(rredf.o)
    0x08014a10   0x08014a10   0x000000d3   Data   RO          268    .conststring        freertos.o
    0x08014ae3   0x08014ae3   0x00000001   PAD
    0x08014ae4   0x08014ae4   0x00000020   Data   RO        11896    Region$$Table       anon$$obj.o
    0x08014b04   0x08014b04   0x00000004   Data   RO         7346    .init_array         chassis_task.o
    0x08014b08   0x08014b04   0x00000004   Data   RO         7949    .init_array         correspond_task.o
    0x08014b0c   0x08014b04   0x00000004   Data   RO         8128    .init_array         gimbal_task.o
    0x08014b10   0x08014b04   0x00000004   Data   RO         8603    .init_array         message_task.o
    0x08014b14   0x08014b04   0x00000004   Data   RO         8837    .init_array         uidraw_task.o
    0x08014b18   0x08014b04   0x00000004   Data   RO         8930    .init_array         app_serial.o
    0x08014b1c   0x08014b04   0x00000004   Data   RO         9095    .init_array         app_motor.o
    0x08014b20   0x08014b04   0x00000004   Data   RO         9506    .init_array         dev_can.o
    0x08014b24   0x08014b04   0x00000004   Data   RO         9606    .init_array         dev_serial.o
    0x08014b28   0x08014b04   0x00000000   Data   RO        11386    .init_array         c_w.l(init_aeabi.o)


    Execution Region RW_IRAM1 (Exec base: 0x20000000, Load base: 0x08014b28, Size: 0x00000000, Max: 0x00020000, ABSOLUTE)

    **** No section assigned to this execution region ****


    Execution Region RW_IRAM2 (Exec base: 0x24000000, Load base: 0x08014b28, Size: 0x0000d4f0, Max: 0x00050000, ABSOLUTE, COMPRESSED[0x000000a4])

    Exec Addr    Load Addr    Size         Type   Attr      Idx    E Section Name        Object

    0x24000000   COMPRESSED   0x00000054   Data   RW          269    .data               freertos.o
    0x24000054   COMPRESSED   0x00000010   Data   RW          345    .data               fdcan.o
    0x24000064   COMPRESSED   0x00000009   Data   RW         3421    .data               stm32h7xx_hal.o
    0x2400006d   COMPRESSED   0x00000003   PAD
    0x24000070   COMPRESSED   0x00000008   Data   RW         5482    .data               system_stm32h7xx.o
    0x24000078   COMPRESSED   0x0000003c   Data   RW         6158    .data               tasks.o
    0x240000b4   COMPRESSED   0x00000014   Data   RW         6500    .data               timers.o
    0x240000c8   COMPRESSED   0x00000004   Data   RW         6735    .data               cmsis_os2.o
    0x240000cc   COMPRESSED   0x00000020   Data   RW         7190    .data               heap_4.o
    0x240000ec   COMPRESSED   0x0000000c   Data   RW         7246    .data               port.o
    0x240000f8   COMPRESSED   0x00000038   Data   RW         7345    .data               chassis_task.o
    0x24000130   COMPRESSED   0x00000020   Data   RW         7948    .data               correspond_task.o
    0x24000150   COMPRESSED   0x0000004c   Data   RW         8127    .data               gimbal_task.o
    0x2400019c   COMPRESSED   0x0000004a   Data   RW         8602    .data               message_task.o
    0x240001e6   COMPRESSED   0x00000002   PAD
    0x240001e8   COMPRESSED   0x00000011   Data   RW         8836    .data               uidraw_task.o
    0x240001f9   COMPRESSED   0x00000001   Data   RW         9448    .data               app_vofa.o
    0x240001fa   COMPRESSED   0x00000006   PAD
    0x24000200   COMPRESSED   0x00000040   Data   RW         9834    .data               bsp_dwt.o
    0x24000240   COMPRESSED   0x00000002   Data   RW         9912    .data               protocol_crc.o
    0x24000242   COMPRESSED   0x00000002   PAD
    0x24000244   COMPRESSED   0x000000ac   Data   RW        10038    .data               protocol_judgement.o
    0x240002f0   COMPRESSED   0x00000005   Data   RW        10560    .data               algorithm_pid.o
    0x240002f5   COMPRESSED   0x00000003   PAD
    0x240002f8   COMPRESSED   0x00000020   Data   RW        10746    .data               chassis_power_control.o
    0x24000318        -       0x000001e0   Zero   RW          344    .bss                fdcan.o
    0x240004f8        -       0x0000015c   Zero   RW          400    .bss                tim.o
    0x24000654        -       0x00000794   Zero   RW          461    .bss                usart.o
    0x24000de8        -       0x0000004c   Zero   RW          728    .bss                stm32h7xx_hal_timebase_tim.o
    0x24000e34        -       0x00000040   Zero   RW         5723    .bss                queue.o
    0x24000e74        -       0x000004c4   Zero   RW         6157    .bss                tasks.o
    0x24001338        -       0x00000118   Zero   RW         6499    .bss                timers.o
    0x24001450        -       0x000006b8   Zero   RW         6734    .bss                cmsis_os2.o
    0x24001b08        -       0x00003c00   Zero   RW         7189    .bss                heap_4.o
    0x24005708        -       0x000004b0   Zero   RW         7344    .bss                chassis_task.o
    0x24005bb8        -       0x00000374   Zero   RW         7947    .bss                correspond_task.o
    0x24005f2c        -       0x00000b28   Zero   RW         8125    .bss                gimbal_task.o
    0x24006a54        -       0x00000288   Zero   RW         8326    .bss                guard_task.o
    0x24006cdc        -       0x00000300   Zero   RW         8601    .bss                message_task.o
    0x24006fdc   COMPRESSED   0x00000004   PAD
    0x24006fe0        -       0x000000a0   Zero   RW         8835    .bss                uidraw_task.o
    0x24007080        -       0x0000011c   Zero   RW         8928    .bss                app_serial.o
    0x2400719c        -       0x00000098   Zero   RW         9093    .bss                app_motor.o
    0x24007234        -       0x00000090   Zero   RW         9240    .bss                app_preference.o
    0x240072c4        -       0x000047d0   Zero   RW         9272    .bss                app_rgb.o
    0x2400ba94        -       0x00000168   Zero   RW         9504    .bss                dev_can.o
    0x2400bbfc        -       0x0000008c   Zero   RW         9605    .bss                dev_serial.o
    0x2400bc88        -       0x00000016   Zero   RW         9966    .bss                protocol_dbus.o
    0x2400bc9e        -       0x000000a8   Zero   RW        10037    .bss                protocol_judgement.o
    0x2400bd46        -       0x00000349   Zero   RW        10100    .bss                protocol_ui.o
    0x2400c08f   COMPRESSED   0x00000001   PAD
    0x2400c090        -       0x00000060   Zero   RW        11589    .bss                c_w.l(libspace.o)
    0x2400c0f0        -       0x00001000   Zero   RW            2    HEAP                startup_stm32h723xx.o
    0x2400d0f0        -       0x00000400   Zero   RW            1    STACK               startup_stm32h723xx.o


==============================================================================

Image component sizes


      Code (inc. data)   RO Data    RW Data    ZI Data      Debug   Object Name

         0          0          0          0          0       1280   algorithm_kalman.o
       710         10          0          5          0       6658   algorithm_pid.o
        42          0          0          0          0        729   algorithm_user_lib.o
      1412        142          4          0        152      25599   app_motor.o
        24          6          0          0        144      13846   app_preference.o
       186         16          0          0      18384       3029   app_rgb.o
      2066        194          4          0        284      18209   app_serial.o
       252          6          0          1          0       3558   app_vofa.o
       520        102          0         64          0       4414   bsp_dwt.o
       408         34          0         32          0    1001518   chassis_power_control.o
      4930        236          4         56       1200    1080467   chassis_task.o
       452         38          0          4       1720      57835   cmsis_os2.o
      1274         94          4         32        884      31076   correspond_task.o
       442         52          4          0        360      18320   dev_can.o
       986        244          4          0        140       9287   dev_serial.o
       240          6          0          0          0       1038   dma.o
       174          0          0          0          0       4760   drivers_buffer.o
       156          4          0          0          0       3396   drivers_statistic.o
         0          0          0          0          0      19544   event_groups.o
       976         56          0         16        480       3981   fdcan.o
       506        198        715         84          0       6455   freertos.o
      5296        336         44         76       2856      36641   gimbal_task.o
       252         14          0          0          0       1207   gpio.o
       624         26          0          0        648     940836   guard_task.o
       724         74          0         32      15360       5115   heap_4.o
       148          0          0          0          0       3826   list.o
       372         10          0          0          0    1227331   main.o
      4010        310          4         74        768      29536   message_task.o
        72          6          0          0          0       1641   my_kalman.o
      1014         92          0         12          0      12037   port.o
       282         20        768          2          0       5288   protocol_crc.o
       884         16          0          0         22       6098   protocol_dbus.o
       460         26          0        172        168      10229   protocol_judgement.o
      1124         38          0          0        841    1003742   protocol_ui.o
      2012         20          0          0         64      18854   queue.o
        10          0          0          0          0       2350   rtossystem_task.o
        64         26        716          0       5120        864   startup_stm32h723xx.o
       132         30          0          9          0      22502   stm32h7xx_hal.o
       258         22          0          0          0      39410   stm32h7xx_hal_cortex.o
      8650        164          8          0          0      13642   stm32h7xx_hal_dma.o
      3532         54         92          0          0      22945   stm32h7xx_hal_fdcan.o
       508         50          0          0          0       2296   stm32h7xx_hal_gpio.o
        48          6          0          0          0        974   stm32h7xx_hal_msp.o
        96          6          0          0          0        793   stm32h7xx_hal_pwr_ex.o
      3496        120          0          0          0       7761   stm32h7xx_hal_rcc.o
      5140        112          0          0          0       7477   stm32h7xx_hal_rcc_ex.o
      4146        362          0          0          0      23427   stm32h7xx_hal_tim.o
       234         38          0          0          0       3396   stm32h7xx_hal_tim_ex.o
       148         20          0          0         76       1659   stm32h7xx_hal_timebase_tim.o
      6142        220         24          0          0      42103   stm32h7xx_hal_uart.o
       360         10         16          0          0       5710   stm32h7xx_hal_uart_ex.o
       482        110          0          0          0      13457   stm32h7xx_it.o
         0          0          0          0          0       9524   stream_buffer.o
       224         32         16          8          0       1474   system_stm32h7xx.o
      2836        344          0         60       1220      28106   tasks.o
       940         70          0          0        348       4460   tim.o
      1318        124          0         20        280      30831   timers.o
      3116        164          4         17        160      11503   uidraw_task.o
      2104        156          0          0       1940       5988   usart.o

    ----------------------------------------------------------------------
     77088       4666       2464        792      53624    5920032   Object Totals
         0          0         32          0          0          0   (incl. Generated)
        74          0          1         16          5          0   (incl. Padding)

    ----------------------------------------------------------------------

      Code (inc. data)   RO Data    RW Data    ZI Data      Debug   Library Member Name

         0          0       2052          0          0       4636   arm_common_tables.o
       120         12          0          0          0      16970   arm_cos_f32.o
       116         12          0          0          0        658   arm_sin_f32.o
        90          0          0          0          0          0   __dczerorl2.o
         8          0          0          0          0         68   __main.o
         0          0          0          0          0          0   __rtentry.o
        12          0          0          0          0          0   __rtentry2.o
         6          0          0          0          0          0   __rtentry4.o
        52          8          0          0          0          0   __scatter.o
        28          0          0          0          0          0   __scatter_zi.o
        22          0          0          0          0        100   _rserrno.o
        22          0          0          0          0         80   abort.o
        46          0          0          0          0         84   aeabi_atexit.o
        16          0          0          0          0         68   aeabi_memset.o
        66          0          0          0          0         84   cxa_finalize.o
        48         34          0          0          0         76   defsig_abrt_inner.o
        14          0          0          0          0         80   defsig_abrt_outer.o
        10          0          0          0          0         68   defsig_exit.o
        50          0          0          0          0         88   defsig_general.o
        80         58          0          0          0         76   defsig_rtmem_inner.o
        14          0          0          0          0         80   defsig_rtmem_outer.o
        18          0          0          0          0         80   exit.o
        94          0          0          0          0         80   h1_alloc.o
        52          0          0          0          0         68   h1_extend.o
        78          0          0          0          0         80   h1_free.o
        14          0          0          0          0         84   h1_init.o
         6          0          0          0          0        152   heapauxi.o
         4          0          0          0          0        136   hguard.o
         0          0          0          0          0          0   indicate_semi.o
        36         10          0          0          0         80   init_aeabi.o
       138          0          0          0          0        168   init_alloc.o
         2          0          0          0          0          0   libinit.o
        18          0          0          0          0          0   libinit2.o
         2          0          0          0          0          0   libshutdown.o
         8          0          0          0          0          0   libshutdown2.o
         8          4          0          0         96         68   libspace.o
       238          0          0          0          0        100   lludivv7m.o
         0          0          0          0          0          0   maybetermalloc1.o
         8          4          0          0          0         68   rt_ddtor_pointer_addr_intlibspace.o
         8          4          0          0          0         68   rt_eh_globals_addr_intlibspace.o
         8          4          0          0          0         68   rt_errno_addr_intlibspace.o
         8          4          0          0          0         68   rt_heap_descriptor_intlibspace.o
        68          0          0          0          0         68   rt_memclr.o
        78          0          0          0          0         80   rt_memclr_w.o
       138          0          0          0          0         68   rt_memcpy_v6.o
       100          0          0          0          0         80   rt_memcpy_w.o
         8          4          0          0          0         68   rt_new_handler_addr_intlibspace.o
         2          0          0          0          0          0   rtexit.o
        10          0          0          0          0          0   rtexit2.o
        12          4          0          0          0         68   sys_exit.o
        74          0          0          0          0         80   sys_stackheap_outer.o
        14          0          0          0          0         76   sys_wrch.o
         2          0          0          0          0         68   use_no_semi.o
        36          0          0          0          0         84   aeabi_vec_ctor_nocookie_nodtor.o
        34          0          0          0          0         84   aeabi_vec_dtor_noexceptions.o
        80         12          0          0          0        104   arm_exceptions_globs.o
        60          0          0          0          0        108   arm_exceptions_mem.o
        26          0          0          0          0         76   arm_exceptions_terminate.o
         4          0          0          0          0         68   arm_newhandler_noexceptions.o
         8          0          0          0          0         76   array_new.o
        40          6          0          0          0         76   new.o
        10          0          0          0          0        116   fpinit.o
         0          0          0          0          0          0   usenofp.o
       336         60          0          0          0        136   cosf.o
        22          6          0          0          0        232   funder.o
       340         24         32          0          0        160   rredf.o
        58          0          0          0          0        136   sqrtf_full.o

    ----------------------------------------------------------------------
      3140        270       2084          0         96      26696   Library Totals
        12          0          0          0          0          0   (incl. Padding)

    ----------------------------------------------------------------------

      Code (inc. data)   RO Data    RW Data    ZI Data      Debug   Library Name

       236         24       2052          0          0      22264   arm_cortexM4lf_math.lib
      1838        138          0          0         96       2976   c_w.l
       288         18          0          0          0        676   cpprt_w.l
        10          0          0          0          0        116   g_wv.l
       756         90         32          0          0        664   m_wv.l

    ----------------------------------------------------------------------
      3140        270       2084          0         96      26696   Library Totals

    ----------------------------------------------------------------------

==============================================================================


      Code (inc. data)   RO Data    RW Data    ZI Data      Debug   

     80228       4936       4548        792      53720    5901196   Grand Totals
     80228       4936       4548        164      53720    5901196   ELF Image Totals (compressed)
     80228       4936       4548        164          0          0   ROM Totals

==============================================================================

    Total RO  Size (Code + RO Data)                84776 (  82.79kB)
    Total RW  Size (RW Data + ZI Data)             54512 (  53.23kB)
    Total ROM Size (Code + RO Data + RW Data)      84940 (  82.95kB)

==============================================================================

