Component: ARM Compiler 5.06 update 7 (build 960) Tool: armlink [4d3601]

==============================================================================

Section Cross References

    startup_stm32h723xx.o(STACK) refers (Special) to heapauxi.o(.text) for __use_two_region_memory
    startup_stm32h723xx.o(HEAP) refers (Special) to heapauxi.o(.text) for __use_two_region_memory
    startup_stm32h723xx.o(RESET) refers (Special) to heapauxi.o(.text) for __use_two_region_memory
    startup_stm32h723xx.o(RESET) refers to startup_stm32h723xx.o(STACK) for __initial_sp
    startup_stm32h723xx.o(RESET) refers to startup_stm32h723xx.o(.text) for Reset_Handler
    startup_stm32h723xx.o(RESET) refers to stm32h7xx_it.o(i.NMI_Handler) for NMI_Handler
    startup_stm32h723xx.o(RESET) refers to stm32h7xx_it.o(i.HardFault_Handler) for HardFault_Handler
    startup_stm32h723xx.o(RESET) refers to stm32h7xx_it.o(i.MemManage_Handler) for MemManage_Handler
    startup_stm32h723xx.o(RESET) refers to stm32h7xx_it.o(i.BusFault_Handler) for BusFault_Handler
    startup_stm32h723xx.o(RESET) refers to stm32h7xx_it.o(i.UsageFault_Handler) for UsageFault_Handler
    startup_stm32h723xx.o(RESET) refers to port.o(.emb_text) for SVC_Handler
    startup_stm32h723xx.o(RESET) refers to stm32h7xx_it.o(i.DebugMon_Handler) for DebugMon_Handler
    startup_stm32h723xx.o(RESET) refers to cmsis_os2.o(i.SysTick_Handler) for SysTick_Handler
    startup_stm32h723xx.o(RESET) refers to stm32h7xx_it.o(i.DMA1_Stream0_IRQHandler) for DMA1_Stream0_IRQHandler
    startup_stm32h723xx.o(RESET) refers to stm32h7xx_it.o(i.DMA1_Stream1_IRQHandler) for DMA1_Stream1_IRQHandler
    startup_stm32h723xx.o(RESET) refers to stm32h7xx_it.o(i.DMA1_Stream2_IRQHandler) for DMA1_Stream2_IRQHandler
    startup_stm32h723xx.o(RESET) refers to stm32h7xx_it.o(i.DMA1_Stream3_IRQHandler) for DMA1_Stream3_IRQHandler
    startup_stm32h723xx.o(RESET) refers to stm32h7xx_it.o(i.DMA1_Stream4_IRQHandler) for DMA1_Stream4_IRQHandler
    startup_stm32h723xx.o(RESET) refers to stm32h7xx_it.o(i.DMA1_Stream5_IRQHandler) for DMA1_Stream5_IRQHandler
    startup_stm32h723xx.o(RESET) refers to stm32h7xx_it.o(i.DMA1_Stream6_IRQHandler) for DMA1_Stream6_IRQHandler
    startup_stm32h723xx.o(RESET) refers to stm32h7xx_it.o(i.FDCAN1_IT0_IRQHandler) for FDCAN1_IT0_IRQHandler
    startup_stm32h723xx.o(RESET) refers to stm32h7xx_it.o(i.FDCAN2_IT0_IRQHandler) for FDCAN2_IT0_IRQHandler
    startup_stm32h723xx.o(RESET) refers to stm32h7xx_it.o(i.TIM1_UP_IRQHandler) for TIM1_UP_IRQHandler
    startup_stm32h723xx.o(RESET) refers to stm32h7xx_it.o(i.USART1_IRQHandler) for USART1_IRQHandler
    startup_stm32h723xx.o(RESET) refers to stm32h7xx_it.o(i.USART3_IRQHandler) for USART3_IRQHandler
    startup_stm32h723xx.o(RESET) refers to stm32h7xx_it.o(i.DMA1_Stream7_IRQHandler) for DMA1_Stream7_IRQHandler
    startup_stm32h723xx.o(RESET) refers to stm32h7xx_it.o(i.UART4_IRQHandler) for UART4_IRQHandler
    startup_stm32h723xx.o(RESET) refers to stm32h7xx_it.o(i.DMA2_Stream0_IRQHandler) for DMA2_Stream0_IRQHandler
    startup_stm32h723xx.o(RESET) refers to stm32h7xx_it.o(i.DMA2_Stream1_IRQHandler) for DMA2_Stream1_IRQHandler
    startup_stm32h723xx.o(RESET) refers to stm32h7xx_it.o(i.DMA2_Stream2_IRQHandler) for DMA2_Stream2_IRQHandler
    startup_stm32h723xx.o(RESET) refers to stm32h7xx_it.o(i.UART7_IRQHandler) for UART7_IRQHandler
    startup_stm32h723xx.o(RESET) refers to stm32h7xx_it.o(i.UART8_IRQHandler) for UART8_IRQHandler
    startup_stm32h723xx.o(RESET) refers to stm32h7xx_it.o(i.FDCAN3_IT0_IRQHandler) for FDCAN3_IT0_IRQHandler
    startup_stm32h723xx.o(.text) refers (Special) to heapauxi.o(.text) for __use_two_region_memory
    startup_stm32h723xx.o(.text) refers to system_stm32h7xx.o(i.SystemInit) for SystemInit
    startup_stm32h723xx.o(.text) refers to __main.o(!!!main) for __main
    startup_stm32h723xx.o(.text) refers to startup_stm32h723xx.o(HEAP) for Heap_Mem
    startup_stm32h723xx.o(.text) refers to startup_stm32h723xx.o(STACK) for Stack_Mem
    main.o(i.HAL_TIM_PeriodElapsedCallback) refers to stm32h7xx_hal.o(i.HAL_IncTick) for HAL_IncTick
    main.o(i.PeriphCommonClock_Config) refers to rt_memclr_w.o(.text) for __aeabi_memclr4
    main.o(i.PeriphCommonClock_Config) refers to stm32h7xx_hal_rcc_ex.o(i.HAL_RCCEx_PeriphCLKConfig) for HAL_RCCEx_PeriphCLKConfig
    main.o(i.PeriphCommonClock_Config) refers to main.o(i.Error_Handler) for Error_Handler
    main.o(i.SystemClock_Config) refers to rt_memclr_w.o(.text) for __aeabi_memclr4
    main.o(i.SystemClock_Config) refers to stm32h7xx_hal_pwr_ex.o(i.HAL_PWREx_ConfigSupply) for HAL_PWREx_ConfigSupply
    main.o(i.SystemClock_Config) refers to stm32h7xx_hal_rcc.o(i.HAL_RCC_OscConfig) for HAL_RCC_OscConfig
    main.o(i.SystemClock_Config) refers to main.o(i.Error_Handler) for Error_Handler
    main.o(i.SystemClock_Config) refers to stm32h7xx_hal_rcc.o(i.HAL_RCC_ClockConfig) for HAL_RCC_ClockConfig
[...]
    Chassis_taskHandle                       0x2400002c   Data           4  freertos.o(.data)
    UIDraw_taskHandle                        0x24000030   Data           4  freertos.o(.data)
    Referee_Rx_taskHandle                    0x24000034   Data           4  freertos.o(.data)
    Message_Queue                            0x24000038   Data           4  freertos.o(.data)
    CAN1_Rx_Queue                            0x2400003c   Data           4  freertos.o(.data)
    CAN2_Rx_Queue                            0x24000040   Data           4  freertos.o(.data)
    CAN3_Rx_Queue                            0x24000044   Data           4  freertos.o(.data)
    Serial_Rx_Queue                          0x24000048   Data           4  freertos.o(.data)
    Referee_Rx_Queue                         0x2400004c   Data           4  freertos.o(.data)
    DR16_Rx_Queue                            0x24000050   Data           4  freertos.o(.data)
    check_fdcan1_RAM_Offset                  0x24000054   Data           4  fdcan.o(.data)
    check_fdcan2_RAM_Offset                  0x24000058   Data           4  fdcan.o(.data)
    check_fdcan3_RAM_Offset                  0x2400005c   Data           4  fdcan.o(.data)
    uwTick                                   0x24000064   Data           4  stm32h7xx_hal.o(.data)
    uwTickPrio                               0x24000068   Data           4  stm32h7xx_hal.o(.data)
    uwTickFreq                               0x2400006c   Data           1  stm32h7xx_hal.o(.data)
    SystemCoreClock                          0x24000070   Data           4  system_stm32h7xx.o(.data)
    SystemD2Clock                            0x24000074   Data           4  system_stm32h7xx.o(.data)
    pxCurrentTCB                             0x24000078   Data           4  tasks.o(.data)
    TOP_dir                                  0x24000108   Data           4  chassis_task.o(.data)
    Top_power_xy                             0x2400010c   Data           4  chassis_task.o(.data)
    ZC_power_xy                              0x24000110   Data           4  chassis_task.o(.data)
    Rollback_Circle                          0x24000134   Data           1  gimbal_task.o(.data)
    Is_StartRollBack                         0x24000135   Data           1  gimbal_task.o(.data)
    last_aim_target                          0x24000138   Data           4  gimbal_task.o(.data)
    filter_aim_yaw_target                    0x2400013c   Data           4  gimbal_task.o(.data)
    feedforward                              0x24000140   Data           4  gimbal_task.o(.data)
    last_in                                  0x24000144   Data           4  gimbal_task.o(.data)
    T                                        0x24000148   Data           4  gimbal_task.o(.data)
    last_in_pitch                            0x2400014c   Data           4  gimbal_task.o(.data)
    is_HighShootFrequency                    0x24000150   Data           1  gimbal_task.o(.data)
    UI_Send                                  0x240001ac   Data           1  uidraw_task.o(.data)
    SysTime                                  0x240001b0   Data           8  bsp_dwt.o(.data)
    CYCCNT64                                 0x240001d0   Data           8  bsp_dwt.o(.data)
    CRC_INIT                                 0x240001f0   Data           2  protocol_crc.o(.data)
    level_group                              0x240001fc   Data          40  protocol_judgement.o(.data)
    HP_group                                 0x24000224   Data          40  protocol_judgement.o(.data)
    power_group1                             0x2400024c   Data          40  protocol_judgement.o(.data)
    power_group2                             0x24000274   Data          40  protocol_judgement.o(.data)
    PID                                      0x240002a0   Data           1  algorithm_pid.o(.data)
    Power                                    0x240002b8   Data           4  chassis_power_control.o(.data)
    Power1                                   0x240002bc   Data           4  chassis_power_control.o(.data)
    powermax                                 0x240002c0   Data           4  chassis_power_control.o(.data)
    k1                                       0x240002c4   Data           4  chassis_power_control.o(.data)
    hfdcan1                                  0x240002c8   Data         160  fdcan.o(.bss)
    hfdcan2                                  0x24000368   Data         160  fdcan.o(.bss)
    hfdcan3                                  0x24000408   Data         160  fdcan.o(.bss)
    htim2                                    0x240004a8   Data          76  tim.o(.bss)
    htim3                                    0x240004f4   Data          76  tim.o(.bss)
    htim4                                    0x24000540   Data          76  tim.o(.bss)
    hdma_tim3_ch1                            0x2400058c   Data         120  tim.o(.bss)
    huart4                                   0x24000604   Data         148  usart.o(.bss)
    huart7                                   0x24000698   Data         148  usart.o(.bss)
    huart8                                   0x2400072c   Data         148  usart.o(.bss)
    huart1                                   0x240007c0   Data         148  usart.o(.bss)
    huart3                                   0x24000854   Data         148  usart.o(.bss)
    hdma_uart4_rx                            0x240008e8   Data         120  usart.o(.bss)
    hdma_uart4_tx                            0x24000960   Data         120  usart.o(.bss)
    hdma_uart7_rx                            0x240009d8   Data         120  usart.o(.bss)
    hdma_uart7_tx                            0x24000a50   Data         120  usart.o(.bss)
    hdma_uart8_rx                            0x24000ac8   Data         120  usart.o(.bss)
    hdma_uart8_tx                            0x24000b40   Data         120  usart.o(.bss)
    hdma_usart1_rx                           0x24000bb8   Data         120  usart.o(.bss)
    hdma_usart1_tx                           0x24000c30   Data         120  usart.o(.bss)
    hdma_usart3_rx                           0x24000ca8   Data         120  usart.o(.bss)
    hdma_usart3_tx                           0x24000d20   Data         120  usart.o(.bss)
    htim1                                    0x24000d98   Data          76  stm32h7xx_hal_timebase_tim.o(.bss)
    xQueueRegistry                           0x24000de4   Data          64  queue.o(.bss)
    Chassis                                  0x240056b8   Data        1200  chassis_task.o(.bss)
    Gimbal                                   0x24005b68   Data        2508  gimbal_task.o(.bss)
    set_bo                                   0x24006534   Data          60  correspond_task.o(.bss)
    Corres                                   0x24006570   Data         756  correspond_task.o(.bss)
    Guard                                    0x24006864   Data         648  guard_task.o(.bss)
    Message                                  0x24006aec   Data         776  message_task.o(.bss)
    UIDraw                                   0x24006df8   Data         160  uidraw_task.o(.bss)
    Serial_Cmd                               0x24006e98   Data          84  app_serial.o(.bss)
    judgedata                                0x24006eec   Data         200  app_serial.o(.bss)
    CAN_Cmd                                  0x24006fb4   Data         152  app_motor.o(.bss)
    ID_Data                                  0x2400704c   Data         144  app_preference.o(.bss)
    CAN1_Ctrl                                0x2400b8ac   Data         120  dev_can.o(.bss)
    CAN2_Ctrl                                0x2400b924   Data         120  dev_can.o(.bss)
    CAN3_Ctrl                                0x2400b99c   Data         120  dev_can.o(.bss)
    Serial1_Ctrl                             0x2400ba14   Data          28  dev_serial.o(.bss)
    Serial3_Ctrl                             0x2400ba30   Data          28  dev_serial.o(.bss)
    Serial4_Ctrl                             0x2400ba4c   Data          28  dev_serial.o(.bss)
    Serial7_Ctrl                             0x2400ba68   Data          28  dev_serial.o(.bss)
    Serial8_Ctrl                             0x2400ba84   Data          28  dev_serial.o(.bss)
    RC_ctrl                                  0x2400baa0   Data          22  protocol_dbus.o(.bss)
    judge_type                               0x2400bab6   Data         168  protocol_judgement.o(.bss)
    ext_client_custom_graphic_single         0x2400bb5e   Data          21  protocol_ui.o(.bss)
    graphic_delete                           0x2400bb73   Data          17  protocol_ui.o(.bss)
    ext_client_custom_characte               0x2400bb84   Data          45  protocol_ui.o(.bss)
    draw_data_struct                         0x2400bbb1   Data         120  protocol_ui.o(.bss)
    char_data_struct                         0x2400bc29   Data          60  protocol_ui.o(.bss)
    graph_data_struct                        0x2400bc65   Data          30  protocol_ui.o(.bss)
    num_data_struct                          0x2400bc83   Data          30  protocol_ui.o(.bss)
    map_data_struct                          0x2400bca1   Data          23  protocol_ui.o(.bss)
    MA_UIgraphic_struct                      0x2400bcb8   Data         120  protocol_ui.o(.bss)
    MA_UInumber_struct                       0x2400bd30   Data         120  protocol_ui.o(.bss)
    judgeTX_buf                              0x2400bda8   Data         255  protocol_ui.o(.bss)
    __libspace_start                         0x2400bea8   Data          96  libspace.o(.bss)
    __temporary_stack_top$libspace           0x2400bf08   Data           0  libspace.o(.bss)



==============================================================================

Memory Map of the image

  Image Entry point : 0x080002cd

  Load Region LR_IROM1 (Base: 0x08000000, Size: 0x00014ae0, Max: 0x00100000, ABSOLUTE, COMPRESSED[0x000148a8])

    Execution Region ER_IROM1 (Exec base: 0x08000000, Load base: 0x08000000, Size: 0x00014818, Max: 0x00100000, ABSOLUTE)

    Exec Addr    Load Addr    Size         Type   Attr      Idx    E Section Name        Object

    0x08000000   0x08000000   0x000002cc   Data   RO            3    RESET               startup_stm32h723xx.o
    0x080002cc   0x080002cc   0x00000008   Code   RO        11327  * !!!main             c_w.l(__main.o)
    0x080002d4   0x080002d4   0x00000034   Code   RO        11846    !!!scatter          c_w.l(__scatter.o)
    0x08000308   0x08000308   0x0000005a   Code   RO        11844    !!dczerorl2         c_w.l(__dczerorl2.o)
    0x08000362   0x08000362   0x00000002   PAD
    0x08000364   0x08000364   0x0000001c   Code   RO        11848    !!handler_zi        c_w.l(__scatter_zi.o)
    0x08000380   0x08000380   0x00000002   Code   RO        11752    .ARM.Collect$$libinit$$00000000  c_w.l(libinit.o)
    0x08000382   0x08000382   0x00000004   Code   RO        11446    .ARM.Collect$$libinit$$00000001  c_w.l(libinit2.o)
    0x08000386   0x08000386   0x00000000   Code   RO        11449    .ARM.Collect$$libinit$$00000004  c_w.l(libinit2.o)
    0x08000386   0x08000386   0x00000008   Code   RO        11450    .ARM.Collect$$libinit$$00000005  c_w.l(libinit2.o)
    0x0800038e   0x0800038e   0x00000000   Code   RO        11452    .ARM.Collect$$libinit$$0000000A  c_w.l(libinit2.o)
    0x0800038e   0x0800038e   0x00000000   Code   RO        11454    .ARM.Collect$$libinit$$0000000C  c_w.l(libinit2.o)
    0x0800038e   0x0800038e   0x00000000   Code   RO        11456    .ARM.Collect$$libinit$$0000000E  c_w.l(libinit2.o)
    0x0800038e   0x0800038e   0x00000000   Code   RO        11459    .ARM.Collect$$libinit$$00000011  c_w.l(libinit2.o)
    0x0800038e   0x0800038e   0x00000000   Code   RO        11461    .ARM.Collect$$libinit$$00000013  c_w.l(libinit2.o)
    0x0800038e   0x0800038e   0x00000000   Code   RO        11463    .ARM.Collect$$libinit$$00000015  c_w.l(libinit2.o)
    0x0800038e   0x0800038e   0x00000000   Code   RO        11465    .ARM.Collect$$libinit$$00000017  c_w.l(libinit2.o)
    0x0800038e   0x0800038e   0x00000000   Code   RO        11467    .ARM.Collect$$libinit$$00000019  c_w.l(libinit2.o)
    0x0800038e   0x0800038e   0x00000000   Code   RO        11469    .ARM.Collect$$libinit$$0000001B  c_w.l(libinit2.o)
    0x0800038e   0x0800038e   0x00000000   Code   RO        11471    .ARM.Collect$$libinit$$0000001D  c_w.l(libinit2.o)
    0x0800038e   0x0800038e   0x00000000   Code   RO        11473    .ARM.Collect$$libinit$$0000001F  c_w.l(libinit2.o)
    0x0800038e   0x0800038e   0x00000000   Code   RO        11475    .ARM.Collect$$libinit$$00000021  c_w.l(libinit2.o)
    0x0800038e   0x0800038e   0x00000000   Code   RO        11477    .ARM.Collect$$libinit$$00000023  c_w.l(libinit2.o)
    0x0800038e   0x0800038e   0x00000000   Code   RO        11479    .ARM.Collect$$libinit$$00000025  c_w.l(libinit2.o)
    0x0800038e   0x0800038e   0x00000000   Code   RO        11483    .ARM.Collect$$libinit$$0000002C  c_w.l(libinit2.o)
    0x0800038e   0x0800038e   0x00000000   Code   RO        11485    .ARM.Collect$$libinit$$0000002E  c_w.l(libinit2.o)
    0x0800038e   0x0800038e   0x00000000   Code   RO        11487    .ARM.Collect$$libinit$$00000030  c_w.l(libinit2.o)
    0x0800038e   0x0800038e   0x00000004   Code   RO        11488    .ARM.Collect$$libinit$$00000031  c_w.l(libinit2.o)
    0x08000392   0x08000392   0x00000000   Code   RO        11489    .ARM.Collect$$libinit$$00000032  c_w.l(libinit2.o)
    0x08000392   0x08000392   0x00000002   Code   RO        11490    .ARM.Collect$$libinit$$00000033  c_w.l(libinit2.o)
    0x08000394   0x08000394   0x00000002   Code   RO        11841    .ARM.Collect$$libshutdown$$00000000  c_w.l(libshutdown.o)
    0x08000396   0x08000396   0x00000000   Code   RO        11575    .ARM.Collect$$libshutdown$$00000002  c_w.l(libshutdown2.o)
    0x08000396   0x08000396   0x00000006   Code   RO        11576    .ARM.Collect$$libshutdown$$00000003  c_w.l(libshutdown2.o)
    0x0800039c   0x0800039c   0x00000000   Code   RO        11577    .ARM.Collect$$libshutdown$$00000004  c_w.l(libshutdown2.o)
    0x0800039c   0x0800039c   0x00000000   Code   RO        11579    .ARM.Collect$$libshutdown$$00000006  c_w.l(libshutdown2.o)
    0x0800039c   0x0800039c   0x00000000   Code   RO        11582    .ARM.Collect$$libshutdown$$00000009  c_w.l(libshutdown2.o)
    0x0800039c   0x0800039c   0x00000000   Code   RO        11585    .ARM.Collect$$libshutdown$$0000000C  c_w.l(libshutdown2.o)
    0x0800039c   0x0800039c   0x00000000   Code   RO        11587    .ARM.Collect$$libshutdown$$0000000E  c_w.l(libshutdown2.o)
    0x0800039c   0x0800039c   0x00000000   Code   RO        11590    .ARM.Collect$$libshutdown$$00000011  c_w.l(libshutdown2.o)
    0x0800039c   0x0800039c   0x00000002   Code   RO        11591    .ARM.Collect$$libshutdown$$00000012  c_w.l(libshutdown2.o)
    0x0800039e   0x0800039e   0x00000000   Code   RO        11399    .ARM.Collect$$rtentry$$00000000  c_w.l(__rtentry.o)
    0x0800039e   0x0800039e   0x00000000   Code   RO        11536    .ARM.Collect$$rtentry$$00000002  c_w.l(__rtentry2.o)
    0x0800039e   0x0800039e   0x00000006   Code   RO        11548    .ARM.Collect$$rtentry$$00000004  c_w.l(__rtentry4.o)
    0x080003a4   0x080003a4   0x00000000   Code   RO        11538    .ARM.Collect$$rtentry$$00000009  c_w.l(__rtentry2.o)
    0x080003a4   0x080003a4   0x00000004   Code   RO        11539    .ARM.Collect$$rtentry$$0000000A  c_w.l(__rtentry2.o)
    0x080003a8   0x080003a8   0x00000000   Code   RO        11541    .ARM.Collect$$rtentry$$0000000C  c_w.l(__rtentry2.o)
    0x080003a8   0x080003a8   0x00000008   Code   RO        11542    .ARM.Collect$$rtentry$$0000000D  c_w.l(__rtentry2.o)
    0x080003b0   0x080003b0   0x00000002   Code   RO        11781    .ARM.Collect$$rtexit$$00000000  c_w.l(rtexit.o)
    0x080003b2   0x080003b2   0x00000000   Code   RO        11817    .ARM.Collect$$rtexit$$00000002  c_w.l(rtexit2.o)
    0x080003b2   0x080003b2   0x00000004   Code   RO        11818    .ARM.Collect$$rtexit$$00000003  c_w.l(rtexit2.o)
    0x080003b6   0x080003b6   0x00000006   Code   RO        11819    .ARM.Collect$$rtexit$$00000004  c_w.l(rtexit2.o)
    0x080003bc   0x080003bc   0x000000be   Code   RO         7236    .emb_text           port.o
    0x0800047a   0x0800047a   0x00000002   PAD
    0x0800047c   0x0800047c   0x00000000   Code   RO        11559    .emb_text           c_w.l(maybetermalloc1.o)
    0x0800047c   0x0800047c   0x00000040   Code   RO            4    .text               startup_stm32h723xx.o
    0x080004bc   0x080004bc   0x00000078   Code   RO        10941    .text               arm_cortexM4lf_math.lib(arm_cos_f32.o)
    0x08000534   0x08000534   0x00000074   Code   RO        10994    .text               arm_cortexM4lf_math.lib(arm_sin_f32.o)
    0x080005a8   0x080005a8   0x0000005e   Code   RO        11247    .text               c_w.l(h1_alloc.o)
    0x08000606   0x08000606   0x0000004e   Code   RO        11249    .text               c_w.l(h1_free.o)
    0x08000654   0x08000654   0x000000ee   Code   RO        11305    .text               c_w.l(lludivv7m.o)
    0x08000742   0x08000742   0x0000002e   Code   RO        11310    .text               c_w.l(aeabi_atexit.o)
    0x08000770   0x08000770   0x0000008a   Code   RO        11313    .text               c_w.l(rt_memcpy_v6.o)
    0x080007fa   0x080007fa   0x00000064   Code   RO        11315    .text               c_w.l(rt_memcpy_w.o)
    0x0800085e   0x0800085e   0x00000010   Code   RO        11319    .text               c_w.l(aeabi_memset.o)
    0x0800086e   0x0800086e   0x00000044   Code   RO        11321    .text               c_w.l(rt_memclr.o)
    0x080008b2   0x080008b2   0x0000004e   Code   RO        11323    .text               c_w.l(rt_memclr_w.o)
    0x08000900   0x08000900   0x00000006   Code   RO        11325    .text               c_w.l(heapauxi.o)
    0x08000906   0x08000906   0x00000002   PAD
    0x08000908   0x08000908   0x00000024   Code   RO        11332    .text               c_w.l(init_aeabi.o)
    0x0800092c   0x0800092c   0x00000022   Code   RO        11346    .text               cpprt_w.l(aeabi_vec_dtor_noexceptions.o)
    0x0800094e   0x0800094e   0x00000002   PAD
    0x08000950   0x08000950   0x00000008   Code   RO        11407    .text               c_w.l(rt_heap_descriptor_intlibspace.o)
    0x08000958   0x08000958   0x00000008   Code   RO        11412    .text               c_w.l(rt_new_handler_addr_intlibspace.o)
    0x08000960   0x08000960   0x00000008   Code   RO        11417    .text               c_w.l(rt_ddtor_pointer_addr_intlibspace.o)
    0x08000968   0x08000968   0x00000004   Code   RO        11419    .text               c_w.l(hguard.o)
    0x0800096c   0x0800096c   0x0000008a   Code   RO        11421    .text               c_w.l(init_alloc.o)
    0x080009f6   0x080009f6   0x0000000e   Code   RO        11425    .text               c_w.l(h1_init.o)
    0x08000a04   0x08000a04   0x00000016   Code   RO        11439    .text               c_w.l(_rserrno.o)
    0x08000a1a   0x08000a1a   0x00000042   Code   RO        11441    .text               c_w.l(cxa_finalize.o)
    0x08000a5c   0x08000a5c   0x00000004   Code   RO        11494    .text               cpprt_w.l(arm_newhandler_noexceptions.o)
    0x08000a60   0x08000a60   0x00000008   Code   RO        11532    .text               c_w.l(libspace.o)
    0x08000a68   0x08000a68   0x00000008   Code   RO        11555    .text               c_w.l(rt_errno_addr_intlibspace.o)
    0x08000a70   0x08000a70   0x00000034   Code   RO        11561    .text               c_w.l(h1_extend.o)
    0x08000aa4   0x08000aa4   0x0000000e   Code   RO        11565    .text               c_w.l(defsig_rtmem_outer.o)
    0x08000ab2   0x08000ab2   0x0000001a   Code   RO        11714    .text               cpprt_w.l(arm_exceptions_terminate.o)
    0x08000acc   0x08000acc   0x00000002   Code   RO        11722    .text               c_w.l(use_no_semi.o)
    0x08000ace   0x08000ace   0x00000000   Code   RO        11724    .text               c_w.l(indicate_semi.o)
    0x08000ace   0x08000ace   0x0000004a   Code   RO        11725    .text               c_w.l(sys_stackheap_outer.o)
    0x08000b18   0x08000b18   0x00000012   Code   RO        11731    .text               c_w.l(exit.o)
    0x08000b2a   0x08000b2a   0x00000016   Code   RO        11733    .text               c_w.l(abort.o)
    0x08000b40   0x08000b40   0x0000000a   Code   RO        11735    .text               c_w.l(defsig_exit.o)
    0x08000b4a   0x08000b4a   0x00000002   PAD
    0x08000b4c   0x08000b4c   0x00000050   Code   RO        11741    .text               c_w.l(defsig_rtmem_inner.o)
    0x08000b9c   0x08000b9c   0x00000050   Code   RO        11769    .text               cpprt_w.l(arm_exceptions_globs.o)
    0x08000bec   0x08000bec   0x0000000c   Code   RO        11779    .text               c_w.l(sys_exit.o)
    0x08000bf8   0x08000bf8   0x00000008   Code   RO        11786    .text               c_w.l(rt_eh_globals_addr_intlibspace.o)
    0x08000c00   0x08000c00   0x00000032   Code   RO        11796    .text               c_w.l(defsig_general.o)
    0x08000c32   0x08000c32   0x0000000e   Code   RO        11798    .text               c_w.l(defsig_abrt_outer.o)
    0x08000c40   0x08000c40   0x0000003c   Code   RO        11811    .text               cpprt_w.l(arm_exceptions_mem.o)
    0x08000c7c   0x08000c7c   0x0000000e   Code   RO        11814    .text               c_w.l(sys_wrch.o)
    0x08000c8a   0x08000c8a   0x00000002   PAD
    0x08000c8c   0x08000c8c   0x00000030   Code   RO        11823    .text               c_w.l(defsig_abrt_inner.o)
    0x08000cbc   0x08000cbc   0x00000004   Code   RO          520    i.BusFault_Handler  stm32h7xx_it.o
    0x08000cc0   0x08000cc0   0x00000038   Code   RO         8522    i.CAN1_Rx_Task      message_task.o
    0x08000cf8   0x08000cf8   0x00000038   Code   RO         8523    i.CAN2_Rx_Task      message_task.o
    0x08000d30   0x08000d30   0x00000038   Code   RO         8524    i.CAN3_Rx_Task      message_task.o
    0x08000d68   0x08000d68   0x00000098   Code   RO         7316    i.Chassis_Task      chassis_task.o
    0x08000e00   0x08000e00   0x00000038   Code   RO         8143    i.Correspond_Task   correspond_task.o
    0x08000e38   0x08000e38   0x00000010   Code   RO          521    i.DMA1_Stream0_IRQHandler  stm32h7xx_it.o
    0x08000e48   0x08000e48   0x00000010   Code   RO          522    i.DMA1_Stream1_IRQHandler  stm32h7xx_it.o
    0x08000e58   0x08000e58   0x00000010   Code   RO          523    i.DMA1_Stream2_IRQHandler  stm32h7xx_it.o
    0x08000e68   0x08000e68   0x00000010   Code   RO          524    i.DMA1_Stream3_IRQHandler  stm32h7xx_it.o
    0x08000e78   0x08000e78   0x00000010   Code   RO          525    i.DMA1_Stream4_IRQHandler  stm32h7xx_it.o
    0x08000e88   0x08000e88   0x00000010   Code   RO          526    i.DMA1_Stream5_IRQHandler  stm32h7xx_it.o
    0x08000e98   0x08000e98   0x00000010   Code   RO          527    i.DMA1_Stream6_IRQHandler  stm32h7xx_it.o
    0x08000ea8   0x08000ea8   0x00000010   Code   RO          528    i.DMA1_Stream7_IRQHandler  stm32h7xx_it.o
    0x08000eb8   0x08000eb8   0x00000010   Code   RO          529    i.DMA2_Stream0_IRQHandler  stm32h7xx_it.o
    0x08000ec8   0x08000ec8   0x00000010   Code   RO          530    i.DMA2_Stream1_IRQHandler  stm32h7xx_it.o
    0x08000ed8   0x08000ed8   0x00000010   Code   RO          531    i.DMA2_Stream2_IRQHandler  stm32h7xx_it.o
    0x08000ee8   0x08000ee8   0x000000ec   Code   RO         2672    i.DMA_CalcBaseAndBitshift  stm32h7xx_hal_dma.o
    0x08000fd4   0x08000fd4   0x000000c4   Code   RO         2673    i.DMA_CalcDMAMUXChannelBaseAndMask  stm32h7xx_hal_dma.o
    0x08001098   0x08001098   0x00000098   Code   RO         2674    i.DMA_CalcDMAMUXRequestGenBaseAndMask  stm32h7xx_hal_dma.o
    0x08001130   0x08001130   0x000000ae   Code   RO         2675    i.DMA_CheckFifoParam  stm32h7xx_hal_dma.o
    0x080011de   0x080011de   0x00000002   PAD
    0x080011e0   0x080011e0   0x00000274   Code   RO         2676    i.DMA_SetConfig     stm32h7xx_hal_dma.o
    0x08001454   0x08001454   0x00000068   Code   RO         8525    i.DR16_Rx_Task      message_task.o
    0x080014bc   0x080014bc   0x0000004c   Code   RO         9798    i.DWT_GetDeltaT     bsp_dwt.o
    0x08001508   0x08001508   0x00000054   Code   RO         9801    i.DWT_GetTimeline_s  bsp_dwt.o
    0x0800155c   0x0800155c   0x00000068   Code   RO         9803    i.DWT_Init          bsp_dwt.o
    0x080015c4   0x080015c4   0x000000d0   Code   RO         9804    i.DWT_SysTimeUpdate  bsp_dwt.o
    0x08001694   0x08001694   0x00000002   Code   RO          532    i.DebugMon_Handler  stm32h7xx_it.o
    0x08001696   0x08001696   0x00000006   Code   RO           13    i.Error_Handler     main.o
    0x0800169c   0x0800169c   0x00000010   Code   RO          533    i.FDCAN1_IT0_IRQHandler  stm32h7xx_it.o
    0x080016ac   0x080016ac   0x00000010   Code   RO          534    i.FDCAN2_IT0_IRQHandler  stm32h7xx_it.o
    0x080016bc   0x080016bc   0x00000010   Code   RO          535    i.FDCAN3_IT0_IRQHandler  stm32h7xx_it.o
    0x080016cc   0x080016cc   0x00000220   Code   RO         4313    i.FDCAN_CalcultateRamBlockAddresses  stm32h7xx_hal_fdcan.o
    0x080018ec   0x080018ec   0x000000d0   Code   RO         4314    i.FDCAN_CopyMessageToRAM  stm32h7xx_hal_fdcan.o
    0x080019bc   0x080019bc   0x00000140   Code   RO         7934    i.Gimbal_Task       gimbal_task.o
    0x08001afc   0x08001afc   0x00000028   Code   RO         8279    i.Guard_Task        guard_task.o
    0x08001b24   0x08001b24   0x000004dc   Code   RO         2677    i.HAL_DMA_Abort     stm32h7xx_hal_dma.o
    0x08002000   0x08002000   0x00000398   Code   RO         2678    i.HAL_DMA_Abort_IT  stm32h7xx_hal_dma.o
    0x08002398   0x08002398   0x00000af8   Code   RO         2682    i.HAL_DMA_IRQHandler  stm32h7xx_hal_dma.o
    0x08002e90   0x08002e90   0x00000514   Code   RO         2683    i.HAL_DMA_Init      stm32h7xx_hal_dma.o
    0x080033a4   0x080033a4   0x000003e0   Code   RO         2687    i.HAL_DMA_Start_IT  stm32h7xx_hal_dma.o
    0x08003784   0x08003784   0x000000a8   Code   RO         4316    i.HAL_FDCAN_ActivateNotification  stm32h7xx_hal_fdcan.o
    0x0800382c   0x0800382c   0x00000090   Code   RO         4318    i.HAL_FDCAN_AddMessageToTxFifoQ  stm32h7xx_hal_fdcan.o
    0x080038bc   0x080038bc   0x00000002   Code   RO         4319    i.HAL_FDCAN_ClockCalibrationCallback  stm32h7xx_hal_fdcan.o
    0x080038be   0x080038be   0x000000a8   Code   RO         4323    i.HAL_FDCAN_ConfigFilter  stm32h7xx_hal_fdcan.o
    0x08003966   0x08003966   0x00000002   Code   RO         4345    i.HAL_FDCAN_ErrorCallback  stm32h7xx_hal_fdcan.o
    0x08003968   0x08003968   0x00000002   Code   RO         4346    i.HAL_FDCAN_ErrorStatusCallback  stm32h7xx_hal_fdcan.o
    0x0800396a   0x0800396a   0x00000002   PAD
    0x0800396c   0x0800396c   0x000001f4   Code   RO         4357    i.HAL_FDCAN_GetRxMessage  stm32h7xx_hal_fdcan.o
    0x08003b60   0x08003b60   0x00000002   Code   RO         4363    i.HAL_FDCAN_HighPriorityMessageCallback  stm32h7xx_hal_fdcan.o
    0x08003b62   0x08003b62   0x00000002   PAD
    0x08003b64   0x08003b64   0x000003d4   Code   RO         4364    i.HAL_FDCAN_IRQHandler  stm32h7xx_hal_fdcan.o
    0x08003f38   0x08003f38   0x000002e0   Code   RO         4365    i.HAL_FDCAN_Init    stm32h7xx_hal_fdcan.o
    0x08004218   0x08004218   0x000001bc   Code   RO          340    i.HAL_FDCAN_MspInit  fdcan.o
    0x080043d4   0x080043d4   0x00000002   Code   RO         4374    i.HAL_FDCAN_RxBufferNewMessageCallback  stm32h7xx_hal_fdcan.o
    0x080043d6   0x080043d6   0x00000002   PAD
    0x080043d8   0x080043d8   0x0000005c   Code   RO         9467    i.HAL_FDCAN_RxFifo0Callback  dev_can.o
    0x08004434   0x08004434   0x00000002   Code   RO         4376    i.HAL_FDCAN_RxFifo1Callback  stm32h7xx_hal_fdcan.o
    0x08004436   0x08004436   0x00000034   Code   RO         4377    i.HAL_FDCAN_Start   stm32h7xx_hal_fdcan.o
    0x0800446a   0x0800446a   0x00000002   Code   RO         4399    i.HAL_FDCAN_TT_GlobalTimeCallback  stm32h7xx_hal_fdcan.o
    0x0800446c   0x0800446c   0x00000002   Code   RO         4400    i.HAL_FDCAN_TT_ScheduleSyncCallback  stm32h7xx_hal_fdcan.o
    0x0800446e   0x0800446e   0x00000002   Code   RO         4405    i.HAL_FDCAN_TT_StopWatchCallback  stm32h7xx_hal_fdcan.o
    0x08004470   0x08004470   0x00000002   Code   RO         4406    i.HAL_FDCAN_TT_TimeMarkCallback  stm32h7xx_hal_fdcan.o
    0x08004472   0x08004472   0x00000002   Code   RO         4407    i.HAL_FDCAN_TimeoutOccurredCallback  stm32h7xx_hal_fdcan.o
    0x08004474   0x08004474   0x00000002   Code   RO         4408    i.HAL_FDCAN_TimestampWraparoundCallback  stm32h7xx_hal_fdcan.o
    0x08004476   0x08004476   0x00000002   Code   RO         4409    i.HAL_FDCAN_TxBufferAbortCallback  stm32h7xx_hal_fdcan.o
    0x08004478   0x08004478   0x00000002   Code   RO         4410    i.HAL_FDCAN_TxBufferCompleteCallback  stm32h7xx_hal_fdcan.o
    0x0800447a   0x0800447a   0x00000002   Code   RO         4411    i.HAL_FDCAN_TxEventFifoCallback  stm32h7xx_hal_fdcan.o
    0x0800447c   0x0800447c   0x00000002   Code   RO         4412    i.HAL_FDCAN_TxFifoEmptyCallback  stm32h7xx_hal_fdcan.o
    0x0800447e   0x0800447e   0x00000002   PAD
    0x08004480   0x08004480   0x000001f0   Code   RO         2525    i.HAL_GPIO_Init     stm32h7xx_hal_gpio.o
    0x08004670   0x08004670   0x0000000c   Code   RO         2529    i.HAL_GPIO_WritePin  stm32h7xx_hal_gpio.o
    0x0800467c   0x0800467c   0x0000000c   Code   RO         3390    i.HAL_GetTick       stm32h7xx_hal.o
    0x08004688   0x08004688   0x00000018   Code   RO         3396    i.HAL_IncTick       stm32h7xx_hal.o
    0x080046a0   0x080046a0   0x00000060   Code   RO         3397    i.HAL_Init          stm32h7xx_hal.o
    0x08004700   0x08004700   0x00000094   Code   RO          725    i.HAL_InitTick      stm32h7xx_hal_timebase_tim.o
    0x08004794   0x08004794   0x00000030   Code   RO          701    i.HAL_MspInit       stm32h7xx_hal_msp.o
    0x080047c4   0x080047c4   0x00000028   Code   RO         1802    i.HAL_NVIC_EnableIRQ  stm32h7xx_hal_cortex.o
    0x080047ec   0x080047ec   0x0000007a   Code   RO         1808    i.HAL_NVIC_SetPriority  stm32h7xx_hal_cortex.o
    0x08004866   0x08004866   0x00000002   PAD
    0x08004868   0x08004868   0x00000028   Code   RO         1809    i.HAL_NVIC_SetPriorityGrouping  stm32h7xx_hal_cortex.o
    0x08004890   0x08004890   0x00000060   Code   RO         3126    i.HAL_PWREx_ConfigSupply  stm32h7xx_hal_pwr_ex.o
    0x080048f0   0x080048f0   0x00000024   Code   RO         2068    i.HAL_RCCEx_GetD3PCLK1Freq  stm32h7xx_hal_rcc_ex.o
    0x08004914   0x08004914   0x00000230   Code   RO         2070    i.HAL_RCCEx_GetPLL2ClockFreq  stm32h7xx_hal_rcc_ex.o
    0x08004b44   0x08004b44   0x00000230   Code   RO         2071    i.HAL_RCCEx_GetPLL3ClockFreq  stm32h7xx_hal_rcc_ex.o
    0x08004d74   0x08004d74   0x00000cc8   Code   RO         2077    i.HAL_RCCEx_PeriphCLKConfig  stm32h7xx_hal_rcc_ex.o
    0x08005a3c   0x08005a3c   0x00000320   Code   RO         1953    i.HAL_RCC_ClockConfig  stm32h7xx_hal_rcc.o
    0x08005d5c   0x08005d5c   0x0000006c   Code   RO         1957    i.HAL_RCC_GetClockConfig  stm32h7xx_hal_rcc.o
    0x08005dc8   0x08005dc8   0x0000004c   Code   RO         1958    i.HAL_RCC_GetHCLKFreq  stm32h7xx_hal_rcc.o
    0x08005e14   0x08005e14   0x00000024   Code   RO         1960    i.HAL_RCC_GetPCLK1Freq  stm32h7xx_hal_rcc.o
    0x08005e38   0x08005e38   0x00000024   Code   RO         1961    i.HAL_RCC_GetPCLK2Freq  stm32h7xx_hal_rcc.o
    0x08005e5c   0x08005e5c   0x0000022c   Code   RO         1962    i.HAL_RCC_GetSysClockFreq  stm32h7xx_hal_rcc.o
    0x08006088   0x08006088   0x0000075c   Code   RO         1965    i.HAL_RCC_OscConfig  stm32h7xx_hal_rcc.o
    0x080067e4   0x080067e4   0x00000002   Code   RO         1491    i.HAL_TIMEx_Break2Callback  stm32h7xx_hal_tim_ex.o
    0x080067e6   0x080067e6   0x00000002   Code   RO         1492    i.HAL_TIMEx_BreakCallback  stm32h7xx_hal_tim_ex.o
    0x080067e8   0x080067e8   0x00000002   Code   RO         1493    i.HAL_TIMEx_CommutCallback  stm32h7xx_hal_tim_ex.o
    0x080067ea   0x080067ea   0x00000002   PAD
    0x080067ec   0x080067ec   0x000000e4   Code   RO         1514    i.HAL_TIMEx_MasterConfigSynchronization  stm32h7xx_hal_tim_ex.o
    0x080068d0   0x080068d0   0x0000006e   Code   RO          766    i.HAL_TIM_Base_Init  stm32h7xx_hal_tim.o
    0x0800693e   0x0800693e   0x00000002   PAD
    0x08006940   0x08006940   0x00000118   Code   RO          395    i.HAL_TIM_Base_MspInit  tim.o
    0x08006a58   0x08006a58   0x000000cc   Code   RO          771    i.HAL_TIM_Base_Start_IT  stm32h7xx_hal_tim.o
    0x08006b24   0x08006b24   0x00000134   Code   RO          775    i.HAL_TIM_ConfigClockSource  stm32h7xx_hal_tim.o
    0x08006c58   0x08006c58   0x00000002   Code   RO          796    i.HAL_TIM_ErrorCallback  stm32h7xx_hal_tim.o
    0x08006c5a   0x08006c5a   0x00000002   Code   RO          800    i.HAL_TIM_IC_CaptureCallback  stm32h7xx_hal_tim.o
    0x08006c5c   0x08006c5c   0x00000198   Code   RO          814    i.HAL_TIM_IRQHandler  stm32h7xx_hal_tim.o
    0x08006df4   0x08006df4   0x000000c4   Code   RO          396    i.HAL_TIM_MspPostInit  tim.o
    0x08006eb8   0x08006eb8   0x00000002   Code   RO          817    i.HAL_TIM_OC_DelayElapsedCallback  stm32h7xx_hal_tim.o
    0x08006eba   0x08006eba   0x00000170   Code   RO          838    i.HAL_TIM_PWM_ConfigChannel  stm32h7xx_hal_tim.o
    0x0800702a   0x0800702a   0x0000006e   Code   RO          841    i.HAL_TIM_PWM_Init  stm32h7xx_hal_tim.o
    0x08007098   0x08007098   0x00000002   Code   RO          843    i.HAL_TIM_PWM_MspInit  stm32h7xx_hal_tim.o
    0x0800709a   0x0800709a   0x00000002   Code   RO          844    i.HAL_TIM_PWM_PulseFinishedCallback  stm32h7xx_hal_tim.o
    0x0800709c   0x0800709c   0x00000002   Code   RO          845    i.HAL_TIM_PWM_PulseFinishedHalfCpltCallback  stm32h7xx_hal_tim.o
    0x0800709e   0x0800709e   0x00000002   PAD
    0x080070a0   0x080070a0   0x0000017c   Code   RO          846    i.HAL_TIM_PWM_Start  stm32h7xx_hal_tim.o
    0x0800721c   0x0800721c   0x000002d0   Code   RO          847    i.HAL_TIM_PWM_Start_DMA  stm32h7xx_hal_tim.o
    0x080074ec   0x080074ec   0x00000018   Code   RO           14    i.HAL_TIM_PeriodElapsedCallback  main.o
    0x08007504   0x08007504   0x00000002   Code   RO          857    i.HAL_TIM_TriggerCallback  stm32h7xx_hal_tim.o
    0x08007506   0x08007506   0x0000004e   Code   RO         5356    i.HAL_UARTEx_DisableFifoMode  stm32h7xx_hal_uart_ex.o
    0x08007554   0x08007554   0x00000002   Code   RO         4940    i.HAL_UARTEx_RxEventCallback  stm32h7xx_hal_uart.o
    0x08007556   0x08007556   0x00000002   Code   RO         5364    i.HAL_UARTEx_RxFifoFullCallback  stm32h7xx_hal_uart_ex.o
    0x08007558   0x08007558   0x0000005e   Code   RO         5365    i.HAL_UARTEx_SetRxFifoThreshold  stm32h7xx_hal_uart_ex.o
    0x080075b6   0x080075b6   0x0000005e   Code   RO         5366    i.HAL_UARTEx_SetTxFifoThreshold  stm32h7xx_hal_uart_ex.o
    0x08007614   0x08007614   0x00000002   Code   RO         5368    i.HAL_UARTEx_TxFifoEmptyCallback  stm32h7xx_hal_uart_ex.o
    0x08007616   0x08007616   0x00000002   Code   RO         5369    i.HAL_UARTEx_WakeupCallback  stm32h7xx_hal_uart_ex.o
    0x08007618   0x08007618   0x000000ec   Code   RO         9556    i.HAL_UART_ErrorCallback  dev_serial.o
    0x08007704   0x08007704   0x00000008   Code   RO         4957    i.HAL_UART_GetError  stm32h7xx_hal_uart.o
    0x0800770c   0x0800770c   0x000004b6   Code   RO         4959    i.HAL_UART_IRQHandler  stm32h7xx_hal_uart.o
    0x08007bc2   0x08007bc2   0x00000002   PAD
    0x08007bc4   0x08007bc4   0x000000b0   Code   RO         9557    i.HAL_UART_IdleCpltCallback  dev_serial.o
    0x08007c74   0x08007c74   0x00000078   Code   RO         4960    i.HAL_UART_Init     stm32h7xx_hal_uart.o
    0x08007cec   0x08007cec   0x0000061c   Code   RO          455    i.HAL_UART_MspInit  usart.o
    0x08008308   0x08008308   0x0000005c   Code   RO         4965    i.HAL_UART_Receive_IT  stm32h7xx_hal_uart.o
    0x08008364   0x08008364   0x000000d0   Code   RO         9558    i.HAL_UART_RxCpltCallback  dev_serial.o
    0x08008434   0x08008434   0x000000a0   Code   RO         4970    i.HAL_UART_Transmit_DMA  stm32h7xx_hal_uart.o
    0x080084d4   0x080084d4   0x00000002   Code   RO         4972    i.HAL_UART_TxCpltCallback  stm32h7xx_hal_uart.o
    0x080084d6   0x080084d6   0x00000002   Code   RO         4973    i.HAL_UART_TxHalfCpltCallback  stm32h7xx_hal_uart.o
    0x080084d8   0x080084d8   0x00000004   Code   RO          536    i.HardFault_Handler  stm32h7xx_it.o
    0x080084dc   0x080084dc   0x000000f0   Code   RO          315    i.MX_DMA_Init       dma.o
    0x080085cc   0x080085cc   0x000000b0   Code   RO          341    i.MX_FDCAN1_Init    fdcan.o
    0x0800867c   0x0800867c   0x000000b0   Code   RO          342    i.MX_FDCAN2_Init    fdcan.o
    0x0800872c   0x0800872c   0x000000b4   Code   RO          343    i.MX_FDCAN3_Init    fdcan.o
    0x080087e0   0x080087e0   0x000001f0   Code   RO          265    i.MX_FREERTOS_Init  freertos.o
    0x080089d0   0x080089d0   0x000000fc   Code   RO          241    i.MX_GPIO_Init      gpio.o
    0x08008acc   0x08008acc   0x00000074   Code   RO          397    i.MX_TIM2_Init      tim.o
    0x08008b40   0x08008b40   0x000000a4   Code   RO          398    i.MX_TIM3_Init      tim.o
    0x08008be4   0x08008be4   0x000000b8   Code   RO          399    i.MX_TIM4_Init      tim.o
    0x08008c9c   0x08008c9c   0x0000006c   Code   RO          456    i.MX_UART4_Init     usart.o
    0x08008d08   0x08008d08   0x0000006c   Code   RO          457    i.MX_UART7_Init     usart.o
    0x08008d74   0x08008d74   0x0000006c   Code   RO          458    i.MX_UART8_Init     usart.o
    0x08008de0   0x08008de0   0x0000006c   Code   RO          459    i.MX_USART1_UART_Init  usart.o
    0x08008e4c   0x08008e4c   0x0000006c   Code   RO          460    i.MX_USART3_UART_Init  usart.o
    0x08008eb8   0x08008eb8   0x00000004   Code   RO          537    i.MemManage_Handler  stm32h7xx_it.o
    0x08008ebc   0x08008ebc   0x00000060   Code   RO         8526    i.Message_Task      message_task.o
    0x08008f1c   0x08008f1c   0x00000004   Code   RO          538    i.NMI_Handler       stm32h7xx_it.o
    0x08008f20   0x08008f20   0x0000004a   Code   RO           15    i.PeriphCommonClock_Config  main.o
    0x08008f6a   0x08008f6a   0x00000002   PAD
    0x08008f6c   0x08008f6c   0x00000164   Code   RO         2080    i.RCCEx_PLL2_Config  stm32h7xx_hal_rcc_ex.o
    0x080090d0   0x080090d0   0x00000164   Code   RO         2081    i.RCCEx_PLL3_Config  stm32h7xx_hal_rcc_ex.o
    0x08009234   0x08009234   0x00000082   Code   RO         9935    i.RC_data_is_error  protocol_dbus.o
    0x080092b6   0x080092b6   0x00000002   PAD
    0x080092b8   0x080092b8   0x000001f4   Code   RO         9936    i.RC_restart        protocol_dbus.o
    0x080094ac   0x080094ac   0x0000000a   Code   RO         8774    i.RTOSsystem_Task   rtossystem_task.o
    0x080094b6   0x080094b6   0x00000002   PAD
    0x080094b8   0x080094b8   0x00000038   Code   RO         8527    i.Referee_Rx_Task   message_task.o
    0x080094f0   0x080094f0   0x000000a4   Code   RO         8528    i.Serial_Rx_Task    message_task.o
    0x08009594   0x08009594   0x0000000a   Code   RO          266    i.StartDefaultTask  freertos.o
    0x0800959e   0x0800959e   0x00000016   Code   RO         6657    i.SysTick_Handler   cmsis_os2.o
    0x080095b4   0x080095b4   0x000000b4   Code   RO           16    i.SystemClock_Config  main.o
    0x08009668   0x08009668   0x000000e0   Code   RO         5480    i.SystemInit        system_stm32h7xx.o
    0x08009748   0x08009748   0x00000010   Code   RO          539    i.TIM1_UP_IRQHandler  stm32h7xx_it.o
    0x08009758   0x08009758   0x000000e8   Code   RO          859    i.TIM_Base_SetConfig  stm32h7xx_hal_tim.o
    0x08009840   0x08009840   0x00000022   Code   RO          860    i.TIM_CCxChannelCmd  stm32h7xx_hal_tim.o
    0x08009862   0x08009862   0x00000068   Code   RO          863    i.TIM_DMADelayPulseCplt  stm32h7xx_hal_tim.o
    0x080098ca   0x080098ca   0x00000040   Code   RO          864    i.TIM_DMADelayPulseHalfCplt  stm32h7xx_hal_tim.o
    0x0800990a   0x0800990a   0x0000005e   Code   RO          865    i.TIM_DMAError      stm32h7xx_hal_tim.o
    0x08009968   0x08009968   0x00000016   Code   RO          870    i.TIM_ETR_SetConfig  stm32h7xx_hal_tim.o
    0x0800997e   0x0800997e   0x00000002   PAD
    0x08009980   0x08009980   0x00000018   Code   RO          871    i.TIM_ITRx_SetConfig  stm32h7xx_hal_tim.o
    0x08009998   0x08009998   0x000000ac   Code   RO          872    i.TIM_OC1_SetConfig  stm32h7xx_hal_tim.o
    0x08009a44   0x08009a44   0x000000b4   Code   RO          873    i.TIM_OC2_SetConfig  stm32h7xx_hal_tim.o
    0x08009af8   0x08009af8   0x000000b4   Code   RO          874    i.TIM_OC3_SetConfig  stm32h7xx_hal_tim.o
    0x08009bac   0x08009bac   0x00000074   Code   RO          875    i.TIM_OC4_SetConfig  stm32h7xx_hal_tim.o
    0x08009c20   0x08009c20   0x00000070   Code   RO          876    i.TIM_OC5_SetConfig  stm32h7xx_hal_tim.o
    0x08009c90   0x08009c90   0x00000070   Code   RO          877    i.TIM_OC6_SetConfig  stm32h7xx_hal_tim.o
    0x08009d00   0x08009d00   0x00000026   Code   RO          879    i.TIM_TI1_ConfigInputStage  stm32h7xx_hal_tim.o
    0x08009d26   0x08009d26   0x00000028   Code   RO          881    i.TIM_TI2_ConfigInputStage  stm32h7xx_hal_tim.o
    0x08009d4e   0x08009d4e   0x00000002   PAD
    0x08009d50   0x08009d50   0x0000002c   Code   RO          540    i.UART4_IRQHandler  stm32h7xx_it.o
    0x08009d7c   0x08009d7c   0x0000002c   Code   RO          541    i.UART7_IRQHandler  stm32h7xx_it.o
    0x08009da8   0x08009da8   0x0000002c   Code   RO          542    i.UART8_IRQHandler  stm32h7xx_it.o
    0x08009dd4   0x08009dd4   0x00000058   Code   RO         5370    i.UARTEx_SetNbDataToProcess  stm32h7xx_hal_uart_ex.o
    0x08009e2c   0x08009e2c   0x000000f8   Code   RO         4974    i.UART_AdvFeatureConfig  stm32h7xx_hal_uart.o
    0x08009f24   0x08009f24   0x000000ea   Code   RO         4975    i.UART_CheckIdleState  stm32h7xx_hal_uart.o
    0x0800a00e   0x0800a00e   0x00000014   Code   RO         4976    i.UART_DMAAbortOnError  stm32h7xx_hal_uart.o
    0x0800a022   0x0800a022   0x0000005e   Code   RO         4977    i.UART_DMAError     stm32h7xx_hal_uart.o
    0x0800a080   0x0800a080   0x00000054   Code   RO         4982    i.UART_DMATransmitCplt  stm32h7xx_hal_uart.o
    0x0800a0d4   0x0800a0d4   0x0000000e   Code   RO         4984    i.UART_DMATxHalfCplt  stm32h7xx_hal_uart.o
    0x0800a0e2   0x0800a0e2   0x00000002   PAD
    0x0800a0e4   0x0800a0e4   0x0000006c   Code   RO         4986    i.UART_EndRxTransfer  stm32h7xx_hal_uart.o
    0x0800a150   0x0800a150   0x00000030   Code   RO         4987    i.UART_EndTransmit_IT  stm32h7xx_hal_uart.o
    0x0800a180   0x0800a180   0x00000040   Code   RO         4988    i.UART_EndTxTransfer  stm32h7xx_hal_uart.o
    0x0800a1c0   0x0800a1c0   0x00000104   Code   RO         4989    i.UART_RxISR_16BIT  stm32h7xx_hal_uart.o
    0x0800a2c4   0x0800a2c4   0x00000200   Code   RO         4990    i.UART_RxISR_16BIT_FIFOEN  stm32h7xx_hal_uart.o
    0x0800a4c4   0x0800a4c4   0x00000104   Code   RO         4991    i.UART_RxISR_8BIT   stm32h7xx_hal_uart.o
    0x0800a5c8   0x0800a5c8   0x000001fc   Code   RO         4992    i.UART_RxISR_8BIT_FIFOEN  stm32h7xx_hal_uart.o
    0x0800a7c4   0x0800a7c4   0x00000628   Code   RO         4993    i.UART_SetConfig    stm32h7xx_hal_uart.o
    0x0800adec   0x0800adec   0x0000015c   Code   RO         4995    i.UART_Start_Receive_IT  stm32h7xx_hal_uart.o
    0x0800af48   0x0800af48   0x000000ac   Code   RO         5000    i.UART_WaitOnFlagUntilTimeout  stm32h7xx_hal_uart.o
    0x0800aff4   0x0800aff4   0x00000050   Code   RO         8802    i.UIDraw_Task       uidraw_task.o
    0x0800b044   0x0800b044   0x0000002c   Code   RO          543    i.USART1_IRQHandler  stm32h7xx_it.o
    0x0800b070   0x0800b070   0x0000002c   Code   RO          544    i.USART3_IRQHandler  stm32h7xx_it.o
    0x0800b09c   0x0800b09c   0x00000004   Code   RO          545    i.UsageFault_Handler  stm32h7xx_it.o
    0x0800b0a0   0x0800b0a0   0x00000238   Code   RO        10069    i._Z11Num_PainterPcjjttjjjjjjjif  protocol_ui.o
    0x0800b2d8   0x0800b2d8   0x00000008   Code   RO         9241    i._Z11WS2812_INITv  app_rgb.o
    0x0800b2e0   0x0800b2e0   0x00000034   Code   RO         9036    i._Z12CAN_ALL_Initv  app_motor.o
    0x0800b314   0x0800b314   0x00000018   Code   RO         8887    i._Z12Serial1_Hookb  app_serial.o
    0x0800b32c   0x0800b32c   0x00000018   Code   RO         8888    i._Z12Serial3_Hookb  app_serial.o
    0x0800b344   0x0800b344   0x00000018   Code   RO         8889    i._Z12Serial4_Hookb  app_serial.o
    0x0800b35c   0x0800b35c   0x00000018   Code   RO         8890    i._Z12Serial7_Hookb  app_serial.o
    0x0800b374   0x0800b374   0x00000018   Code   RO         8891    i._Z12Serial8_Hookb  app_serial.o
    0x0800b38c   0x0800b38c   0x0000022c   Code   RO        10070    i._Z13Graph_PainterPcjjttjjjjjjjjjj  protocol_ui.o
    0x0800b5b8   0x0800b5b8   0x00000018   Code   RO         9219    i._Z13Prefence_Initv  app_preference.o
    0x0800b5d0   0x0800b5d0   0x00000032   Code   RO         9037    i._Z13float_to_uintfffi  app_motor.o
    0x0800b602   0x0800b602   0x00000034   Code   RO         9038    i._Z13uint_to_floatiffi  app_motor.o
    0x0800b636   0x0800b636   0x00000002   PAD
    0x0800b638   0x0800b638   0x00000030   Code   RO         9805    i._Z14DWT_CNT_Updatev  bsp_dwt.o
    0x0800b668   0x0800b668   0x00000020   Code   RO        10012    i._Z14Usart_SendBuffPht  protocol_judgement.o
    0x0800b688   0x0800b688   0x0000001c   Code   RO         9243    i._Z14WS2812_REFRESHv  app_rgb.o
    0x0800b6a4   0x0800b6a4   0x0000007c   Code   RO         9245    i._Z14WS2812_SET_RGBhhht  app_rgb.o
    0x0800b720   0x0800b720   0x0000002a   Code   RO        10623    i._Z14fp32_constrainfff  algorithm_user_lib.o
    0x0800b74a   0x0800b74a   0x00000002   PAD
    0x0800b74c   0x0800b74c   0x000000f4   Code   RO         8892    i._Z15Serial_ALL_Initv  app_serial.o
    0x0800b840   0x0800b840   0x0000001a   Code   RO         9246    i._Z15WS2812_SET_DARKv  app_rgb.o
    0x0800b85a   0x0800b85a   0x00000002   PAD
    0x0800b85c   0x0800b85c   0x00000024   Code   RO         9880    i._Z18Get_CRC8_Check_SumPhjh  protocol_crc.o
    0x0800b880   0x0800b880   0x000001a4   Code   RO        10013    i._Z18referee_data_solvePh  protocol_judgement.o
    0x0800ba24   0x0800ba24   0x00000034   Code   RO         9881    i._Z19Get_CRC16_Check_SumPhjt  protocol_crc.o
    0x0800ba58   0x0800ba58   0x00000008   Code   RO        10014    i._Z19get_robo_data_Pointv  protocol_judgement.o
    0x0800ba60   0x0800ba60   0x00000024   Code   RO         9882    i._Z21Append_CRC8_Check_SumPhj  protocol_crc.o
    0x0800ba84   0x0800ba84   0x0000002e   Code   RO         9883    i._Z21Verify_CRC8_Check_SumPhj  protocol_crc.o
    0x0800bab2   0x0800bab2   0x00000002   PAD
    0x0800bab4   0x0800bab4   0x00000014   Code   RO         7935    i._Z21rc_key_v_fresh_GimbalP9RC_ctrl_t  gimbal_task.o
    0x0800bac8   0x0800bac8   0x000000fc   Code   RO         9427    i._Z21vofa_justfloat_outputPfhP10Serialctrl  app_vofa.o
    0x0800bbc4   0x0800bbc4   0x00000030   Code   RO         9884    i._Z22Append_CRC16_Check_SumPhj  protocol_crc.o
    0x0800bbf4   0x0800bbf4   0x00000040   Code   RO         9885    i._Z22Verify_CRC16_Check_SumPhj  protocol_crc.o
    0x0800bc34   0x0800bc34   0x00000014   Code   RO         7317    i._Z22rc_key_v_fresh_ChassisP9RC_ctrl_t  chassis_task.o
    0x0800bc48   0x0800bc48   0x00000008   Code   RO         8530    i._Z24get_remote_control_pointv  message_task.o
    0x0800bc50   0x0800bc50   0x00000030   Code   RO         7319    i._Z25motor_ecd_to_relative_ecdff  chassis_task.o
    0x0800bc80   0x0800bc80   0x00000010   Code   RO         9937    i._Z6RC_abss        protocol_dbus.o
    0x0800bc90   0x0800bc90   0x00000040   Code   RO         9039    i._Z9CAN1_SendP8CanRxMsg  app_motor.o
    0x0800bcd0   0x0800bcd0   0x00000040   Code   RO         9040    i._Z9CAN2_SendP8CanRxMsg  app_motor.o
    0x0800bd10   0x0800bd10   0x00000040   Code   RO         9041    i._Z9CAN3_SendP8CanRxMsg  app_motor.o
    0x0800bd50   0x0800bd50   0x00000002   Code   RO         8284    i._Z9IWDG_Feedv     guard_task.o
    0x0800bd52   0x0800bd52   0x00000002   PAD
    0x0800bd54   0x0800bd54   0x00000048   Code   RO         8286    i._ZN10Guard_Ctrl4FeedE4ID_e  guard_task.o
    0x0800bd9c   0x0800bd9c   0x000001e8   Code   RO         8290    i._ZN10Guard_Ctrl4ScanEv  guard_task.o
    0x0800bf84   0x0800bf84   0x00000002   Code   RO         8291    i._ZN10Guard_Ctrl5StartEv  guard_task.o
    0x0800bf86   0x0800bf86   0x00000002   PAD
    0x0800bf88   0x0800bf88   0x00000014   Code   RO         8292    i._ZN10Guard_Ctrl6ReturnE4ID_e  guard_task.o
    0x0800bf9c   0x0800bf9c   0x000000bc   Code   RO        10721    i._ZN10PowerClass10Power_CalcEv  chassis_power_control.o
    0x0800c058   0x0800c058   0x0000008c   Code   RO        10722    i._ZN10PowerClass21Power_Feedback_UpdateEv  chassis_power_control.o
    0x0800c0e4   0x0800c0e4   0x00000050   Code   RO        10723    i._ZN10PowerClassC1Ev  chassis_power_control.o
    0x0800c134   0x0800c134   0x00000010   Code   RO         9559    i._ZN10Serialctrl15IRQHandler_IDLEEv  dev_serial.o
    0x0800c144   0x0800c144   0x0000001e   Code   RO         9560    i._ZN10Serialctrl15IRQHandler_RXNEEh  dev_serial.o
    0x0800c162   0x0800c162   0x00000004   Code   RO         9561    i._ZN10Serialctrl15attachInterruptEPFvbE  dev_serial.o
    0x0800c166   0x0800c166   0x00000018   Code   RO         9562    i._ZN10Serialctrl4peekEv  dev_serial.o
    0x0800c17e   0x0800c17e   0x0000001a   Code   RO         9563    i._ZN10Serialctrl4readEv  dev_serial.o
    0x0800c198   0x0800c198   0x00000030   Code   RO         9566    i._ZN10Serialctrl8sendDataEPKvh  dev_serial.o
    0x0800c1c8   0x0800c1c8   0x00000018   Code   RO         9568    i._ZN10Serialctrl9availableEv  dev_serial.o
    0x0800c1e0   0x0800c1e0   0x00000032   Code   RO         9569    i._ZN10SerialctrlC1EP20__UART_HandleTypeDefP19__DMA_HandleTypeDefjh  dev_serial.o
    0x0800c212   0x0800c212   0x00000002   PAD
    0x0800c214   0x0800c214   0x00000370   Code   RO         7937    i._ZN11Gimbal_Ctrl11Gimbal_InitEv  gimbal_task.o
    0x0800c584   0x0800c584   0x000002e0   Code   RO         7939    i._ZN11Gimbal_Ctrl12Control_loopEv  gimbal_task.o
    0x0800c864   0x0800c864   0x000000f0   Code   RO         7940    i._ZN11Gimbal_Ctrl13RC_to_ControlEPfS0_  gimbal_task.o
    0x0800c954   0x0800c954   0x00000054   Code   RO         7941    i._ZN11Gimbal_Ctrl13Visual_HandleEff  gimbal_task.o
    0x0800c9a8   0x0800c9a8   0x0000022a   Code   RO         7942    i._ZN11Gimbal_Ctrl14Behaviour_ModeEv  gimbal_task.o
    0x0800cbd2   0x0800cbd2   0x00000002   PAD
    0x0800cbd4   0x0800cbd4   0x000001c8   Code   RO         7943    i._ZN11Gimbal_Ctrl15Feedback_UpdateEv  gimbal_task.o
    0x0800cd9c   0x0800cd9c   0x000000ec   Code   RO         7944    i._ZN11Gimbal_Ctrl17Behaviour_ControlEPfS0_  gimbal_task.o
    0x0800ce88   0x0800ce88   0x00000030   Code   RO         7945    i._ZN11Gimbal_Ctrl17forwardfeed_pitchEf  gimbal_task.o
    0x0800ceb8   0x0800ceb8   0x000001ac   Code   RO         7946    i._ZN11Gimbal_Ctrl22Flag_Behaviour_ControlEv  gimbal_task.o
    0x0800d064   0x0800d064   0x00000038   Code   RO         7949    i._ZN11Gimbal_Ctrl27motor_relative_ECD_to_angleEtt  gimbal_task.o
    0x0800d09c   0x0800d09c   0x000000d0   Code   RO         7950    i._ZN11Gimbal_Ctrl7ControlEv  gimbal_task.o
    0x0800d16c   0x0800d16c   0x000000c2   Code   RO         8066    i._ZN11Gimbal_CtrlC1Ev  gimbal_task.o
    0x0800d22e   0x0800d22e   0x000000b0   Code   RO         8084    i._ZN11Gimbal_CtrlD1Ev  gimbal_task.o
    0x0800d2de   0x0800d2de   0x00000002   PAD
    0x0800d2e0   0x0800d2e0   0x000000e4   Code   RO         8893    i._ZN11Serial_Ctrl15Send_to_MessageEP10Serialctrlb  app_serial.o
    0x0800d3c4   0x0800d3c4   0x00000094   Code   RO         8894    i._ZN11Serial_Ctrl4HookEP13USART_TypeDefb  app_serial.o
    0x0800d458   0x0800d458   0x0000040c   Code   RO         8895    i._ZN11Serial_Ctrl6HandleEP10SerialctrlP13Serial_Data_tb  app_serial.o
    0x0800d864   0x0800d864   0x000000ac   Code   RO         8979    i._ZN11Serial_CtrlC1Ev  app_serial.o
    0x0800d910   0x0800d910   0x00000002   Code   RO         8985    i._ZN11Serial_CtrlD1Ev  app_serial.o
    0x0800d912   0x0800d912   0x00000002   Code   RO         7460    i._ZN11sPidTypeDefC1Ev  chassis_task.o
    0x0800d914   0x0800d914   0x00000002   Code   RO         7466    i._ZN11sPidTypeDefD1Ev  chassis_task.o
    0x0800d916   0x0800d916   0x00000002   PAD
    0x0800d918   0x0800d918   0x000001f8   Code   RO         7320    i._ZN12Chassis_Ctrl12Chassis_InitEv  chassis_task.o
    0x0800db10   0x0800db10   0x00000118   Code   RO         7321    i._ZN12Chassis_Ctrl12Control_loopEv  chassis_task.o
    0x0800dc28   0x0800dc28   0x00000314   Code   RO         7322    i._ZN12Chassis_Ctrl13RC_to_ControlEPfS0_  chassis_task.o
    0x0800df3c   0x0800df3c   0x00000200   Code   RO         7323    i._ZN12Chassis_Ctrl14Behaviour_ModeEv  chassis_task.o
    0x0800e13c   0x0800e13c   0x00000248   Code   RO         7324    i._ZN12Chassis_Ctrl15Feedback_UpdateEv  chassis_task.o
    0x0800e384   0x0800e384   0x0000016c   Code   RO         7325    i._ZN12Chassis_Ctrl17Behaviour_ControlEPfS0_S0_  chassis_task.o
    0x0800e4f0   0x0800e4f0   0x00000068   Code   RO         7326    i._ZN12Chassis_Ctrl21Vector_to_Wheel_SpeedEPfS0_S0_  chassis_task.o
    0x0800e558   0x0800e558   0x00000198   Code   RO         7327    i._ZN12Chassis_Ctrl22Flag_Behaviour_ControlEv  chassis_task.o
    0x0800e6f0   0x0800e6f0   0x0000024c   Code   RO         7328    i._ZN12Chassis_Ctrl7ControlEv  chassis_task.o
    0x0800e93c   0x0800e93c   0x00000064   Code   RO         7442    i._ZN12Chassis_CtrlC1Ev  chassis_task.o
    0x0800e9a0   0x0800e9a0   0x00000054   Code   RO         7445    i._ZN12Chassis_CtrlD1Ev  chassis_task.o
    0x0800e9f4   0x0800e9f4   0x00000438   Code   RO         8531    i._ZN12Message_Ctrl12CAN1_ProcessEP8CanRxMsg  message_task.o
    0x0800ee2c   0x0800ee2c   0x00000328   Code   RO         8532    i._ZN12Message_Ctrl12CAN2_ProcessEP8CanRxMsg  message_task.o
    0x0800f154   0x0800f154   0x00000100   Code   RO         8533    i._ZN12Message_Ctrl12CAN3_ProcessEP8CanRxMsg  message_task.o
    0x0800f254   0x0800f254   0x00000060   Code   RO         8534    i._ZN12Message_Ctrl12Serialx_HookEPhP10Serialctrl  message_task.o
    0x0800f2b4   0x0800f2b4   0x000001c0   Code   RO         8537    i._ZN12Message_Ctrl15NAV_Serial_HookEPh  message_task.o
    0x0800f474   0x0800f474   0x000000d0   Code   RO         8540    i._ZN12Message_Ctrl18Visual_Serial_HookEPh  message_task.o
    0x0800f544   0x0800f544   0x0000002c   Code   RO         8541    i._ZN12Message_Ctrl4InitEv  message_task.o
    0x0800f570   0x0800f570   0x00000058   Code   RO         8737    i._ZN12Message_CtrlC1Ev  message_task.o
    0x0800f5c8   0x0800f5c8   0x00000074   Code   RO         8804    i._ZN12UI_Draw_Ctrl15Feedback_UpdateEv  uidraw_task.o
    0x0800f63c   0x0800f63c   0x00000020   Code   RO         8805    i._ZN12UI_Draw_Ctrl4InitEv  uidraw_task.o
    0x0800f65c   0x0800f65c   0x000005f8   Code   RO         8806    i._ZN12UI_Draw_Ctrl6UI_ADDEv  uidraw_task.o
    0x0800fc54   0x0800fc54   0x00000544   Code   RO         8807    i._ZN12UI_Draw_Ctrl9UI_ChangeEv  uidraw_task.o
    0x08010198   0x08010198   0x00000006   Code   RO         8212    i._ZN13Matrix_kalmanC1ERS_  correspond_task.o
    0x0801019e   0x0801019e   0x00000040   Code   RO         8188    i._ZN13Matrix_kalmanC1Effff  correspond_task.o
    0x080101de   0x080101de   0x00000010   Code   RO         8206    i._ZN13Matrix_kalmanC1Ev  correspond_task.o
    0x080101ee   0x080101ee   0x00000054   Code   RO         8973    i._ZN13Serial_Data_tC1Ehhhhhhhh  app_serial.o
    0x08010242   0x08010242   0x0000000e   Code   RO         8075    i._ZN14Motor_CAN_Ctrl25Get_Motor_Measure_PointerEh  gimbal_task.o
    0x08010250   0x08010250   0x0000000a   Code   RO         9182    i._ZN14Motor_CAN_Ctrl7GetDataERjRh  app_motor.o
    0x0801025a   0x0801025a   0x00000012   Code   RO         8731    i._ZN14Motor_CAN_Ctrl7GetDataEh  message_task.o
    0x0801026c   0x0801026c   0x00000024   Code   RO         9170    i._ZN14Motor_CAN_CtrlC1EP19FDCAN_HandleTypeDefjh  app_motor.o
    0x08010290   0x08010290   0x00000006   Code   RO         9188    i._ZN17DM_Motor_CAN_Ctrl10ID_GetDataERj  app_motor.o
    0x08010296   0x08010296   0x00000006   Code   RO         8725    i._ZN17DM_Motor_CAN_Ctrl7GetDataEv  message_task.o
    0x0801029c   0x0801029c   0x00000064   Code   RO         9176    i._ZN17DM_Motor_CAN_CtrlC1EP19FDCAN_HandleTypeDefjffffffffff  app_motor.o
    0x08010300   0x08010300   0x0000000a   Code   RO         8144    i._ZN19Correspondence_ctrl11Corres_InitEv  correspond_task.o
    0x0801030a   0x0801030a   0x00000002   PAD
    0x0801030c   0x0801030c   0x00000034   Code   RO         8145    i._ZN19Correspondence_ctrl11Corres_SendEv  correspond_task.o
    0x08010340   0x08010340   0x000001ac   Code   RO         8146    i._ZN19Correspondence_ctrl15Corres_FeedbackEv  correspond_task.o
    0x080104ec   0x080104ec   0x00000138   Code   RO         8200    i._ZN19Correspondence_ctrlC1Ev  correspond_task.o
    0x08010624   0x08010624   0x00000014   Code   RO         8081    i._ZN20Gimbal_Minor_Motor_tC1Ev  gimbal_task.o
    0x08010638   0x08010638   0x00000014   Code   RO         8087    i._ZN20Gimbal_Minor_Motor_tD1Ev  gimbal_task.o
    0x0801064c   0x0801064c   0x000000b6   Code   RO         8194    i._ZN27kalman_filter_init_t_matrixC1ER13Matrix_kalmanS1_S1_S1_S1_  correspond_task.o
    0x08010702   0x08010702   0x00000042   Code   RO         9685    i._ZN6Buffer11Buffer_ReadEP10RingBufferPh  drivers_buffer.o
    0x08010744   0x08010744   0x00000038   Code   RO         9689    i._ZN6Buffer12Buffer_WriteEP10RingBufferh  drivers_buffer.o
    0x0801077c   0x0801077c   0x00000034   Code   RO         9690    i._ZN6Buffer9newBufferEP10RingBuffert  drivers_buffer.o
    0x080107b0   0x080107b0   0x00000090   Code   RO         9468    i._ZN7CANctrl10IRQHandlerEP19FDCAN_HandleTypeDefj  dev_can.o
    0x08010840   0x08010840   0x00000004   Code   RO         9469    i._ZN7CANctrl15attachInterruptEPFvP8CanRxMsgE  dev_can.o
    0x08010844   0x08010844   0x0000001a   Code   RO         9470    i._ZN7CANctrl4readEv  dev_can.o
    0x0801085e   0x0801085e   0x00000004   Code   RO         9471    i._ZN7CANctrl8ChangeIDEt  dev_can.o
    0x08010862   0x08010862   0x00000030   Code   RO         9472    i._ZN7CANctrl8SendDataEPKvh  dev_can.o
    0x08010892   0x08010892   0x00000020   Code   RO         9473    i._ZN7CANctrl9availableEv  dev_can.o
    0x080108b2   0x080108b2   0x00000020   Code   RO         9474    i._ZN7CANctrlC1EP19FDCAN_HandleTypeDefj  dev_can.o
    0x080108d2   0x080108d2   0x0000011c   Code   RO         9042    i._ZN8CAN_Ctrl15DM_MIT_SendDataEP17DM_Motor_CAN_Ctrlfffff  app_motor.o
    0x080109ee   0x080109ee   0x00000020   Code   RO         9043    i._ZN8CAN_Ctrl15DM_Motor_EnableEP17DM_Motor_CAN_Ctrl  app_motor.o
    0x08010a0e   0x08010a0e   0x00000020   Code   RO         9046    i._ZN8CAN_Ctrl20DM_Motor_clear_errorEP17DM_Motor_CAN_Ctrl  app_motor.o
    0x08010a2e   0x08010a2e   0x0000006a   Code   RO         9050    i._ZN8CAN_Ctrl8SendDataEP14Motor_CAN_Ctrlssss  app_motor.o
    0x08010a98   0x08010a98   0x00000068   Code   RO         9051    i._ZN8CAN_Ctrl8SendDataEP19FDCAN_HandleTypeDefjPKvh  app_motor.o
    0x08010b00   0x08010b00   0x00000044   Code   RO         9052    i._ZN8CAN_Ctrl8SendDataEP19FDCAN_HandleTypeDefth  app_motor.o
    0x08010b44   0x08010b44   0x00000024   Code   RO         9053    i._ZN8CAN_Ctrl8SendDataEP7CANctrljPKvh  app_motor.o
    0x08010b68   0x08010b68   0x000000ec   Code   RO         9194    i._ZN8CAN_CtrlC1Ev  app_motor.o
    0x08010c54   0x08010c54   0x00000258   Code   RO        10519    i._ZN8PID_Ctrl4CalcEP11sPidTypeDefff  algorithm_pid.o
    0x08010eac   0x08010eac   0x00000022   Code   RO        10521    i._ZN8PID_Ctrl4InitEP11sPidTypeDef7PidModeffffff  algorithm_pid.o
    0x08010ece   0x08010ece   0x00000002   PAD
    0x08010ed0   0x08010ed0   0x0000004c   Code   RO        10523    i._ZN8PID_Ctrl5ClearEP11sPidTypeDef  algorithm_pid.o
    0x08010f1c   0x08010f1c   0x0000007e   Code   RO         8542    i._ZN8rc_key_c12rc_key_v_setEP9RC_ctrl_t  message_task.o
    0x08010f9a   0x08010f9a   0x0000000e   Code   RO         8543    i._ZN8rc_key_c13read_key_evenEP13count_num_key  message_task.o
    0x08010fa8   0x08010fa8   0x00000018   Code   RO         8544    i._ZN8rc_key_c13read_key_evenEP13count_num_keyPb  message_task.o
    0x08010fc0   0x08010fc0   0x00000020   Code   RO         8545    i._ZN8rc_key_c13sum_key_countEsP13count_num_key  message_task.o
    0x08010fe0   0x08010fe0   0x00000018   Code   RO         8547    i._ZN8rc_key_c15read_key_singleEP13count_num_key  message_task.o
    0x08010ff8   0x08010ff8   0x0000002c   Code   RO         8548    i._ZN8rc_key_c15read_key_singleEP13count_num_keyPb  message_task.o
    0x08011024   0x08011024   0x0000002a   Code   RO         8549    i._ZN8rc_key_c8read_keyEP13count_num_key11key_count_ePb  message_task.o
    0x0801104e   0x0801104e   0x0000003c   Code   RO         8550    i._ZN8rc_key_c8read_keyEP13count_num_key11key_count_eb  message_task.o
    0x0801108a   0x0801108a   0x0000003c   Code   RO         9762    i._ZN9Statistic15Rate_Do_ExecuteEt  drivers_statistic.o
    0x080110c6   0x080110c6   0x00000002   PAD
    0x080110c8   0x080110c8   0x00000060   Code   RO         9763    i._ZN9Statistic16Statistic_UpdateEj  drivers_statistic.o
    0x08011128   0x08011128   0x00000018   Code   RO         8069    i._ZSt3cosf         gimbal_task.o
    0x08011140   0x08011140   0x00000018   Code   RO         7424    i._ZSt4sqrtf        chassis_task.o
    0x08011158   0x08011158   0x00000008   Code   RO        11335    i._Znaj             cpprt_w.l(array_new.o)
    0x08011160   0x08011160   0x00000028   Code   RO        11339    i._Znwj             cpprt_w.l(new.o)
    0x08011188   0x08011188   0x00000010   Code   RO         1815    i.__NVIC_GetPriorityGrouping  stm32h7xx_hal_cortex.o
    0x08011198   0x08011198   0x00000028   Code   RO         1816    i.__NVIC_SetPriority  stm32h7xx_hal_cortex.o
    0x080111c0   0x080111c0   0x00000024   Code   RO        11343    i.__aeabi_vec_ctor_nocookie_nodtor  cpprt_w.l(aeabi_vec_ctor_nocookie_nodtor.o)
    0x080111e4   0x080111e4   0x00000006   Code   RO         6659    i.__get_IPSR        cmsis_os2.o
    0x080111ea   0x080111ea   0x00000002   PAD
    0x080111ec   0x080111ec   0x00000150   Code   RO        11373    i.__hardfp_cosf     m_wv.l(cosf.o)
    0x0801133c   0x0801133c   0x0000003a   Code   RO        11385    i.__hardfp_sqrtf    m_wv.l(sqrtf_full.o)
    0x08011376   0x08011376   0x00000006   Code   RO        11514    i.__mathlib_flt_infnan  m_wv.l(funder.o)
    0x0801137c   0x0801137c   0x00000010   Code   RO        11516    i.__mathlib_flt_invalid  m_wv.l(funder.o)
    0x0801138c   0x0801138c   0x00000154   Code   RO        11527    i.__mathlib_rredf2  m_wv.l(rredf.o)
    0x080114e0   0x080114e0   0x0000003c   Code   RO         9475    i.__sti___11_dev_can_cpp_06246a71  dev_can.o
    0x0801151c   0x0801151c   0x00000010   Code   RO         9054    i.__sti___13_app_motor_cpp_CAN_Cmd  app_motor.o
    0x0801152c   0x0801152c   0x00000020   Code   RO         8897    i.__sti___14_app_serial_cpp_b352d478  app_serial.o
    0x0801154c   0x0801154c   0x00000090   Code   RO         9570    i.__sti___14_dev_serial_cpp_b5a91d4d  dev_serial.o
    0x080115dc   0x080115dc   0x00000020   Code   RO         7952    i.__sti___15_Gimbal_Task_cpp_Gimbal  gimbal_task.o
    0x080115fc   0x080115fc   0x0000000c   Code   RO         8808    i.__sti___15_UIDraw_Task_cpp_UIDraw  uidraw_task.o
    0x08011608   0x08011608   0x00000020   Code   RO         7329    i.__sti___16_Chassis_Task_cpp_Chassis  chassis_task.o
    0x08011628   0x08011628   0x00000010   Code   RO         8551    i.__sti___16_Message_Task_cpp_Message  message_task.o
    0x08011638   0x08011638   0x00000010   Code   RO         8147    i.__sti___19_Correspond_Task_cpp_Corres  correspond_task.o
    0x08011648   0x08011648   0x00000058   Code   RO           17    i.main              main.o
    0x080116a0   0x080116a0   0x0000001e   Code   RO         6660    i.osDelay           cmsis_os2.o
    0x080116be   0x080116be   0x00000002   PAD
    0x080116c0   0x080116c0   0x0000002c   Code   RO         6674    i.osKernelInitialize  cmsis_os2.o
    0x080116ec   0x080116ec   0x00000060   Code   RO         6677    i.osKernelStart     cmsis_os2.o
    0x0801174c   0x0801174c   0x000000b8   Code   RO         6719    i.osThreadNew       cmsis_os2.o
    0x08011804   0x08011804   0x0000007c   Code   RO         6097    i.prvAddCurrentTaskToDelayedList  tasks.o
    0x08011880   0x08011880   0x000000b8   Code   RO         6098    i.prvAddNewTaskToReadyList  tasks.o
    0x08011938   0x08011938   0x00000074   Code   RO         6473    i.prvCheckForValidListAndQueue  timers.o
    0x080119ac   0x080119ac   0x00000048   Code   RO         6099    i.prvCheckTasksWaitingTermination  tasks.o
    0x080119f4   0x080119f4   0x0000002a   Code   RO         5684    i.prvCopyDataFromQueue  queue.o
    0x08011a1e   0x08011a1e   0x0000007e   Code   RO         5685    i.prvCopyDataToQueue  queue.o
    0x08011a9c   0x08011a9c   0x00000050   Code   RO         6100    i.prvDeleteTCB      tasks.o
    0x08011aec   0x08011aec   0x00000028   Code   RO         6474    i.prvGetNextExpireTime  timers.o
    0x08011b14   0x08011b14   0x0000007c   Code   RO         7181    i.prvHeapInit       heap_4.o
    0x08011b90   0x08011b90   0x00000028   Code   RO         6101    i.prvIdleTask       tasks.o
    0x08011bb8   0x08011bb8   0x0000002a   Code   RO         5688    i.prvInitialiseNewQueue  queue.o
    0x08011be2   0x08011be2   0x000000be   Code   RO         6102    i.prvInitialiseNewTask  tasks.o
    0x08011ca0   0x08011ca0   0x00000068   Code   RO         6103    i.prvInitialiseTaskLists  tasks.o
    0x08011d08   0x08011d08   0x00000068   Code   RO         7182    i.prvInsertBlockIntoFreeList  heap_4.o
    0x08011d70   0x08011d70   0x00000058   Code   RO         6476    i.prvInsertTimerInActiveList  timers.o
    0x08011dc8   0x08011dc8   0x0000001a   Code   RO         5689    i.prvIsQueueEmpty   queue.o
    0x08011de2   0x08011de2   0x0000001e   Code   RO         5690    i.prvIsQueueFull    queue.o
    0x08011e00   0x08011e00   0x00000074   Code   RO         6477    i.prvProcessExpiredTimer  timers.o
    0x08011e74   0x08011e74   0x00000164   Code   RO         6478    i.prvProcessReceivedCommands  timers.o
    0x08011fd8   0x08011fd8   0x00000074   Code   RO         6479    i.prvProcessTimerOrBlockTask  timers.o
    0x0801204c   0x0801204c   0x00000034   Code   RO         6105    i.prvResetNextTaskUnblockTime  tasks.o
    0x08012080   0x08012080   0x0000002c   Code   RO         6480    i.prvSampleTimeNow  timers.o
    0x080120ac   0x080120ac   0x000000a4   Code   RO         6481    i.prvSwitchTimerLists  timers.o
    0x08012150   0x08012150   0x00000040   Code   RO         7237    i.prvTaskExitError  port.o
    0x08012190   0x08012190   0x0000001a   Code   RO         6482    i.prvTimerTask      timers.o
    0x080121aa   0x080121aa   0x0000007e   Code   RO         5691    i.prvUnlockQueue    queue.o
    0x08012228   0x08012228   0x0000014c   Code   RO         7183    i.pvPortMalloc      heap_4.o
    0x08012374   0x08012374   0x0000002c   Code   RO         7238    i.pxPortInitialiseStack  port.o
    0x080123a0   0x080123a0   0x000000da   Code   RO         9938    i.sbus_to_rc        protocol_dbus.o
    0x0801247a   0x0801247a   0x0000000a   Code   RO         9939    i.slove_RC_lost     protocol_dbus.o
    0x08012484   0x08012484   0x0000000a   Code   RO         9940    i.slove_data_error  protocol_dbus.o
    0x0801248e   0x0801248e   0x00000028   Code   RO         5644    i.uxListRemove      list.o
    0x080124b6   0x080124b6   0x00000002   PAD
    0x080124b8   0x080124b8   0x00000018   Code   RO         6731    i.vApplicationGetIdleTaskMemory  cmsis_os2.o
    0x080124d0   0x080124d0   0x00000018   Code   RO         6732    i.vApplicationGetTimerTaskMemory  cmsis_os2.o
    0x080124e8   0x080124e8   0x00000016   Code   RO         6733    i.vApplicationStackOverflowHook  cmsis_os2.o
    0x080124fe   0x080124fe   0x0000001a   Code   RO         5645    i.vListInitialise   list.o
    0x08012518   0x08012518   0x00000006   Code   RO         5646    i.vListInitialiseItem  list.o
    0x0801251e   0x0801251e   0x00000034   Code   RO         5647    i.vListInsert       list.o
    0x08012552   0x08012552   0x00000018   Code   RO         5648    i.vListInsertEnd    list.o
    0x0801256a   0x0801256a   0x00000002   PAD
    0x0801256c   0x0801256c   0x00000054   Code   RO         7240    i.vPortEnterCritical  port.o
    0x080125c0   0x080125c0   0x0000003c   Code   RO         7241    i.vPortExitCritical  port.o
    0x080125fc   0x080125fc   0x000000a4   Code   RO         7184    i.vPortFree         heap_4.o
    0x080126a0   0x080126a0   0x00000028   Code   RO         7242    i.vPortSetupTimerInterrupt  port.o
    0x080126c8   0x080126c8   0x00000078   Code   RO         7243    i.vPortValidateInterruptPriority  port.o
    0x08012740   0x08012740   0x0000002c   Code   RO         5697    i.vQueueAddToRegistry  queue.o
    0x0801276c   0x0801276c   0x0000004a   Code   RO         5701    i.vQueueWaitForMessageRestricted  queue.o
    0x080127b6   0x080127b6   0x00000002   PAD
    0x080127b8   0x080127b8   0x0000005c   Code   RO         6118    i.vTaskDelay        tasks.o
    0x08012814   0x08012814   0x00000018   Code   RO         6123    i.vTaskInternalSetTimeOutState  tasks.o
    0x0801282c   0x0801282c   0x0000000c   Code   RO         6124    i.vTaskMissedYield  tasks.o
    0x08012838   0x08012838   0x00000038   Code   RO         6126    i.vTaskPlaceOnEventList  tasks.o
    0x08012870   0x08012870   0x00000040   Code   RO         6127    i.vTaskPlaceOnEventListRestricted  tasks.o
    0x080128b0   0x080128b0   0x000000b8   Code   RO         6135    i.vTaskStartScheduler  tasks.o
    0x08012968   0x08012968   0x00000010   Code   RO         6137    i.vTaskSuspendAll   tasks.o
    0x08012978   0x08012978   0x000000ac   Code   RO         6138    i.vTaskSwitchContext  tasks.o
    0x08012a24   0x08012a24   0x00000168   Code   RO         7244    i.xPortStartScheduler  port.o
    0x08012b8c   0x08012b8c   0x00000034   Code   RO         7245    i.xPortSysTickHandler  port.o
    0x08012bc0   0x08012bc0   0x0000005a   Code   RO         5706    i.xQueueGenericCreate  queue.o
    0x08012c1a   0x08012c1a   0x000000e0   Code   RO         5707    i.xQueueGenericCreateStatic  queue.o
    0x08012cfa   0x08012cfa   0x00000002   PAD
    0x08012cfc   0x08012cfc   0x00000098   Code   RO         5708    i.xQueueGenericReset  queue.o
    0x08012d94   0x08012d94   0x000001a8   Code   RO         5709    i.xQueueGenericSend  queue.o
    0x08012f3c   0x08012f3c   0x000000fc   Code   RO         5710    i.xQueueGenericSendFromISR  queue.o
    0x08013038   0x08013038   0x00000168   Code   RO         5719    i.xQueueReceive     queue.o
    0x080131a0   0x080131a0   0x0000008c   Code   RO         6140    i.xTaskCheckForTimeOut  tasks.o
    0x0801322c   0x0801322c   0x00000064   Code   RO         6141    i.xTaskCreate       tasks.o
    0x08013290   0x08013290   0x000000ba   Code   RO         6142    i.xTaskCreateStatic  tasks.o
    0x0801334a   0x0801334a   0x00000002   PAD
    0x0801334c   0x0801334c   0x00000020   Code   RO         6146    i.xTaskGetSchedulerState  tasks.o
    0x0801336c   0x0801336c   0x0000000c   Code   RO         6147    i.xTaskGetTickCount  tasks.o
    0x08013378   0x08013378   0x00000144   Code   RO         6149    i.xTaskIncrementTick  tasks.o
    0x080134bc   0x080134bc   0x000000a4   Code   RO         6152    i.xTaskPriorityDisinherit  tasks.o
    0x08013560   0x08013560   0x00000098   Code   RO         6154    i.xTaskRemoveFromEventList  tasks.o
    0x080135f8   0x080135f8   0x00000104   Code   RO         6155    i.xTaskResumeAll    tasks.o
    0x080136fc   0x080136fc   0x00000078   Code   RO         6491    i.xTimerCreateTimerTask  timers.o
    0x08013774   0x08013774   0x00000084   Code   RO         6492    i.xTimerGenericCommand  timers.o
    0x080137f8   0x080137f8   0x00000030   Code   RO         7418    t._ZN6MatrixILi3ELi1EEC1IJfffEEEDpT_  chassis_task.o
    0x08013828   0x08013828   0x00000002   Code   RO         7454    t._ZN6MatrixILi3ELi1EED1Ev  chassis_task.o
    0x0801382a   0x0801382a   0x00000002   PAD
    0x0801382c   0x0801382c   0x00000094   Code   RO         7436    t._ZN6MatrixILi3ELi4EE11concat_fromIJS_ILi3ELi1EES2_S2_S2_EEES0_DpT_  chassis_task.o
    0x080138c0   0x080138c0   0x00000060   Code   RO         7448    t._ZN9ValidData7IsValidIfEEbT_  chassis_task.o
    0x08013920   0x08013920   0x0000001c   Code   RO         7430    t._ZN9ValidData9IsInvalidIfEEbT_  chassis_task.o
    0x0801393c   0x0801393c   0x0000000a   Code   RO        11720    x$fpl$fpinit        g_wv.l(fpinit.o)
    0x08013946   0x08013946   0x00000000   Code   RO        11510    x$fpl$usenofp       g_wv.l(usenofp.o)
    0x08013946   0x08013946   0x00000002   PAD
    0x08013948   0x08013948   0x000001f8   Data   RO          267    .constdata          freertos.o
    0x08013b40   0x08013b40   0x00000008   Data   RO         2689    .constdata          stm32h7xx_hal_dma.o
    0x08013b48   0x08013b48   0x0000005c   Data   RO         4413    .constdata          stm32h7xx_hal_fdcan.o
    0x08013ba4   0x08013ba4   0x00000018   Data   RO         5001    .constdata          stm32h7xx_hal_uart.o
    0x08013bbc   0x08013bbc   0x00000010   Data   RO         5372    .constdata          stm32h7xx_hal_uart_ex.o
    0x08013bcc   0x08013bcc   0x00000010   Data   RO         5481    .constdata          system_stm32h7xx.o
    0x08013bdc   0x08013bdc   0x00000300   Data   RO         9892    .constdata          protocol_crc.o
    0x08013edc   0x08013edc   0x00000804   Data   RO        11218    .constdata          arm_cortexM4lf_math.lib(arm_common_tables.o)
    0x080146e0   0x080146e0   0x00000020   Data   RO        11528    .constdata          m_wv.l(rredf.o)
    0x08014700   0x08014700   0x000000d3   Data   RO          268    .conststring        freertos.o
    0x080147d3   0x080147d3   0x00000001   PAD
    0x080147d4   0x080147d4   0x00000020   Data   RO        11842    Region$$Table       anon$$obj.o
    0x080147f4   0x080147f4   0x00000004   Data   RO         7346    .init_array         chassis_task.o
    0x080147f8   0x080147f4   0x00000004   Data   RO         7975    .init_array         gimbal_task.o
    0x080147fc   0x080147f4   0x00000004   Data   RO         8155    .init_array         correspond_task.o
    0x08014800   0x080147f4   0x00000004   Data   RO         8584    .init_array         message_task.o
    0x08014804   0x080147f4   0x00000004   Data   RO         8818    .init_array         uidraw_task.o
    0x08014808   0x080147f4   0x00000004   Data   RO         8911    .init_array         app_serial.o
    0x0801480c   0x080147f4   0x00000004   Data   RO         9076    .init_array         app_motor.o
    0x08014810   0x080147f4   0x00000004   Data   RO         9487    .init_array         dev_can.o
    0x08014814   0x080147f4   0x00000004   Data   RO         9587    .init_array         dev_serial.o
    0x08014818   0x080147f4   0x00000000   Data   RO        11330    .init_array         c_w.l(init_aeabi.o)


    Execution Region RW_IRAM1 (Exec base: 0x20000000, Load base: 0x08014818, Size: 0x00000000, Max: 0x00020000, ABSOLUTE)

    **** No section assigned to this execution region ****


    Execution Region RW_IRAM2 (Exec base: 0x24000000, Load base: 0x08014818, Size: 0x0000d308, Max: 0x00050000, ABSOLUTE, COMPRESSED[0x00000090])

    Exec Addr    Load Addr    Size         Type   Attr      Idx    E Section Name        Object

    0x24000000   COMPRESSED   0x00000054   Data   RW          269    .data               freertos.o
    0x24000054   COMPRESSED   0x00000010   Data   RW          345    .data               fdcan.o
    0x24000064   COMPRESSED   0x00000009   Data   RW         3421    .data               stm32h7xx_hal.o
    0x2400006d   COMPRESSED   0x00000003   PAD
    0x24000070   COMPRESSED   0x00000008   Data   RW         5482    .data               system_stm32h7xx.o
    0x24000078   COMPRESSED   0x0000003c   Data   RW         6158    .data               tasks.o
    0x240000b4   COMPRESSED   0x00000014   Data   RW         6500    .data               timers.o
    0x240000c8   COMPRESSED   0x00000004   Data   RW         6735    .data               cmsis_os2.o
    0x240000cc   COMPRESSED   0x00000020   Data   RW         7190    .data               heap_4.o
    0x240000ec   COMPRESSED   0x0000000c   Data   RW         7246    .data               port.o
    0x240000f8   COMPRESSED   0x0000002c   Data   RW         7345    .data               chassis_task.o
    0x24000124   COMPRESSED   0x00000034   Data   RW         7974    .data               gimbal_task.o
    0x24000158   COMPRESSED   0x00000042   Data   RW         8583    .data               message_task.o
    0x2400019a   COMPRESSED   0x00000002   PAD
    0x2400019c   COMPRESSED   0x00000011   Data   RW         8817    .data               uidraw_task.o
    0x240001ad   COMPRESSED   0x00000001   Data   RW         9429    .data               app_vofa.o
    0x240001ae   COMPRESSED   0x00000002   PAD
    0x240001b0   COMPRESSED   0x00000040   Data   RW         9815    .data               bsp_dwt.o
    0x240001f0   COMPRESSED   0x00000002   Data   RW         9893    .data               protocol_crc.o
    0x240001f2   COMPRESSED   0x00000002   PAD
    0x240001f4   COMPRESSED   0x000000ac   Data   RW        10019    .data               protocol_judgement.o
    0x240002a0   COMPRESSED   0x00000005   Data   RW        10541    .data               algorithm_pid.o
    0x240002a5   COMPRESSED   0x00000003   PAD
    0x240002a8   COMPRESSED   0x00000020   Data   RW        10727    .data               chassis_power_control.o
    0x240002c8        -       0x000001e0   Zero   RW          344    .bss                fdcan.o
    0x240004a8        -       0x0000015c   Zero   RW          400    .bss                tim.o
    0x24000604        -       0x00000794   Zero   RW          461    .bss                usart.o
    0x24000d98        -       0x0000004c   Zero   RW          728    .bss                stm32h7xx_hal_timebase_tim.o
    0x24000de4        -       0x00000040   Zero   RW         5723    .bss                queue.o
    0x24000e24        -       0x000004c4   Zero   RW         6157    .bss                tasks.o
    0x240012e8        -       0x00000118   Zero   RW         6499    .bss                timers.o
    0x24001400        -       0x000006b8   Zero   RW         6734    .bss                cmsis_os2.o
    0x24001ab8        -       0x00003c00   Zero   RW         7189    .bss                heap_4.o
    0x240056b8        -       0x000004b0   Zero   RW         7344    .bss                chassis_task.o
    0x24005b68        -       0x000009cc   Zero   RW         7972    .bss                gimbal_task.o
    0x24006534        -       0x00000330   Zero   RW         8153    .bss                correspond_task.o
    0x24006864        -       0x00000288   Zero   RW         8307    .bss                guard_task.o
    0x24006aec        -       0x00000308   Zero   RW         8582    .bss                message_task.o
    0x24006df4   COMPRESSED   0x00000004   PAD
    0x24006df8        -       0x000000a0   Zero   RW         8816    .bss                uidraw_task.o
    0x24006e98        -       0x0000011c   Zero   RW         8909    .bss                app_serial.o
    0x24006fb4        -       0x00000098   Zero   RW         9074    .bss                app_motor.o
    0x2400704c        -       0x00000090   Zero   RW         9221    .bss                app_preference.o
    0x240070dc        -       0x000047d0   Zero   RW         9253    .bss                app_rgb.o
    0x2400b8ac        -       0x00000168   Zero   RW         9485    .bss                dev_can.o
    0x2400ba14        -       0x0000008c   Zero   RW         9586    .bss                dev_serial.o
    0x2400baa0        -       0x00000016   Zero   RW         9947    .bss                protocol_dbus.o
    0x2400bab6        -       0x000000a8   Zero   RW        10018    .bss                protocol_judgement.o
    0x2400bb5e        -       0x00000349   Zero   RW        10081    .bss                protocol_ui.o
    0x2400bea7   COMPRESSED   0x00000001   PAD
    0x2400bea8        -       0x00000060   Zero   RW        11533    .bss                c_w.l(libspace.o)
    0x2400bf08        -       0x00001000   Zero   RW            2    HEAP                startup_stm32h723xx.o
    0x2400cf08        -       0x00000400   Zero   RW            1    STACK               startup_stm32h723xx.o


==============================================================================

Image component sizes


      Code (inc. data)   RO Data    RW Data    ZI Data      Debug   Object Name

         0          0          0          0          0       1224   algorithm_kalman.o
       710         10          0          5          0       6554   algorithm_pid.o
        42          0          0          0          0        713   algorithm_user_lib.o
      1412        142          4          0        152      25235   app_motor.o
        24          6          0          0        144      12830   app_preference.o
       186         16          0          0      18384       2933   app_rgb.o
      2066        194          4          0        284      17921   app_serial.o
       252          6          0          1          0       3474   app_vofa.o
       520        102          0         64          0       4274   bsp_dwt.o
       408         34          0         32          0    1001158   chassis_power_control.o
      4918        238          4         44       1200    1077322   chassis_task.o
       452         38          0          4       1720      57483   cmsis_os2.o
      1142         78          4          0        816      27947   correspond_task.o
       442         52          4          0        360      18148   dev_can.o
       986        244          4          0        140       9083   dev_serial.o
       240          6          0          0          0       1006   dma.o
       174          0          0          0          0       4596   drivers_buffer.o
       156          4          0          0          0       3264   drivers_statistic.o
         0          0          0          0          0      19384   event_groups.o
       976         56          0         16        480       3889   fdcan.o
       506        198        715         84          0       6383   freertos.o
      4746        298          4         52       2508      35971   gimbal_task.o
       252         14          0          0          0       1179   gpio.o
       624         26          0          0        648     940496   guard_task.o
       724         74          0         32      15360       4995   heap_4.o
       148          0          0          0          0       3706   list.o
       372         10          0          0          0    1226823   main.o
      4030        302          4         66        776      29027   message_task.o
      1014         92          0         12          0      11849   port.o
       282         20        768          2          0       5164   protocol_crc.o
       884         16          0          0         22       5954   protocol_dbus.o
       460         26          0        172        168      10097   protocol_judgement.o
      1124         38          0          0        841    1003318   protocol_ui.o
      2012         20          0          0         64      18574   queue.o
        10          0          0          0          0       2222   rtossystem_task.o
        64         26        716          0       5120        848   startup_stm32h723xx.o
       132         30          0          9          0      22422   stm32h7xx_hal.o
       258         22          0          0          0      39290   stm32h7xx_hal_cortex.o
      8650        164          8          0          0      13474   stm32h7xx_hal_dma.o
      3532         54         92          0          0      22525   stm32h7xx_hal_fdcan.o
       508         50          0          0          0       2248   stm32h7xx_hal_gpio.o
        48          6          0          0          0        946   stm32h7xx_hal_msp.o
        96          6          0          0          0        777   stm32h7xx_hal_pwr_ex.o
      3496        120          0          0          0       7633   stm32h7xx_hal_rcc.o
      5140        112          0          0          0       7377   stm32h7xx_hal_rcc_ex.o
      4146        362          0          0          0      22971   stm32h7xx_hal_tim.o
       234         38          0          0          0       3320   stm32h7xx_hal_tim_ex.o
       148         20          0          0         76       1611   stm32h7xx_hal_timebase_tim.o
      6142        220         24          0          0      41707   stm32h7xx_hal_uart.o
       360         10         16          0          0       5594   stm32h7xx_hal_uart_ex.o
       482        110          0          0          0      13069   stm32h7xx_it.o
         0          0          0          0          0       9424   stream_buffer.o
       224         32         16          8          0       1406   system_stm32h7xx.o
      2836        344          0         60       1220      27666   tasks.o
       940         70          0          0        348       4360   tim.o
      1318        124          0         20        280      30499   timers.o
      3116        164          4         17        160      11359   uidraw_task.o
      2104        156          0          0       1940       5872   usart.o

    ----------------------------------------------------------------------
     76344       4600       2424        712      53216    5900594   Object Totals
         0          0         32          0          0          0   (incl. Generated)
        76          0          1         12          5          0   (incl. Padding)

    ----------------------------------------------------------------------

      Code (inc. data)   RO Data    RW Data    ZI Data      Debug   Library Member Name

         0          0       2052          0          0       4636   arm_common_tables.o
       120         12          0          0          0      16970   arm_cos_f32.o
       116         12          0          0          0        658   arm_sin_f32.o
        90          0          0          0          0          0   __dczerorl2.o
         8          0          0          0          0         68   __main.o
         0          0          0          0          0          0   __rtentry.o
        12          0          0          0          0          0   __rtentry2.o
         6          0          0          0          0          0   __rtentry4.o
        52          8          0          0          0          0   __scatter.o
        28          0          0          0          0          0   __scatter_zi.o
        22          0          0          0          0        100   _rserrno.o
        22          0          0          0          0         80   abort.o
        46          0          0          0          0         84   aeabi_atexit.o
        16          0          0          0          0         68   aeabi_memset.o
        66          0          0          0          0         84   cxa_finalize.o
        48         34          0          0          0         76   defsig_abrt_inner.o
        14          0          0          0          0         80   defsig_abrt_outer.o
        10          0          0          0          0         68   defsig_exit.o
        50          0          0          0          0         88   defsig_general.o
        80         58          0          0          0         76   defsig_rtmem_inner.o
        14          0          0          0          0         80   defsig_rtmem_outer.o
        18          0          0          0          0         80   exit.o
        94          0          0          0          0         80   h1_alloc.o
        52          0          0          0          0         68   h1_extend.o
        78          0          0          0          0         80   h1_free.o
        14          0          0          0          0         84   h1_init.o
         6          0          0          0          0        152   heapauxi.o
         4          0          0          0          0        136   hguard.o
         0          0          0          0          0          0   indicate_semi.o
        36         10          0          0          0         80   init_aeabi.o
       138          0          0          0          0        168   init_alloc.o
         2          0          0          0          0          0   libinit.o
        18          0          0          0          0          0   libinit2.o
         2          0          0          0          0          0   libshutdown.o
         8          0          0          0          0          0   libshutdown2.o
         8          4          0          0         96         68   libspace.o
       238          0          0          0          0        100   lludivv7m.o
         0          0          0          0          0          0   maybetermalloc1.o
         8          4          0          0          0         68   rt_ddtor_pointer_addr_intlibspace.o
         8          4          0          0          0         68   rt_eh_globals_addr_intlibspace.o
         8          4          0          0          0         68   rt_errno_addr_intlibspace.o
         8          4          0          0          0         68   rt_heap_descriptor_intlibspace.o
        68          0          0          0          0         68   rt_memclr.o
        78          0          0          0          0         80   rt_memclr_w.o
       138          0          0          0          0         68   rt_memcpy_v6.o
       100          0          0          0          0         80   rt_memcpy_w.o
         8          4          0          0          0         68   rt_new_handler_addr_intlibspace.o
         2          0          0          0          0          0   rtexit.o
        10          0          0          0          0          0   rtexit2.o
        12          4          0          0          0         68   sys_exit.o
        74          0          0          0          0         80   sys_stackheap_outer.o
        14          0          0          0          0         76   sys_wrch.o
         2          0          0          0          0         68   use_no_semi.o
        36          0          0          0          0         84   aeabi_vec_ctor_nocookie_nodtor.o
        34          0          0          0          0         84   aeabi_vec_dtor_noexceptions.o
        80         12          0          0          0        104   arm_exceptions_globs.o
        60          0          0          0          0        108   arm_exceptions_mem.o
        26          0          0          0          0         76   arm_exceptions_terminate.o
         4          0          0          0          0         68   arm_newhandler_noexceptions.o
         8          0          0          0          0         76   array_new.o
        40          6          0          0          0         76   new.o
        10          0          0          0          0        116   fpinit.o
         0          0          0          0          0          0   usenofp.o
       336         60          0          0          0        136   cosf.o
        22          6          0          0          0        232   funder.o
       340         24         32          0          0        160   rredf.o
        58          0          0          0          0        136   sqrtf_full.o

    ----------------------------------------------------------------------
      3140        270       2084          0         96      26696   Library Totals
        12          0          0          0          0          0   (incl. Padding)

    ----------------------------------------------------------------------

      Code (inc. data)   RO Data    RW Data    ZI Data      Debug   Library Name

       236         24       2052          0          0      22264   arm_cortexM4lf_math.lib
      1838        138          0          0         96       2976   c_w.l
       288         18          0          0          0        676   cpprt_w.l
        10          0          0          0          0        116   g_wv.l
       756         90         32          0          0        664   m_wv.l

    ----------------------------------------------------------------------
      3140        270       2084          0         96      26696   Library Totals

    ----------------------------------------------------------------------

==============================================================================


      Code (inc. data)   RO Data    RW Data    ZI Data      Debug   

     79484       4870       4508        712      53312    5882358   Grand Totals
     79484       4870       4508        144      53312    5882358   ELF Image Totals (compressed)
     79484       4870       4508        144          0          0   ROM Totals

==============================================================================

    Total RO  Size (Code + RO Data)                83992 (  82.02kB)
    Total RW  Size (RW Data + ZI Data)             54024 (  52.76kB)
    Total ROM Size (Code + RO Data + RW Data)      84136 (  82.16kB)

==============================================================================

